=== date -u (start) ===
Sun Aug  2 09:29:05 UTC 2026
=== gcloud auth list (start) ===
     Credentialed Accounts
ACTIVE  ACCOUNT
*       ilyasbazarov4@gmail.com

To set the active account, run:
    $ gcloud config set account `ACCOUNT`

=== marts.customer_invoices_ar — SUM(invoice_count), доп. к шагу 2 (число счетов, не число строк-групп) ===
[
  {
    "n_groups": "546", 
    "n_invoices_total": "4058"
  }
]
=== date -u (end) ===
Sun Aug  2 09:29:08 UTC 2026
=== gcloud auth list (end) ===
     Credentialed Accounts
ACTIVE  ACCOUNT
*       ilyasbazarov4@gmail.com

To set the active account, run:
    $ gcloud config set account `ACCOUNT`

