=== date -u (начало) ===
Sat Aug  1 10:53:40 UTC 2026
=== gcloud auth list (начало) ===
     Credentialed Accounts
ACTIVE  ACCOUNT
*       ilyasbazarov4@gmail.com

To set the active account, run:
    $ gcloud config set account `ACCOUNT`

=== токен прочитан, длина: 40 символов ===
=== report/profit/byproduct, май-2026 ===
byproduct_may: meta.size=279, offset финальный=300
byproduct_may: сумма sellSum (сырые единицы API) = 9323420580.10
byproduct_may: сумма returnSum (сырые единицы API) = 57000.00
=== report/profit/bycounterparty, май-2026 (контроль согласованности) ===
bycounterparty_may: meta.size=64, offset финальный=100
bycounterparty_may: сумма sellSum (сырые единицы API) = 9323420580.10
bycounterparty_may: сумма returnSum (сырые единицы API) = 57000.00
=== спот-проверка масштаба единиц: entity/demand.sum (минорные единицы) за май-2026 ===
entity/demand.sum сумма (минорные единицы, /100 = KGS если валюта документа KGS) = 52647606.84
=== BigQuery: core.fact_sales_profit май-2026 ===
[
  {
    "n_rows": "1363", 
    "return_sum_kgs": "0.0", 
    "revenue_kgs": "9.352299553E7", 
    "sell_sum_kgs": "9.352299553E7"
  }
]
=== BigQuery: core.fact_returns май-2026 (уже снято step3c, повтор для полноты артефакта Шага 5) ===
[
  {
    "n_rows": "8", 
    "sum_kgs": "570.0"
  }
]
=== проверка token не в артефактах ===
0 совпадений — чисто
=== date -u (конец) ===
Sat Aug  1 10:53:57 UTC 2026
=== gcloud auth list (конец) ===
     Credentialed Accounts
ACTIVE  ACCOUNT
*       ilyasbazarov4@gmail.com

To set the active account, run:
    $ gcloud config set account `ACCOUNT`

