=== date -u (начало) ===
Sat Aug  1 10:48:35 UTC 2026
=== gcloud auth list (начало) ===
     Credentialed Accounts
ACTIVE  ACCOUNT
*       ilyasbazarov4@gmail.com

To set the active account, run:
    $ gcloud config set account `ACCOUNT`

=== токен прочитан, длина: 40 символов ===
=== q93_A_zero_window_api : momentFrom=2026-07-01 15:33:00 momentTo=2026-07-01 15:33:00 ===
meta.size:
11
id документа №00008 присутствует в rows:
true
moments в rows (если немного строк):
2026-07-01 15:33:00.000
2025-03-10 15:02:00.000
2025-01-20 15:49:00.000
2026-07-15 13:44:00.000
2026-07-22 12:39:00.000
2026-06-24 11:06:00.000
2025-04-10 14:21:00.000
2024-12-20 09:33:00.000
2025-01-20 09:11:00.000
2025-06-25 13:50:00.000
2026-07-22 15:26:00.000
=== q93_A_narrow_api : momentFrom=2026-07-01 15:32:00 momentTo=2026-07-01 15:34:00 ===
meta.size:
11
id документа №00008 присутствует в rows:
true
moments в rows (если немного строк):
2026-07-01 15:33:00.000
2025-03-10 15:02:00.000
2025-01-20 15:49:00.000
2026-07-15 13:44:00.000
2026-07-22 12:39:00.000
2026-06-24 11:06:00.000
2025-04-10 14:21:00.000
2024-12-20 09:33:00.000
2025-01-20 09:11:00.000
2025-06-25 13:50:00.000
2026-07-22 15:26:00.000
=== q93_B_shifted_plus3_zero : momentFrom=2026-07-01 18:33:00 momentTo=2026-07-01 18:33:00 ===
meta.size:
11
id документа №00008 присутствует в rows:
true
moments в rows (если немного строк):
2026-07-01 15:33:00.000
2025-03-10 15:02:00.000
2025-01-20 15:49:00.000
2026-07-15 13:44:00.000
2026-07-22 12:39:00.000
2026-06-24 11:06:00.000
2025-04-10 14:21:00.000
2024-12-20 09:33:00.000
2025-01-20 09:11:00.000
2025-06-25 13:50:00.000
2026-07-22 15:26:00.000
=== q93_B_shifted_plus3_narrow : momentFrom=2026-07-01 18:32:00 momentTo=2026-07-01 18:34:00 ===
meta.size:
11
id документа №00008 присутствует в rows:
true
moments в rows (если немного строк):
2026-07-01 15:33:00.000
2025-03-10 15:02:00.000
2025-01-20 15:49:00.000
2026-07-15 13:44:00.000
2026-07-22 12:39:00.000
2026-06-24 11:06:00.000
2025-04-10 14:21:00.000
2024-12-20 09:33:00.000
2025-01-20 09:11:00.000
2025-06-25 13:50:00.000
2026-07-22 15:26:00.000
=== q93_control_far : momentFrom=2026-07-01 10:00:00 momentTo=2026-07-01 10:01:00 ===
meta.size:
11
id документа №00008 присутствует в rows:
true
moments в rows (если немного строк):
2026-07-01 15:33:00.000
2025-03-10 15:02:00.000
2025-01-20 15:49:00.000
2026-07-15 13:44:00.000
2026-07-22 12:39:00.000
2026-06-24 11:06:00.000
2025-04-10 14:21:00.000
2024-12-20 09:33:00.000
2025-01-20 09:11:00.000
2025-06-25 13:50:00.000
2026-07-22 15:26:00.000
=== проверка token не в артефактах ===
0 совпадений — чисто
=== date -u (конец) ===
Sat Aug  1 10:48:41 UTC 2026
=== gcloud auth list (конец) ===
     Credentialed Accounts
ACTIVE  ACCOUNT
*       ilyasbazarov4@gmail.com

To set the active account, run:
    $ gcloud config set account `ACCOUNT`

