=== date -u (начало) ===
Sat Aug  1 10:55:55 UTC 2026
=== gcloud auth list (начало) ===
     Credentialed Accounts
ACTIVE  ACCOUNT
*       ilyasbazarov4@gmail.com

To set the active account, run:
    $ gcloud config set account `ACCOUNT`

токен прочитан, длина: 40
уникальные currency href:
1fb4954e-fa31-11ee-0a80-08920071069f
3ea7aa1b-2c68-11ef-0a80-117500188e00
9ac2585d-8036-11ef-0a80-0d7a00094bfe
=== токен не в артефактах ===
0 совпадений
=== date -u (конец) ===
Sat Aug  1 10:56:02 UTC 2026
     Credentialed Accounts
ACTIVE  ACCOUNT
*       ilyasbazarov4@gmail.com

To set the active account, run:
    $ gcloud config set account `ACCOUNT`

