=== UTC anchor (start) ===
Wed Aug 12 14:49:29 UTC 2026
=== gcloud auth (start) ===
     Credentialed Accounts
ACTIVE  ACCOUNT
*       ilyasbazarov4@gmail.com

To set the active account, run:
    $ gcloud config set account `ACCOUNT`

=== describe cf-facts ===
revision=cf-facts-00014-doh bucket=gcf-v2-sources-420804682491-asia-east1 object=cf-facts/function-source.zip generation=1786466307902184
Copying gs://gcf-v2-sources-420804682491-asia-east1/cf-facts/function-source.zip#1786466307902184 to file://./archive.zip
  
...........................
=== sha256 archive vs master (holika-prod) ===
helpers.py: archive=c1d5f0594a46f176dad33afffb3944fae378148cd7d27b0bd2c81230d020dd21 master=c1d5f0594a46f176dad33afffb3944fae378148cd7d27b0bd2c81230d020dd21 -> match
bq_ops.py: archive=3be740b767c52447d01e3c192887a968d9e3dbd742ed617d68c3ff40704487c0 master=e8bb06596bc64a22889890cff583a2d8ed8325ef4c5941d48a8769c2e18c90d8 -> MISMATCH
config.py: archive=475a785d68e276d3ca87c17f82106a2b6c41eb2132985285cb015c6bd0a9e7c9 master=56e77eff536ce8fe2a1c3a015c2633ed1317e8a9cbbd9729165d5a7af38de63a -> MISMATCH
main.py: archive=40fee8152969270b0a260196c26dd0cb7a95de2ca9ebfbb69f9e74667d1eb684 master=97b9ce3aa54085aab0739fd315890db22be8c837e829a9170ebce385ba6642d8 -> MISMATCH
fetch_perimeter.py: archive=07ddd1a01b7afa234bdb5db5003db6205f0bd0c6b26269fd0c267eae45d0e03b master=f609d5656fe6cf79941ffb3c904a122afabe2f5b7633a846a7f5ae713314275e -> MISMATCH
requirements.txt: archive=0c041a8d50f4731ad71aabcf678f388c13d8ba9af6ccb6548af9ccb6fc514051 master=0c041a8d50f4731ad71aabcf678f388c13d8ba9af6ccb6548af9ccb6fc514051 -> match
=== workdir path (printed, not cleaned — ADR-043) ===
/var/folders/2d/fj_bmvzx1sldh94_k8t1qz7w0000gn/T/tmp.howtmbBVSk
=== UTC anchor (end) ===
Wed Aug 12 14:49:41 UTC 2026
=== gcloud auth (end) ===
     Credentialed Accounts
ACTIVE  ACCOUNT
*       ilyasbazarov4@gmail.com

To set the active account, run:
    $ gcloud config set account `ACCOUNT`

