=== UTC anchor (start) ===
Wed Aug 12 14:46:50 UTC 2026
=== gcloud auth (start) ===
     Credentialed Accounts
ACTIVE  ACCOUNT
*       ilyasbazarov4@gmail.com

To set the active account, run:
    $ gcloud config set account `ACCOUNT`

=== GET entity/demand, filter moment 2026-05-24, limit=100 ===
=== counts ===
len(rows)=13
meta_size=13
invariant len(rows)==meta_size: True
=== UTC anchor (end) ===
Wed Aug 12 14:46:52 UTC 2026
=== gcloud auth (end) ===
     Credentialed Accounts
ACTIVE  ACCOUNT
*       ilyasbazarov4@gmail.com

To set the active account, run:
    $ gcloud config set account `ACCOUNT`

