=== UTC anchor (start) ===
Wed Aug 12 16:07:10 UTC 2026
=== gcloud auth (start) ===
     Credentialed Accounts
ACTIVE  ACCOUNT
*       ilyasbazarov4@gmail.com

To set the active account, run:
    $ gcloud config set account `ACCOUNT`

=== list workflows in project (identify hourly workflow name) ===
msklad-pipeline-hourly
msklad-pipeline-weekly
=== recent executions of hourly workflow (last 5) ===
NAME                                  STATE   START_TIME                      END_TIME
58620e72-5792-40ed-aabf-9510a0c35622  FAILED  2026-08-12T16:00:03.369268766Z  2026-08-12T16:05:32.033775823Z
e5d2aa3a-d148-4809-b018-3a76bce095a2  FAILED  2026-08-12T15:00:02.643197043Z  2026-08-12T15:05:49.738830874Z
7e43e3ed-437b-4447-97d9-56f5ccf839c0  FAILED  2026-08-12T14:00:03.416089546Z  2026-08-12T14:05:55.743781514Z
e9c9d7e6-0bdd-453b-b15b-91270c75b856  FAILED  2026-08-12T13:00:02.401337465Z  2026-08-12T13:06:12.191516528Z
e8efa898-2a29-46e2-8126-b487b7ef9af7  FAILED  2026-08-12T12:00:02.648776644Z  2026-08-12T12:06:48.417069974Z
=== full detail of most recent execution ===
{
  "argument": "{}",
  "createTime": "2026-08-12T16:00:03.369268766Z",
  "duration": "328.664507057s",
  "endTime": "2026-08-12T16:05:32.033775823Z",
  "error": {
    "context": "RuntimeError: \"DQ Gate failed — promote blocked\"\nin step \"raise_dq_failed\", routine \"main\", line: 130",
    "payload": "\"DQ Gate failed — promote blocked\"",
    "stackTrace": {
      "elements": [
        {
          "position": {
            "column": "19",
            "length": "5",
            "line": "130"
          },
          "routine": "main",
          "step": "raise_dq_failed"
        }
      ]
    }
  },
  "name": "projects/420804682491/locations/asia-east1/workflows/msklad-pipeline-hourly/executions/58620e72-5792-40ed-aabf-9510a0c35622",
  "startTime": "2026-08-12T16:00:03.369268766Z",
  "state": "FAILED",
  "status": {
    "currentSteps": [
      {
        "routine": "main",
        "step": "raise_dq_failed"
      }
    ]
  },
  "workflowRevisionId": "000004-5fc"
}
=== UTC anchor (end) ===
Wed Aug 12 16:07:22 UTC 2026
=== gcloud auth (end) ===
     Credentialed Accounts
ACTIVE  ACCOUNT
*       ilyasbazarov4@gmail.com

To set the active account, run:
    $ gcloud config set account `ACCOUNT`

