=== UTC anchor (start) ===
Wed Aug 12 17:34:27 UTC 2026
=== gcloud auth (start) ===
     Credentialed Accounts
ACTIVE  ACCOUNT
*       ilyasbazarov4@gmail.com

To set the active account, run:
    $ gcloud config set account `ACCOUNT`

=== 1) core.fact_sales_profit — по суткам, окно [today-7d; today] (Asia/Bishkek) ===
[
  {
    "n_rows": "156", 
    "total_revenue_kgs": "1.3160633908400001E7", 
    "transaction_date": "2026-08-05"
  }, 
  {
    "n_rows": "61", 
    "total_revenue_kgs": "1.305256276E7", 
    "transaction_date": "2026-08-06"
  }, 
  {
    "n_rows": "29", 
    "total_revenue_kgs": "1545319.55", 
    "transaction_date": "2026-08-07"
  }, 
  {
    "n_rows": "5", 
    "total_revenue_kgs": "157693.5", 
    "transaction_date": "2026-08-08"
  }, 
  {
    "n_rows": "10", 
    "total_revenue_kgs": "756396.9", 
    "transaction_date": "2026-08-09"
  }, 
  {
    "n_rows": "61", 
    "total_revenue_kgs": "2389082.8350000004", 
    "transaction_date": "2026-08-10"
  }, 
  {
    "n_rows": "24", 
    "total_revenue_kgs": "111738.6", 
    "transaction_date": "2026-08-11"
  }, 
  {
    "n_rows": "27", 
    "total_revenue_kgs": "1054231.4253999998", 
    "transaction_date": "2026-08-12"
  }
]
=== 2) stg_msklad.fact_sales_staging — по суткам, то же окно ===
[
  {
    "n_rows": "156", 
    "total_revenue_kgs": "1.31606339084E7", 
    "transaction_date": "2026-08-05"
  }, 
  {
    "n_rows": "61", 
    "total_revenue_kgs": "1.3052562760000002E7", 
    "transaction_date": "2026-08-06"
  }, 
  {
    "n_rows": "29", 
    "total_revenue_kgs": "1545319.55", 
    "transaction_date": "2026-08-07"
  }, 
  {
    "n_rows": "5", 
    "total_revenue_kgs": "157693.5", 
    "transaction_date": "2026-08-08"
  }, 
  {
    "n_rows": "10", 
    "total_revenue_kgs": "756396.9", 
    "transaction_date": "2026-08-09"
  }, 
  {
    "n_rows": "61", 
    "total_revenue_kgs": "2389082.835", 
    "transaction_date": "2026-08-10"
  }, 
  {
    "n_rows": "24", 
    "total_revenue_kgs": "111738.6", 
    "transaction_date": "2026-08-11"
  }, 
  {
    "n_rows": "138", 
    "total_revenue_kgs": "4240469.925799999", 
    "transaction_date": "2026-08-12"
  }
]
=== 3) расхождение живой таблицы со снимком snap_20260811_163306 (форма как в step3) ===
[
  {
    "missing_from_live": "34"
  }
]
=== UTC anchor (end) ===
Wed Aug 12 17:34:37 UTC 2026
=== gcloud auth (end) ===
     Credentialed Accounts
ACTIVE  ACCOUNT
*       ilyasbazarov4@gmail.com

To set the active account, run:
    $ gcloud config set account `ACCOUNT`

