=== UTC anchor (start) ===
Wed Aug 12 16:16:33 UTC 2026
=== gcloud auth (start) ===
     Credentialed Accounts
ACTIVE  ACCOUNT
*       ilyasbazarov4@gmail.com

To set the active account, run:
    $ gcloud config set account `ACCOUNT`

=== 1) staging: current content for 2026-08-11 (Asia/Bishkek) ===
[
  {
    "max_loaded_at": "2026-08-12 16:01:09", 
    "min_loaded_at": "2026-08-12 16:01:09", 
    "n_demands": "2", 
    "n_rows": "24", 
    "total_rev": "111738.6"
  }
]
=== 2) staging: is 2026-08-11 within the rolling 7-day window today? ===
[
  {
    "max_date": "2026-08-12", 
    "min_date": "2026-08-05", 
    "n_rows": "484"
  }
]
=== 3) core.fact_sales_profit: 2026-08-11 rows (post-restore state) ===
[
  {
    "n_rows": "24", 
    "total_rev": "111738.6"
  }
]
=== 4) МойСклад source: real document count for 2026-08-11 (Bishkek day, moment filter) ===
meta_size (source doc count, filtered): 2
rows returned this page: 2
=== UTC anchor (end) ===
Wed Aug 12 16:16:44 UTC 2026
=== gcloud auth (end) ===
     Credentialed Accounts
ACTIVE  ACCOUNT
*       ilyasbazarov4@gmail.com

To set the active account, run:
    $ gcloud config set account `ACCOUNT`

