=== UTC anchor (start) ===
Wed Aug 12 15:00:40 UTC 2026
=== gcloud auth (start) ===
     Credentialed Accounts
ACTIVE  ACCOUNT
*       ilyasbazarov4@gmail.com

To set the active account, run:
    $ gcloud config set account `ACCOUNT`

=== pulling pinned archive for cf-facts-00017-jon, generation=1786546688061530 ===
Copying gs://gcf-v2-sources-420804682491-asia-east1/cf-facts/function-source.zip#1786546688061530 to file://./archive.zip
  
...........................
=== archive file listing (junk check: *.bak, __pycache__, patch_*.py) ===
./bq_ops.py
./config.py
./deploy_and_workflow.sh
./fetch_byvariant.py
./fetch_demands.py
./fetch_perimeter.py
./fetch_purchases.py
./fetch_returns.py
./helpers.py
./main.py
./requirements.txt
=== sha256 archive vs deploy branch ===
branch HEAD: 543b6c1eea16b2ce6d3a8e0fc54722521c637255
helpers.py: archive=661cc5ae8feb2166977bca155d436009573c7b085a9fb358b349d8fd5663852d branch=661cc5ae8feb2166977bca155d436009573c7b085a9fb358b349d8fd5663852d -> match
bq_ops.py: archive=3be740b767c52447d01e3c192887a968d9e3dbd742ed617d68c3ff40704487c0 branch=3be740b767c52447d01e3c192887a968d9e3dbd742ed617d68c3ff40704487c0 -> match
config.py: archive=475a785d68e276d3ca87c17f82106a2b6c41eb2132985285cb015c6bd0a9e7c9 branch=475a785d68e276d3ca87c17f82106a2b6c41eb2132985285cb015c6bd0a9e7c9 -> match
main.py: archive=40fee8152969270b0a260196c26dd0cb7a95de2ca9ebfbb69f9e74667d1eb684 branch=40fee8152969270b0a260196c26dd0cb7a95de2ca9ebfbb69f9e74667d1eb684 -> match
fetch_perimeter.py: archive=07ddd1a01b7afa234bdb5db5003db6205f0bd0c6b26269fd0c267eae45d0e03b branch=07ddd1a01b7afa234bdb5db5003db6205f0bd0c6b26269fd0c267eae45d0e03b -> match
fetch_byvariant.py: archive=88e1a13881103e0faa5ec21a5a07ddd2fc83e9cc9eb4fb9fe67a0da25fb60ff1 branch=88e1a13881103e0faa5ec21a5a07ddd2fc83e9cc9eb4fb9fe67a0da25fb60ff1 -> match
fetch_demands.py: archive=b092863efa75346208ee4aa8aa7cde60be42024415638386f76ec6fc96bcf358 branch=b092863efa75346208ee4aa8aa7cde60be42024415638386f76ec6fc96bcf358 -> match
fetch_purchases.py: archive=159e498789168b0206beca15bf719e3541a2564ec93d786abec8ed7860befafb branch=159e498789168b0206beca15bf719e3541a2564ec93d786abec8ed7860befafb -> match
fetch_returns.py: archive=7f3dcefadb0de4782d9f09964f5c5baf5d423375406c1f6f2846356ddd663bd1 branch=7f3dcefadb0de4782d9f09964f5c5baf5d423375406c1f6f2846356ddd663bd1 -> match
requirements.txt: archive=0c041a8d50f4731ad71aabcf678f388c13d8ba9af6ccb6548af9ccb6fc514051 branch=0c041a8d50f4731ad71aabcf678f388c13d8ba9af6ccb6548af9ccb6fc514051 -> match
ALL_MATCH=1
=== diff vs previous revision (cf-facts-00011-mab archive, sha256 recorded earlier) ===
step2_readback.sh: line 38: helpers.py: syntax error: invalid arithmetic operator (error token is ".py")
files changed vs cf-facts-00011-mab: 0 (expected: 5)
=== workdir path (printed, not cleaned — ADR-043) ===
/var/folders/2d/fj_bmvzx1sldh94_k8t1qz7w0000gn/T/tmp.Hpu3mq9Ibe
=== UTC anchor (end) ===
Wed Aug 12 15:00:50 UTC 2026
=== gcloud auth (end) ===
     Credentialed Accounts
ACTIVE  ACCOUNT
*       ilyasbazarov4@gmail.com

To set the active account, run:
    $ gcloud config set account `ACCOUNT`

