=== date -u (start) ===
Thu Aug  6 18:32:54 UTC 2026
=== gcloud auth list (start) ===
     Credentialed Accounts
ACTIVE  ACCOUNT
*       ilyasbazarov4@gmail.com

To set the active account, run:
    $ gcloud config set account `ACCOUNT`

=== pre-run freshness core.fact_inventory ===
+---------------+---------------------+-----------+
| date_snapshot |    max_loaded_at    | row_count |
+---------------+---------------------+-----------+
|    2026-08-06 | 2026-08-05 21:00:04 |       304 |
|    2026-08-05 | 2026-08-04 21:00:04 |       326 |
|    2026-08-04 | 2026-08-03 21:00:04 |       303 |
|    2026-08-03 | 2026-08-02 21:00:04 |       313 |
|    2026-08-02 | 2026-08-01 21:00:03 |       314 |
+---------------+---------------------+-----------+
=== date -u (end) ===
Thu Aug  6 18:32:58 UTC 2026
=== gcloud auth list (end) ===
     Credentialed Accounts
ACTIVE  ACCOUNT
*       ilyasbazarov4@gmail.com

To set the active account, run:
    $ gcloud config set account `ACCOUNT`

