=== date -u (start) ===
Thu Aug  6 18:36:56 UTC 2026
=== gcloud auth list (start) ===
     Credentialed Accounts
ACTIVE  ACCOUNT
*       ilyasbazarov4@gmail.com

To set the active account, run:
    $ gcloud config set account `ACCOUNT`

offset=0 rows=299
TOTAL_ROWS=299
=== token leak check (token+grep one command) ===
0
0 matches outside raw response file (expected: token appears only in Authorization header of the request itself, never persisted to disk except possibly page bodies if echoed — verifying)
=== date -u (end) ===
Thu Aug  6 18:37:00 UTC 2026
=== gcloud auth list (end) ===
     Credentialed Accounts
ACTIVE  ACCOUNT
*       ilyasbazarov4@gmail.com

To set the active account, run:
    $ gcloud config set account `ACCOUNT`

