=== UTC ЯКОРЬ (начало) ===
Wed Aug  5 09:19:34 UTC 2026
=== ЛИЧНОСТЬ (начало) ===
     Credentialed Accounts
ACTIVE  ACCOUNT
*       ilyasbazarov4@gmail.com

=== Q6 какие сутки июля отсутствуют в ядре ===
[
  {
    "missing_day": "2026-07-06", 
    "weekday": "Monday"
  }
]

=== Q7 контрагенты корзины «менеджер не назначен», июль-2026 ===
[
  {
    "agent_id": "b3667c34-3ca3-11f0-0a80-15ce0025d38d", 
    "counterparty": "Асель Токтосунова @optovye_ceny01 0706552277", 
    "n_rows": "50", 
    "sum_revenue_kgs": "1812391.9"
  }, 
  {
    "agent_id": "1a011125-87c0-11ef-0a80-1568002f4385", 
    "counterparty": "Барно Душанбе +992 98 881 1811", 
    "n_rows": "15", 
    "sum_revenue_kgs": "112545.0"
  }, 
  {
    "agent_id": "1c56547b-87c0-11ef-0a80-1568002f4554", 
    "counterparty": "Якубова Фарзона +992 928247700", 
    "n_rows": "1", 
    "sum_revenue_kgs": "39312.0"
  }
]

=== Q8 канал продаж в разрезе менеджера (июль): где сидят 40 строк без канала ===
[
  {
    "channel": "(NULL)", 
    "manager": "Омурбекова Э. О.", 
    "n_rows": "39", 
    "sum_revenue_kgs": "445035.0"
  }, 
  {
    "channel": "(NULL)", 
    "manager": "Турдалиева А. М.", 
    "n_rows": "1", 
    "sum_revenue_kgs": "376488.0"
  }
]

=== UTC ЯКОРЬ (конец) ===
Wed Aug  5 09:19:43 UTC 2026
=== ЛИЧНОСТЬ (конец) ===
     Credentialed Accounts
ACTIVE  ACCOUNT
*       ilyasbazarov4@gmail.com
АРТЕФАКТЫ: reference/_scratch_PARITY-SALES-JULY-DIFF_2026-08-05
