=== date -u (start) ===
Tue Aug 18 07:21:24 UTC 2026
=== gcloud auth list (start) ===
     Credentialed Accounts
ACTIVE  ACCOUNT
*       ilyasbazarov4@gmail.com

To set the active account, run:
    $ gcloud config set account `ACCOUNT`

=== bq show --transfer_config (JSON) ===
rc=0
=== длины файлов (байт) ===
    2546 reference/_scratch_MARTS-STAMP-WEIGHTFLOW_2026-08-18/live_query_extracted_2026-08-18.sql
    2545 reference/sql/sq_marts_weight_flow.sql
    5091 total
=== diff (живой снимок vs снимок репо) ===
6c6
< -- Покрытие ~32.6% — растёт по мере заполнения weight в МойСкладе.
---
> -- Покрытие ~32.6% — растёт по мере заполнения weight в МойСклад.
54c54
< ORDER BY flow_date DESC, flow_direction;
\ No newline at end of file
---
> ORDER BY flow_date DESC, flow_direction;
diff rc=1
=== date -u (end) ===
Tue Aug 18 07:21:27 UTC 2026
=== gcloud auth list (end) ===
     Credentialed Accounts
ACTIVE  ACCOUNT
*       ilyasbazarov4@gmail.com

To set the active account, run:
    $ gcloud config set account `ACCOUNT`

