=== date -u (start) ===
Tue Aug 18 08:59:33 UTC 2026
=== gcloud auth list (start) ===
     Credentialed Accounts
ACTIVE  ACCOUNT
*       ilyasbazarov4@gmail.com

To set the active account, run:
    $ gcloud config set account `ACCOUNT`

=== bq show (схема таблицы) ===
rc=0
колонки: ['moment', 'month_start', 'week_start', 'year_num', 'year_month', 'payment_type', 'expense_item_id', 'expense_item_name', 'agent_id', 'agent_name', 'project_id', 'project_name', 'sales_channel_id', 'sales_channel_name', 'payment_count', 'total_sum_kgs', 'total_sum_usd', '_marts_built_at', '_source_max_loaded_at']
_marts_built_at в схеме: True
_source_max_loaded_at в схеме: True
=== bq query: непустота и значения двух колонок ===
rc=0
[
  {
    "built_at_nonnull": "3302", 
    "max_built_at": "2026-08-18 08:58:06", 
    "max_source_loaded": "2026-08-17 21:00:12", 
    "min_built_at": "2026-08-18 08:58:06", 
    "min_source_loaded": "2026-08-17 21:00:12", 
    "source_loaded_nonnull": "3302", 
    "total_rows": "3302"
  }
]
=== date -u (end) ===
Tue Aug 18 08:59:39 UTC 2026
=== gcloud auth list (end) ===
     Credentialed Accounts
ACTIVE  ACCOUNT
*       ilyasbazarov4@gmail.com

To set the active account, run:
    $ gcloud config set account `ACCOUNT`

