=== date -u (start) ===
Sun Aug  2 11:29:34 UTC 2026
=== gcloud auth list (start) ===
     Credentialed Accounts
ACTIVE  ACCOUNT
*       ilyasbazarov4@gmail.com

To set the active account, run:
    $ gcloud config set account `ACCOUNT`


=== COUNT(*) INFORMATION_SCHEMA.COLUMNS — dataset core ===
[
  {
    "n_columns": "183", 
    "n_tables": "15"
  }
]
=== full dump, max_rows=10000 — dataset core ===
rows written to columns_core_full.json: 183

=== COUNT(*) INFORMATION_SCHEMA.COLUMNS — dataset marts ===
[
  {
    "n_columns": "212", 
    "n_tables": "11"
  }
]
=== full dump, max_rows=10000 — dataset marts ===
rows written to columns_marts_full.json: 212
=== gcloud auth list (end) ===
     Credentialed Accounts
ACTIVE  ACCOUNT
*       ilyasbazarov4@gmail.com

To set the active account, run:
    $ gcloud config set account `ACCOUNT`

=== date -u (end) ===
Sun Aug  2 11:29:45 UTC 2026
