=== UTC anchor (start) ===
Mon Aug 17 21:26:24 UTC 2026
=== gcloud auth list (start) ===
     Credentialed Accounts
ACTIVE  ACCOUNT
*       ilyasbazarov4@gmail.com

To set the active account, run:
    $ gcloud config set account `ACCOUNT`

Already on 'deploy/cf-facts-2026-08-18-guard-fix-f3-v2'
HEAD ветки деплоя: 2770792f3f1f81ff8b0f155afcd60d35953ac208
=== push ветки в origin (владелец подтвердил в чате) ===
remote: 
remote: Create a pull request for 'deploy/cf-facts-2026-08-18-guard-fix-f3-v2' on GitHub by visiting:        
remote:      https://github.com/ilyasbazarov/holika-prod/pull/new/deploy/cf-facts-2026-08-18-guard-fix-f3-v2        
remote: 
To https://github.com/ilyasbazarov/holika-prod.git
 * [new branch]      deploy/cf-facts-2026-08-18-guard-fix-f3-v2 -> deploy/cf-facts-2026-08-18-guard-fix-f3-v2
=== gcloud functions deploy cf-facts, --source=/Users/ilyasbazarov/Desktop/msklad_project/holika/worktrees/SALES-REFRESH-WINDOW-GUARD-FIX-DEPLOY-2/reference/_scratch_SALES-REFRESH-WINDOW-GUARD-FIX-DEPLOY-2_2026-08-18/holika-prod/cf-facts ===
=== флаги сверены с живым describe ДО деплоя (step8_run.log), не угадываются ===
Preparing function...
.........done.
Updating function (may take a while)...
[Build]...............................................................................................................................................................................................................................................................................................................................................................................................................................................................................................................................................................................................................................................................................................................................................................................................................................done
[Service]................................................................................warning
Completed with warnings:
  [INFO] A new revision will be deployed serving with 0% traffic.
You can view your function in the Cloud Console here: https://console.cloud.google.com/functions/details/asia-east1/cf-facts?project=msklad-bi-prod

new revision: cf-facts-00019-tip
generation: 1787002011706032
update_time: 2026-08-17T21:28:19.920977392Z
=== traffic status сразу после деплоя ===
{'percent': 100, 'revisionName': 'cf-facts-00017-jon'}
=== UTC anchor (end) ===
Mon Aug 17 21:28:31 UTC 2026
=== gcloud auth list (end) ===
     Credentialed Accounts
ACTIVE  ACCOUNT
*       ilyasbazarov4@gmail.com

To set the active account, run:
    $ gcloud config set account `ACCOUNT`

