=== UTC anchor (start) ===
Mon Aug 17 21:22:47 UTC 2026
=== gcloud auth list (start) ===
     Credentialed Accounts
ACTIVE  ACCOUNT
*       ilyasbazarov4@gmail.com

To set the active account, run:
    $ gcloud config set account `ACCOUNT`

Already on 'deploy/cf-facts-2026-08-18-guard-fix-f3-v2'
=== П4a: git diff --stat против базы 543b6c1 (ожидание — ровно два файла) ===
 cf-facts/bq_ops.py | 124 +++++++++++++++++++++++++++++++----------------------
 cf-facts/main.py   |  52 +++++++++++++++++++---
 2 files changed, 119 insertions(+), 57 deletions(-)
FILE_COUNT=2
файлы:
cf-facts/bq_ops.py
cf-facts/main.py
=== П4b: .gcloudignore в cf-facts/ ===
.gcloudignore
.git
.gitignore
*.bak
__pycache__/
*.pyc
.DS_Store
src.zip
patch_*.py
=== П4c: сплошной поиск секретов по диффу против базы 543b6c1, печать совпавших строк ===
0 совпадений на слова token/secret/password/key/api_key
=== UTC anchor (end) ===
Mon Aug 17 21:22:48 UTC 2026
=== gcloud auth list (end) ===
     Credentialed Accounts
ACTIVE  ACCOUNT
*       ilyasbazarov4@gmail.com

To set the active account, run:
    $ gcloud config set account `ACCOUNT`

