=== UTC anchor (start) ===
Mon Aug 17 21:22:28 UTC 2026
=== gcloud auth list (start) ===
     Credentialed Accounts
ACTIVE  ACCOUNT
*       ilyasbazarov4@gmail.com

To set the active account, run:
    $ gcloud config set account `ACCOUNT`

doc-repo root: /Users/ilyasbazarov/Desktop/msklad_project/holika/worktrees/SALES-REFRESH-WINDOW-GUARD-FIX-DEPLOY-2
code-repo (scratch clone): /Users/ilyasbazarov/Desktop/msklad_project/holika/worktrees/SALES-REFRESH-WINDOW-GUARD-FIX-DEPLOY-2/reference/_scratch_SALES-REFRESH-WINDOW-GUARD-FIX-DEPLOY-2_2026-08-18/holika-prod
=== confirm frozen snapshot commits (doc-repo) ===
a5c6a36 docs: SALES-REFRESH-WINDOW-GUARD-FIX-PREP форма ф3-точная в bq_ops.py — верхний край предохранителя на MAX(_loaded_at), оба контроля числами
56d40c1 docs: SALES-REFRESH-WINDOW-GUARD-FIX-PREP2 обвязка run_started_at через main()/_run_promote/_run_perimeter_promote
=== copy exactly two files: bq_ops.py, main.py (no other files touched) ===
Already on 'deploy/cf-facts-2026-08-18-guard-fix-f3-v2'
=== git status before commit ===
 M cf-facts/bq_ops.py
 M cf-facts/main.py
=== git diff --stat against base 543b6c1 ===
 cf-facts/bq_ops.py | 124 +++++++++++++++++++++++++++++++----------------------
 cf-facts/main.py   |  52 +++++++++++++++++++---
 2 files changed, 119 insertions(+), 57 deletions(-)
=== local commit (not pushed) ===
[deploy/cf-facts-2026-08-18-guard-fix-f3-v2 2770792] cf-facts: guard-fix ф3/ф4 (a5c6a36/56d40c1) поверх базы 543b6c1
 2 files changed, 119 insertions(+), 57 deletions(-)
2770792f3f1f81ff8b0f155afcd60d35953ac208 cf-facts: guard-fix ф3/ф4 (a5c6a36/56d40c1) поверх базы 543b6c1
=== confirm branch NOT pushed to origin ===
=== UTC anchor (end) ===
Mon Aug 17 21:22:30 UTC 2026
=== gcloud auth list (end) ===
     Credentialed Accounts
ACTIVE  ACCOUNT
*       ilyasbazarov4@gmail.com

To set the active account, run:
    $ gcloud config set account `ACCOUNT`

