=== UTC anchor (start) ===
Mon Aug 17 21:21:03 UTC 2026
=== gcloud auth list (start) ===
     Credentialed Accounts
ACTIVE  ACCOUNT
*       ilyasbazarov4@gmail.com

To set the active account, run:
    $ gcloud config set account `ACCOUNT`

Already on 'deploy/cf-facts-2026-08-18-guard-fix-f3-v2'
=== П6: git merge-base --is-ancestor 543b6c1 <HEAD ветки деплоя> ===
HEAD ветки деплоя: 543b6c1eea16b2ce6d3a8e0fc54722521c637255
П6 РЕЗУЛЬТАТ: ИСТИНА — 543b6c1 является предком HEAD ветки деплоя
=== UTC anchor (end) ===
Mon Aug 17 21:21:03 UTC 2026
=== gcloud auth list (end) ===
     Credentialed Accounts
ACTIVE  ACCOUNT
*       ilyasbazarov4@gmail.com

To set the active account, run:
    $ gcloud config set account `ACCOUNT`

