=== UTC-якорь (начало) ===
Sat Aug  1 17:13:08 UTC 2026
=== личность вызывающего (начало) ===
     Credentialed Accounts
ACTIVE  ACCOUNT
*       ilyasbazarov4@gmail.com

To set the active account, run:
    $ gcloud config set account `ACCOUNT`


=== Запрос 1: строки-сироты (не тронуты прогоном 2026-07-19) ===
+------------------+---------------------+----------------------------------+--------------------------------------+-------------+
| transaction_date |     _loaded_at      |          transaction_id          |              product_id              | revenue_kgs |
+------------------+---------------------+----------------------------------+--------------------------------------+-------------+
|       2026-05-07 | 2026-05-14 03:01:59 | d564a1906e5fd33ca375200be5da039b | 6cb803a5-3311-11f1-0a80-13b00003c998 |    38351.04 |
|       2026-05-07 | 2026-05-14 03:01:59 | 606576a8890ee120b127c09a25cafdfd | 19141085-d591-11f0-0a80-17960004a107 |  59240.5185 |
|       2026-05-09 | 2026-05-14 17:02:21 | 40a28a8926d5110f8beb82e0a9952bca | f9245b8d-21dd-11f1-0a80-07f90008efb8 |    619752.0 |
|       2026-05-09 | 2026-05-14 17:02:21 | d257b8f9cca0c9e251ccfd052bfcc57b | f07d527a-71d1-11ef-0a80-17760032f515 |    843045.0 |
|       2026-05-26 | 2026-05-31 23:02:03 | 4c22df388e46d8141ba12fd1572f011c | 5ee8bcb6-4451-11f1-0a80-1ba100028ecc |      5400.0 |
|       2026-05-26 | 2026-05-31 23:02:03 | 8ece1fa6771e0271522dce7b263f9283 | 62f6a0f9-3d53-11f1-0a80-1bb9000687d4 |     30750.0 |
|       2026-05-26 | 2026-06-02 22:29:06 | a28436b786066e7a886db6b86d59eae8 | 247baadc-21e1-11f1-0a80-15030009f84e |    33701.25 |
+------------------+---------------------+----------------------------------+--------------------------------------+-------------+

=== Запрос 2: замороженная дата — разрез по суткам 26/31 мая после прогона 2026-07-19 ===
+------------------+--------+--------------------+
| transaction_date | n_rows |         s          |
+------------------+--------+--------------------+
|       2026-05-31 |      3 |           184266.0 |
|       2026-05-26 |     58 | 1404228.3056999992 |
+------------------+--------+--------------------+

=== личность вызывающего (конец) ===
     Credentialed Accounts
ACTIVE  ACCOUNT
*       ilyasbazarov4@gmail.com

To set the active account, run:
    $ gcloud config set account `ACCOUNT`

=== UTC-якорь (конец) ===
Sat Aug  1 17:13:16 UTC 2026
+------------------+--------+------------+
| transaction_date | n_rows |     s      |
+------------------+--------+------------+
|       2026-05-07 |      2 | 97591.5585 |
|       2026-05-09 |      2 |  1462797.0 |
|       2026-05-26 |      3 |   69851.25 |
+------------------+--------+------------+
