Fri Jul 31 13:05:06 UTC 2026
     Credentialed Accounts
ACTIVE  ACCOUNT
*       ilyasbazarov4@gmail.com

To set the active account, run:
    $ gcloud config set account `ACCOUNT`

[
  {
    "creation_time": "2026-06-05 08:48:29", 
    "dataset_id": "core", 
    "job_id": "bqjob_r15d696c9f4d48773_0000019e96f835a9_1", 
    "job_type": "QUERY", 
    "query_prefix": "CREATE TABLE IF NOT EXISTS `msklad-bi-prod.core.fact_customer_invoices`\n(\n  invoice_id        STRING    NOT NULL,\n  invoice_name      STRING,\n  moment            DATE,\n  agent_id          STRING,\n  agent_name        STRING,\n  state_id          STRING,\n  state_name        STRING,\n  sum_kgs           FLOAT64,\n  payed_sum_kgs     FLOAT64,\n  unpaid_sum_kgs    FLOAT64,\n  payment_planned   DATE,\n  sales_channel_id  STRING,\n  sales_channel_name STRING,\n  _loaded_at        TIMESTAMP\n);", 
    "statement_type": "CREATE_TABLE", 
    "table_id": "fact_customer_invoices", 
    "user_email": "ilyasbazarov4@gmail.com"
  }, 
  {
    "creation_time": "2026-06-05 09:07:07", 
    "dataset_id": "core", 
    "job_id": "9026b571-70bc-475d-84eb-06a393692929", 
    "job_type": "QUERY", 
    "query_prefix": "\nMERGE `msklad-bi-prod.core.fact_customer_invoices` T\nUSING `msklad-bi-prod.core.fact_customer_invoices_stg` S\nON T.invoice_id = S.invoice_id\nWHEN MATCHED THEN UPDATE SET\n  T.invoice_name       = S.invoice_name,\n  T.moment             = S.moment,\n  T.agent_id           = S.agent_id,\n  T.agent_name         = S.agent_name,\n  T.state_id           = S.state_id,\n  T.state_name         = S.state_name,\n  T.sum_kgs            = S.sum_kgs,\n  T.payed_sum_kgs      = S.payed_sum_kgs,\n  T.unpaid_sum_kgs     ", 
    "statement_type": "MERGE", 
    "table_id": "fact_customer_invoices", 
    "user_email": "ilyasbazarov4@gmail.com"
  }
]
     Credentialed Accounts
ACTIVE  ACCOUNT
*       ilyasbazarov4@gmail.com

To set the active account, run:
    $ gcloud config set account `ACCOUNT`

Fri Jul 31 13:05:12 UTC 2026
