Fri Jul 31 13:06:08 UTC 2026
     Credentialed Accounts
ACTIVE  ACCOUNT
*       ilyasbazarov4@gmail.com

To set the active account, run:
    $ gcloud config set account `ACCOUNT`

NAME                SERVICE_ACCOUNT_EMAIL
cf-alert            etl-sa@msklad-bi-prod.iam.gserviceaccount.com
cf-dim              etl-sa@msklad-bi-prod.iam.gserviceaccount.com
cf-dq               etl-sa@msklad-bi-prod.iam.gserviceaccount.com
cf-facts            etl-sa@msklad-bi-prod.iam.gserviceaccount.com
cf-finance          etl-sa@msklad-bi-prod.iam.gserviceaccount.com
cf-fx               etl-sa@msklad-bi-prod.iam.gserviceaccount.com
cf-inventory        etl-sa@msklad-bi-prod.iam.gserviceaccount.com
cf-loss-commission  etl-sa@msklad-bi-prod.iam.gserviceaccount.com
     Credentialed Accounts
ACTIVE  ACCOUNT
*       ilyasbazarov4@gmail.com

To set the active account, run:
    $ gcloud config set account `ACCOUNT`

Fri Jul 31 13:06:14 UTC 2026
