Fri Jul 31 13:06:40 UTC 2026
     Credentialed Accounts
ACTIVE  ACCOUNT
*       ilyasbazarov4@gmail.com

To set the active account, run:
    $ gcloud config set account `ACCOUNT`

[
  {
    "creation_time": "2026-06-05 09:07:05", 
    "dataset_id": "core", 
    "job_id": "fcd260f7-1fef-42ba-bfb1-101fd0f4b7ca", 
    "job_type": "LOAD", 
    "query_prefix": null, 
    "statement_type": null, 
    "table_id": "fact_customer_invoices_stg", 
    "user_email": "ilyasbazarov4@gmail.com"
  }
]
     Credentialed Accounts
ACTIVE  ACCOUNT
*       ilyasbazarov4@gmail.com

To set the active account, run:
    $ gcloud config set account `ACCOUNT`

Fri Jul 31 13:06:46 UTC 2026
