=== date -u (start) ===
Wed Aug 12 19:07:42 UTC 2026
=== gcloud auth list (start) ===
     Credentialed Accounts
ACTIVE  ACCOUNT
*       ilyasbazarov4@gmail.com

To set the active account, run:
    $ gcloud config set account `ACCOUNT`

=== gcloud storage cp serving revision archive (generation pinned) ===
Copying gs://gcf-v2-sources-420804682491-asia-east1/cf-dq/function-source.zip#1786372858921485 to file://./function-source.zip
  
..........................
=== sha256 of unpacked archive files ===
0e910907af0e4cb0a84ea43b5660b6e66d62932f9f5e059343f6e5e7c74e2d0b  unzipped/main.py
7a818364c78fdf21cb32d8ce52d54da0972a6de511d1f6023fb8ea812fc543b6  unzipped/config.py
0f335877c29d9c18c5e8d9617ab38768c6d2ba01986d178abaff92d4ce9dd146  unzipped/helpers.py
587133daa6a4c31e57bfd84c371ea4d6e0831e69ed66babf12c15dbebfd6b516  unzipped/requirements.txt
=== clone holika-prod master ===
Cloning into 'holika-prod'...
=== sha256 of master cf-dq/ ===
0e910907af0e4cb0a84ea43b5660b6e66d62932f9f5e059343f6e5e7c74e2d0b  holika-prod/cf-dq/main.py
7a818364c78fdf21cb32d8ce52d54da0972a6de511d1f6023fb8ea812fc543b6  holika-prod/cf-dq/config.py
0f335877c29d9c18c5e8d9617ab38768c6d2ba01986d178abaff92d4ce9dd146  holika-prod/cf-dq/helpers.py
587133daa6a4c31e57bfd84c371ea4d6e0831e69ed66babf12c15dbebfd6b516  holika-prod/cf-dq/requirements.txt
=== diff serving archive vs master (byte-level) ===
main.py IDENTICAL
config.py IDENTICAL
helpers.py IDENTICAL
requirements.txt IDENTICAL
=== gcloud auth list (end) ===
     Credentialed Accounts
ACTIVE  ACCOUNT
*       ilyasbazarov4@gmail.com

To set the active account, run:
    $ gcloud config set account `ACCOUNT`

=== date -u (end) ===
Wed Aug 12 19:07:54 UTC 2026
