=== date -u (start) ===
Wed Aug 12 19:15:02 UTC 2026
=== gcloud auth list (start) ===
     Credentialed Accounts
ACTIVE  ACCOUNT
*       ilyasbazarov4@gmail.com

To set the active account, run:
    $ gcloud config set account `ACCOUNT`

=== gcloud run services describe cf-dq (status.traffic after deploy) ===
status:
  latestReadyRevisionName: cf-dq-00009-coy
  traffic:
  - latestRevision: true
    percent: 100
    revisionName: cf-dq-00009-coy
=== gcloud storage cp new revision archive (generation pinned) ===
Copying gs://gcf-v2-sources-420804682491-asia-east1/cf-dq/function-source.zip#1786561996565446 to file://./function-source.zip
  
.........................
=== files in new archive ===
unzipped/config.py
unzipped/helpers.py
unzipped/main.py
unzipped/requirements.txt
=== sha256 of unpacked new archive files ===
477c216ceaa3623a2f254129673413e9697b50bcd263c2451bd0334eb5486e67  unzipped/main.py
360d0a195abc0bc53ad8bb59ce292bf6b7045486169fcc466dd4d6636ff0a756  unzipped/config.py
0f335877c29d9c18c5e8d9617ab38768c6d2ba01986d178abaff92d4ce9dd146  unzipped/helpers.py
587133daa6a4c31e57bfd84c371ea4d6e0831e69ed66babf12c15dbebfd6b516  unzipped/requirements.txt
=== diff new archive vs deploy branch ===
main.py IDENTICAL
config.py IDENTICAL
helpers.py IDENTICAL
requirements.txt IDENTICAL
=== gcloud auth list (end) ===
     Credentialed Accounts
ACTIVE  ACCOUNT
*       ilyasbazarov4@gmail.com

To set the active account, run:
    $ gcloud config set account `ACCOUNT`

=== date -u (end) ===
Wed Aug 12 19:15:14 UTC 2026
