[
  {
    "check_name": "currency_normalization", 
    "checked_at": "2026-08-12 19:02:14", 
    "detail": "avg_revenue_kgs=73169.21", 
    "passed": "true", 
    "run_id": "1786561202.3581266"
  }, 
  {
    "check_name": "drift_check", 
    "checked_at": "2026-08-12 19:02:14", 
    "detail": "yesterday_rev=4240470, ma7=4453347, ratio=0.95, threshold=0.1 (weekday), target_date=2026-08-12", 
    "passed": "true", 
    "run_id": "1786561202.3581266"
  }, 
  {
    "check_name": "fk_integrity", 
    "checked_at": "2026-08-12 19:02:14", 
    "detail": "orphan_product_ids=0", 
    "passed": "true", 
    "run_id": "1786561202.3581266"
  }, 
  {
    "check_name": "freshness", 
    "checked_at": "2026-08-12 19:02:14", 
    "detail": "max_date=2026-08-12, lag_days=1", 
    "passed": "true", 
    "run_id": "1786561202.3581266"
  }, 
  {
    "check_name": "margin_sanity", 
    "checked_at": "2026-08-12 19:02:14", 
    "detail": "bad_margin_rows=0 (core, last 7d)", 
    "passed": "true", 
    "run_id": "1786561202.3581266"
  }, 
  {
    "check_name": "not_empty", 
    "checked_at": "2026-08-12 19:02:14", 
    "detail": "staging_count=484", 
    "passed": "true", 
    "run_id": "1786561202.3581266"
  }, 
  {
    "check_name": "currency_normalization", 
    "checked_at": "2026-08-12 18:05:10", 
    "detail": "avg_revenue_kgs=73169.21", 
    "passed": "true", 
    "run_id": "1786557602.8170688"
  }, 
  {
    "check_name": "drift_check", 
    "checked_at": "2026-08-12 18:05:10", 
    "detail": "yesterday_rev=4240470, ma7=4453347, ratio=0.95, threshold=0.1 (weekday), target_date=2026-08-12", 
    "passed": "true", 
    "run_id": "1786557602.8170688"
  }, 
  {
    "check_name": "fk_integrity", 
    "checked_at": "2026-08-12 18:05:10", 
    "detail": "orphan_product_ids=0", 
    "passed": "true", 
    "run_id": "1786557602.8170688"
  }, 
  {
    "check_name": "freshness", 
    "checked_at": "2026-08-12 18:05:10", 
    "detail": "max_date=2026-08-12, lag_days=1", 
    "passed": "true", 
    "run_id": "1786557602.8170688"
  }, 
  {
    "check_name": "margin_sanity", 
    "checked_at": "2026-08-12 18:05:10", 
    "detail": "bad_margin_rows=0 (core, last 7d)", 
    "passed": "true", 
    "run_id": "1786557602.8170688"
  }, 
  {
    "check_name": "not_empty", 
    "checked_at": "2026-08-12 18:05:10", 
    "detail": "staging_count=484", 
    "passed": "true", 
    "run_id": "1786557602.8170688"
  }, 
  {
    "check_name": "currency_normalization", 
    "checked_at": "2026-08-12 17:05:22", 
    "detail": "avg_revenue_kgs=73169.21", 
    "passed": "true", 
    "run_id": "1786554002.315232"
  }, 
  {
    "check_name": "drift_check", 
    "checked_at": "2026-08-12 17:05:22", 
    "detail": "yesterday_rev=111739, ma7=5097826, ratio=0.02, threshold=0.1 (weekday), target_date=2026-08-11", 
    "passed": "false", 
    "run_id": "1786554002.315232"
  }, 
  {
    "check_name": "fk_integrity", 
    "checked_at": "2026-08-12 17:05:22", 
    "detail": "orphan_product_ids=0", 
    "passed": "true", 
    "run_id": "1786554002.315232"
  }, 
  {
    "check_name": "freshness", 
    "checked_at": "2026-08-12 17:05:22", 
    "detail": "max_date=2026-08-12, lag_days=0", 
    "passed": "true", 
    "run_id": "1786554002.315232"
  }, 
  {
    "check_name": "margin_sanity", 
    "checked_at": "2026-08-12 17:05:22", 
    "detail": "bad_margin_rows=0 (core, last 7d)", 
    "passed": "true", 
    "run_id": "1786554002.315232"
  }, 
  {
    "check_name": "not_empty", 
    "checked_at": "2026-08-12 17:05:22", 
    "detail": "staging_count=484", 
    "passed": "true", 
    "run_id": "1786554002.315232"
  }, 
  {
    "check_name": "currency_normalization", 
    "checked_at": "2026-08-12 16:05:31", 
    "detail": "avg_revenue_kgs=73169.21", 
    "passed": "true", 
    "run_id": "1786550403.465703"
  }, 
  {
    "check_name": "drift_check", 
    "checked_at": "2026-08-12 16:05:31", 
    "detail": "yesterday_rev=111739, ma7=5097826, ratio=0.02, threshold=0.1 (weekday), target_date=2026-08-11", 
    "passed": "false", 
    "run_id": "1786550403.465703"
  }, 
  {
    "check_name": "fk_integrity", 
    "checked_at": "2026-08-12 16:05:31", 
    "detail": "orphan_product_ids=0", 
    "passed": "true", 
    "run_id": "1786550403.465703"
  }, 
  {
    "check_name": "freshness", 
    "checked_at": "2026-08-12 16:05:31", 
    "detail": "max_date=2026-08-12, lag_days=0", 
    "passed": "true", 
    "run_id": "1786550403.465703"
  }, 
  {
    "check_name": "margin_sanity", 
    "checked_at": "2026-08-12 16:05:31", 
    "detail": "bad_margin_rows=0 (core, last 7d)", 
    "passed": "true", 
    "run_id": "1786550403.465703"
  }, 
  {
    "check_name": "not_empty", 
    "checked_at": "2026-08-12 16:05:31", 
    "detail": "staging_count=484", 
    "passed": "true", 
    "run_id": "1786550403.465703"
  }, 
  {
    "check_name": "currency_normalization", 
    "checked_at": "2026-08-12 15:05:49", 
    "detail": "avg_revenue_kgs=73169.21", 
    "passed": "true", 
    "run_id": "1786546802.7372653"
  }, 
  {
    "check_name": "drift_check", 
    "checked_at": "2026-08-12 15:05:49", 
    "detail": "yesterday_rev=111739, ma7=5097826, ratio=0.02, threshold=0.1 (weekday), target_date=2026-08-11", 
    "passed": "false", 
    "run_id": "1786546802.7372653"
  }, 
  {
    "check_name": "fk_integrity", 
    "checked_at": "2026-08-12 15:05:49", 
    "detail": "orphan_product_ids=0", 
    "passed": "true", 
    "run_id": "1786546802.7372653"
  }, 
  {
    "check_name": "freshness", 
    "checked_at": "2026-08-12 15:05:49", 
    "detail": "max_date=2026-08-12, lag_days=0", 
    "passed": "true", 
    "run_id": "1786546802.7372653"
  }, 
  {
    "check_name": "margin_sanity", 
    "checked_at": "2026-08-12 15:05:49", 
    "detail": "bad_margin_rows=0 (core, last 7d)", 
    "passed": "true", 
    "run_id": "1786546802.7372653"
  }, 
  {
    "check_name": "not_empty", 
    "checked_at": "2026-08-12 15:05:49", 
    "detail": "staging_count=484", 
    "passed": "true", 
    "run_id": "1786546802.7372653"
  }
]
