Mon Aug 10 11:30:56 UTC 2026
     Credentialed Accounts
ACTIVE  ACCOUNT
*       ilyasbazarov4@gmail.com

To set the active account, run:
    $ gcloud config set account `ACCOUNT`

=== explicit COUNT (not GROUP BY) for purchases order_date 2026-07-30..2026-08-05 ===
[
  {
    "n": "0"
  }
]
=== explicit COUNT for returns return_date 2026-07-28..2026-08-05 ===
[
  {
    "n": "0"
  }
]
=== fact_purchases order_date full distribution, last 30 days, explicit per-day (LEFT JOIN against a date spine to force zero rows to print) ===
[
  {
    "n": "40", 
    "order_date": "2026-07-25"
  }, 
  {
    "n": "0", 
    "order_date": "2026-07-26"
  }, 
  {
    "n": "0", 
    "order_date": "2026-07-27"
  }, 
  {
    "n": "0", 
    "order_date": "2026-07-28"
  }, 
  {
    "n": "0", 
    "order_date": "2026-07-29"
  }, 
  {
    "n": "0", 
    "order_date": "2026-07-30"
  }, 
  {
    "n": "0", 
    "order_date": "2026-07-31"
  }, 
  {
    "n": "0", 
    "order_date": "2026-08-01"
  }, 
  {
    "n": "0", 
    "order_date": "2026-08-02"
  }, 
  {
    "n": "0", 
    "order_date": "2026-08-03"
  }, 
  {
    "n": "0", 
    "order_date": "2026-08-04"
  }, 
  {
    "n": "0", 
    "order_date": "2026-08-05"
  }, 
  {
    "n": "0", 
    "order_date": "2026-08-06"
  }, 
  {
    "n": "0", 
    "order_date": "2026-08-07"
  }, 
  {
    "n": "26", 
    "order_date": "2026-08-08"
  }, 
  {
    "n": "0", 
    "order_date": "2026-08-09"
  }, 
  {
    "n": "0", 
    "order_date": "2026-08-10"
  }
]
=== second returns load job (11:14:59) — investigate trigger: any weekly executions or manual calls around that time ===
2026-08-09T11:00:02.719015327Z	msklad-pipeline-hourly	INFO	
2026-08-09T11:05:20.605770526Z	msklad-pipeline-hourly	CRITICAL	[HOURLY] DQ Gate FAILED run_id=1786273202.7366164 details={"checks":[{"detail":"staging_count=346","name":"not_empty","passed":true},{"detail":"yesterday_rev=157694, ma7=5437042, ratio=0.03, threshold=0.03 (weekend), target_date=2026-08-08","name":"drift_check","passed":false},{"detail":"orphan_product_ids=0","name":"fk_integrity","passed":true},{"detail":"max_date=2026-08-09, lag_days=0","name":"freshness","passed":true},{"detail":"bad_margin_rows=0 (core, last 7d)","name":"margin_sanity","passed":true},{"detail":"avg_revenue_kgs=96779.85","name":"currency_normalization","passed":true}],"failed_checks":["drift_check"],"passed":false,"run_id":1786273202.7366164,"status":"FAILED"}
2026-08-09T11:05:20.724540384Z	msklad-pipeline-hourly	ERROR	
Mon Aug 10 11:31:07 UTC 2026
     Credentialed Accounts
ACTIVE  ACCOUNT
*       ilyasbazarov4@gmail.com

To set the active account, run:
    $ gcloud config set account `ACCOUNT`

