Mon Aug 10 11:28:13 UTC 2026
     Credentialed Accounts
ACTIVE  ACCOUNT
*       ilyasbazarov4@gmail.com

To set the active account, run:
    $ gcloud config set account `ACCOUNT`

=== total count of LOAD jobs to core.fact_purchases since 2026-07-27, plus actor/job_type ===
[
  {
    "actors": [
      "etl-sa@msklad-bi-prod.iam.gserviceaccount.com"
    ], 
    "first_ts": "2026-07-27 00:04:52", 
    "job_types": [
      "LOAD"
    ], 
    "last_ts": "2026-08-10 11:05:13", 
    "n": "247", 
    "stmt_types": []
  }
]
=== same for core.fact_returns ===
[
  {
    "actors": [
      "etl-sa@msklad-bi-prod.iam.gserviceaccount.com"
    ], 
    "first_ts": "2026-08-09 01:12:05", 
    "job_types": [
      "LOAD"
    ], 
    "last_ts": "2026-08-09 11:14:59", 
    "n": "2", 
    "stmt_types": []
  }
]
=== sample 3 fact_purchases jobs full row ===
[
  {
    "creation_time": "2026-07-27 00:04:52", 
    "error_result": null, 
    "job_id": "974d9e3a-5680-4ac0-b6d6-859ee77f8cd2", 
    "job_type": "LOAD", 
    "state": "DONE", 
    "statement_type": null, 
    "user_email": "etl-sa@msklad-bi-prod.iam.gserviceaccount.com"
  }, 
  {
    "creation_time": "2026-07-27 01:04:58", 
    "error_result": null, 
    "job_id": "61b574d5-102d-4c48-ab11-0a9232f031fa", 
    "job_type": "LOAD", 
    "state": "DONE", 
    "statement_type": null, 
    "user_email": "etl-sa@msklad-bi-prod.iam.gserviceaccount.com"
  }, 
  {
    "creation_time": "2026-07-27 02:05:04", 
    "error_result": null, 
    "job_id": "13e96eb8-27c1-4fc8-8639-d1497ab2553e", 
    "job_type": "LOAD", 
    "state": "DONE", 
    "statement_type": null, 
    "user_email": "etl-sa@msklad-bi-prod.iam.gserviceaccount.com"
  }
]
Mon Aug 10 11:28:23 UTC 2026
     Credentialed Accounts
ACTIVE  ACCOUNT
*       ilyasbazarov4@gmail.com

To set the active account, run:
    $ gcloud config set account `ACCOUNT`

