=== UTC anchor (start) ===
Thu Aug  6 19:19:48 UTC 2026
=== caller identity (start) ===
     Credentialed Accounts
ACTIVE  ACCOUNT
*       ilyasbazarov4@gmail.com

To set the active account, run:
    $ gcloud config set account `ACCOUNT`

=== describe live cf-facts revision ===
{
  "buildConfig": {
    "automaticUpdatePolicy": {},
    "build": "projects/420804682491/locations/asia-east1/builds/6ac22631-8a64-4102-821f-8946a89d8eb4",
    "dockerRegistry": "ARTIFACT_REGISTRY",
    "dockerRepository": "projects/msklad-bi-prod/locations/asia-east1/repositories/gcf-artifacts",
    "entryPoint": "main",
    "runtime": "python312",
    "serviceAccount": "projects/msklad-bi-prod/serviceAccounts/420804682491-compute@developer.gserviceaccount.com",
    "source": {
      "storageSource": {
        "bucket": "gcf-v2-sources-420804682491-asia-east1",
        "generation": "1782334223015697",
        "object": "cf-facts/function-source.zip"
      }
    },
    "sourceProvenance": {
      "resolvedStorageSource": {
        "bucket": "gcf-v2-sources-420804682491-asia-east1",
        "generation": "1782334223015697",
        "object": "cf-facts/function-source.zip"
      }
    }
  },
  "createTime": "2026-05-06T08:26:29.388991725Z",
  "environment": "GEN_2",
  "labels": {
    "deployment-tool": "cli-gcloud"
  },
  "name": "projects/msklad-bi-prod/locations/asia-east1/functions/cf-facts",
  "satisfiesPzi": true,
  "serviceConfig": {
    "allTrafficOnLatestRevision": true,
    "availableCpu": "1",
    "availableMemory": "2048M",
    "environmentVariables": {
      "LOG_EXECUTION_ID": "true"
    },
    "ingressSettings": "ALLOW_ALL",
    "maxInstanceCount": 5,
    "maxInstanceRequestConcurrency": 1,
    "minInstanceCount": 1,
    "revision": "cf-facts-00007-xir",
    "secretEnvironmentVariables": [
      {
        "key": "MSKLAD_TOKEN",
        "projectId": "420804682491",
        "secret": "msklad-token",
        "version": "latest"
      }
    ],
    "service": "projects/msklad-bi-prod/locations/asia-east1/services/cf-facts",
    "serviceAccountEmail": "etl-sa@msklad-bi-prod.iam.gserviceaccount.com",
    "timeoutSeconds": 540,
    "uri": "https://cf-facts-xw5u2boozq-de.a.run.app"
  },
  "state": "ACTIVE",
  "updateTime": "2026-07-30T10:04:58.768334396Z",
  "url": "https://asia-east1-msklad-bi-prod.cloudfunctions.net/cf-facts"
}
=== resolved: revision=cf-facts-00007-xir generation=1782334223015697 bucket=gcf-v2-sources-420804682491-asia-east1 object=cf-facts/function-source.zip ===
=== download archive by pinned generation ===
Copying gs://gcf-v2-sources-420804682491-asia-east1/cf-facts/function-source.zip#1782334223015697 to file:///Users/ilyasbazarov/Desktop/msklad_project/holika/worktrees/SALES-INGEST-PATCH-DEPLOY/reference/_scratch_SALES-INGEST-PATCH-DEPLOY_2026-08-07/step2_work/live/function-source.zip
  
..........................
=== unpack ===
=== sha256 of live archive contents ===
89a97b76c84a643eb82ae476e5c59a1b14d3d1caa9846eb8f71a0e2f53eafa46  ./.DS_Store
dad48a6eec2d80b5a3373beb5463cdd3d94ac71cef481d89f389e8a2308dc4e3  ./bq_ops.py
977fd82813d3487a1eb9c8cd297312d6e542be3b45fe65b45d73cc143ca3289b  ./config.py
2e9391517c772a03a22f6751135888796778ea0889e15f97d63ba9bafcab9d07  ./deploy_and_workflow.sh
88e1a13881103e0faa5ec21a5a07ddd2fc83e9cc9eb4fb9fe67a0da25fb60ff1  ./fetch_byvariant.py
637f25dba1a87a412bde7feac32a0b56a052e99c9bb8a5246e13b266b7648770  ./fetch_demands.py
f409c590dadc6537a1deb7e5557859de14e46d52e30e88a85744db2404fa6b5a  ./fetch_demands.py.bak
5db807fee2da21c31c5fa3aeed77e16d1a4ae04193f55831534b89c5e9158486  ./fetch_purchases.py
887df5521e7d9ec0eb558ed683831e37ed03e3ab69fa8a8bb1903d1da2f81480  ./fetch_purchases.py.bak
7ce9373aa084258e45d2ba12c8f1bc2812b249958eec400c4181e4802793ae56  ./fetch_returns.py
8b26ad3b33def08722776b003e5a1f9b09a26f85cf5e6620ce9fa3aa8c16e503  ./fetch_returns.py.bak
aac5dee5add76513f52e8909a32925f261ad25d09ef55a1a6013f5262cd01c48  ./helpers.py
2b1e4519523dbe0e78520b035f5c047b18e4f348730c98de19dbe54c8b9e4da5  ./main.py
9a990a589c4bd30878265c35a72d8804aaa82a8f410c028a3775fb5d3fe09151  ./patch_code.py
037059a9d9ff627701b6ecbf5e4160f071f8f1facf29aa5affcb4a1280ee193b  ./patch_timeout.py
0c041a8d50f4731ad71aabcf678f388c13d8ba9af6ccb6548af9ccb6fc514051  ./requirements.txt
ba9ff05cdcb418615d0282759278d381e8d8250aa6ea8b52513b9d4e80524246  ./src.zip
=== clone master branch of code-repo ===
master HEAD: 6a581bf1d2dad6052fb4fef62c31ca409382e6ae
=== sha256 of master cf-facts/ contents ===
dad48a6eec2d80b5a3373beb5463cdd3d94ac71cef481d89f389e8a2308dc4e3  ./bq_ops.py
977fd82813d3487a1eb9c8cd297312d6e542be3b45fe65b45d73cc143ca3289b  ./config.py
2e9391517c772a03a22f6751135888796778ea0889e15f97d63ba9bafcab9d07  ./deploy_and_workflow.sh
88e1a13881103e0faa5ec21a5a07ddd2fc83e9cc9eb4fb9fe67a0da25fb60ff1  ./fetch_byvariant.py
637f25dba1a87a412bde7feac32a0b56a052e99c9bb8a5246e13b266b7648770  ./fetch_demands.py
5db807fee2da21c31c5fa3aeed77e16d1a4ae04193f55831534b89c5e9158486  ./fetch_purchases.py
7ce9373aa084258e45d2ba12c8f1bc2812b249958eec400c4181e4802793ae56  ./fetch_returns.py
aac5dee5add76513f52e8909a32925f261ad25d09ef55a1a6013f5262cd01c48  ./helpers.py
2b1e4519523dbe0e78520b035f5c047b18e4f348730c98de19dbe54c8b9e4da5  ./main.py
0c041a8d50f4731ad71aabcf678f388c13d8ba9af6ccb6548af9ccb6fc514051  ./requirements.txt
=== byte-compare: live unpacked vs master cf-facts/ (excluding known deploy artifact naming) ===
Only in /Users/ilyasbazarov/Desktop/msklad_project/holika/worktrees/SALES-INGEST-PATCH-DEPLOY/reference/_scratch_SALES-INGEST-PATCH-DEPLOY_2026-08-07/step2_work/live/unpacked: .DS_Store
Only in /Users/ilyasbazarov/Desktop/msklad_project/holika/worktrees/SALES-INGEST-PATCH-DEPLOY/reference/_scratch_SALES-INGEST-PATCH-DEPLOY_2026-08-07/step2_work/live/unpacked: fetch_demands.py.bak
Only in /Users/ilyasbazarov/Desktop/msklad_project/holika/worktrees/SALES-INGEST-PATCH-DEPLOY/reference/_scratch_SALES-INGEST-PATCH-DEPLOY_2026-08-07/step2_work/live/unpacked: fetch_purchases.py.bak
Only in /Users/ilyasbazarov/Desktop/msklad_project/holika/worktrees/SALES-INGEST-PATCH-DEPLOY/reference/_scratch_SALES-INGEST-PATCH-DEPLOY_2026-08-07/step2_work/live/unpacked: fetch_returns.py.bak
Only in /Users/ilyasbazarov/Desktop/msklad_project/holika/worktrees/SALES-INGEST-PATCH-DEPLOY/reference/_scratch_SALES-INGEST-PATCH-DEPLOY_2026-08-07/step2_work/live/unpacked: patch_code.py
Only in /Users/ilyasbazarov/Desktop/msklad_project/holika/worktrees/SALES-INGEST-PATCH-DEPLOY/reference/_scratch_SALES-INGEST-PATCH-DEPLOY_2026-08-07/step2_work/live/unpacked: patch_timeout.py
Only in /Users/ilyasbazarov/Desktop/msklad_project/holika/worktrees/SALES-INGEST-PATCH-DEPLOY/reference/_scratch_SALES-INGEST-PATCH-DEPLOY_2026-08-07/step2_work/live/unpacked: src.zip
=== UTC anchor (end) ===
Thu Aug  6 19:20:02 UTC 2026
=== caller identity (end) ===
     Credentialed Accounts
ACTIVE  ACCOUNT
*       ilyasbazarov4@gmail.com

To set the active account, run:
    $ gcloud config set account `ACCOUNT`

=== workdir path (not cleaned up, ADR-043) ===
/Users/ilyasbazarov/Desktop/msklad_project/holika/worktrees/SALES-INGEST-PATCH-DEPLOY/reference/_scratch_SALES-INGEST-PATCH-DEPLOY_2026-08-07/step2_work
