=== ЯКОРЬ НАЧАЛА ===
Tue Aug 11 09:06:08 UTC 2026
     Credentialed Accounts
ACTIVE  ACCOUNT
*       ilyasbazarov4@gmail.com


=== A. Все пары (id канала, имя канала) во ВСЕЙ истории ядра ===
[
  {
    "channel_name": "(имя NULL)", 
    "id_state": "(id NULL)", 
    "max_d": "2026-08-07", 
    "min_d": "2025-05-01", 
    "n_rows": "24850"
  }, 
  {
    "channel_name": "Оптовая торговля", 
    "id_state": "(id есть)", 
    "max_d": "2026-08-11", 
    "min_d": "2026-03-04", 
    "n_rows": "12464"
  }, 
  {
    "channel_name": "Комиссия", 
    "id_state": "(id NULL)", 
    "max_d": "2026-08-03", 
    "min_d": "2026-05-04", 
    "n_rows": "4137"
  }, 
  {
    "channel_name": "Розница", 
    "id_state": "(id NULL)", 
    "max_d": "2026-05-31", 
    "min_d": "2026-05-28", 
    "n_rows": "1441"
  }, 
  {
    "channel_name": "(имя NULL)", 
    "id_state": "(id есть)", 
    "max_d": "2026-04-27", 
    "min_d": "2026-04-06", 
    "n_rows": "45"
  }, 
  {
    "channel_name": "Джунхай", 
    "id_state": "(id есть)", 
    "max_d": "2026-03-24", 
    "min_d": "2026-03-17", 
    "n_rows": "25"
  }, 
  {
    "channel_name": "UMAI WB", 
    "id_state": "(id есть)", 
    "max_d": "2026-03-19", 
    "min_d": "2026-03-19", 
    "n_rows": "9"
  }, 
  {
    "channel_name": "К Глобал РФ Маркетплейсы", 
    "id_state": "(id есть)", 
    "max_d": "2026-05-12", 
    "min_d": "2026-03-17", 
    "n_rows": "4"
  }
]

=== B. Коллизия: строки с НЕПУСТЫМ id и именем Розница/Комиссия (сломали бы предикат) ===
[
  {
    "n_collisions": "0"
  }
]

=== C. Что попало бы под КАЖДЫЙ предикат в окне 90 суток (проверка до правки) ===
[
  {
    "rows_perimeter_scope": "5465", 
    "rows_sales_scope": "6922", 
    "rows_total": "12393"
  }
]
=== ЯКОРЬ КОНЦА ===
Tue Aug 11 09:06:17 UTC 2026
