=== date -u (start) ===
Fri Aug  7 15:10:22 UTC 2026
=== gcloud auth list (start) ===
     Credentialed Accounts
ACTIVE  ACCOUNT
*       ilyasbazarov4@gmail.com

To set the active account, run:
    $ gcloud config set account `ACCOUNT`

=== gcloud functions describe cf-facts ===
revision: cf-facts-00008-zen
generation: 1786093276804812
updateTime: 2026-08-07T09:02:36.835840920Z
=== gcloud auth list (end) ===
     Credentialed Accounts
ACTIVE  ACCOUNT
*       ilyasbazarov4@gmail.com

To set the active account, run:
    $ gcloud config set account `ACCOUNT`

=== date -u (end) ===
Fri Aug  7 15:10:26 UTC 2026
