=== UTC anchor (start) ===
Fri Aug  7 15:25:00 UTC 2026
=== caller identity (start) ===
     Credentialed Accounts
ACTIVE  ACCOUNT
*       ilyasbazarov4@gmail.com

To set the active account, run:
    $ gcloud config set account `ACCOUNT`

=== call cf-facts mode=perimeter_promote ===
|
  {"merge_stats":{"affected_rows":5467,"staging_rows":5467,"window_days":90},"mode":"perimeter_promote","run_id":"verify_deploy_2026-08-07_channel_promote","status":"ok"}
call exit code: 0
=== UTC anchor (end) ===
Fri Aug  7 15:25:08 UTC 2026
=== caller identity (end) ===
     Credentialed Accounts
ACTIVE  ACCOUNT
*       ilyasbazarov4@gmail.com

To set the active account, run:
    $ gcloud config set account `ACCOUNT`

