=== UTC-якорь (начало) ===
Mon Aug 17 21:03:43 UTC 2026
=== база ===
183e90de26deaf58dba61fbf83dcbac90f91c617

=== 1. Цикл, делающий вариант 2 недостижимым — цитаты из репо со строками ===
-- слияние в master запрещено до ступени 3 --
2098:| `SALES-REFRESH-WINDOW-DEPLOY-FINAL` | PARTIAL | Деплой `cf-facts` с проверкой полноты выгрузки и веткой удаления исполнен (ревизия `
-- ступень 3 закрывается ПОСЛЕ выкладки guard-fix --
2098:ступень 3 закрывается первым недельным прогоном, на котором ветка периметра фактически исполнила `MERGE`, после выкладки `SALES-REFRESH-WINDOW-GUARD-FIX-DEPLOY

=== 2. Состояние клона код-репо в провенансе чужой сессии ===
-- собственного .git у клона нет, поэтому git-команды в нём резолвятся в doc-репо --
   .git НЕТ — читаем файлы, а не git-историю
-- контроль: рабочее дерево клона оставлено на master (step4 делает git checkout master) --
44:git checkout master
-- подтверждение той же трактовки по содержимому: ветка удаления в bq_ops.py --
   клон (master): 0
   снапшот doc-репо: 5

=== 3. Что произошло бы при деплое ветки, заведённой от master ===
bq_ops.py (объект деплоя) импортирует из config на уровне модуля: 12 имён
config.py ветки master определяет: 27 имён
ОТСУТСТВУЮТ в master (отрицательный контроль): ['GUARD_TOLERANCE_DAYS', 'PERIMETER_CHANNEL_NAMES']
ОТСУТСТВУЮТ в снапшоте doc-репо (положительный контроль): нет

Вывод: ветка "master + два файла снапшота" даёт ImportError на уровне импорта модуля,
то есть контейнер не стартует. Это тот же класс отказа, что уронил cf-dq 2026-08-18.

=== 4. Статус слияний веток cf-facts по MANIFEST (какие в master, какие нет) ===
109:- Слияние в `master` — коммит `6a581bf` (`merge --no-ff`), после успешного read-back и функциональной
193:- Слияние в `master` — коммит `fbf351f` (`merge --no-ff`), выполнено и запушено ПОСЛЕ успешного
242:- Слияние в `master` — коммит `0c5f68e` (`merge --no-ff`), выполнено и запушено ПОСЛЕ успешного
320:- Слияние в `master` — коммит `7e039bd` (`merge --no-ff`), выполнено и запушено ПОСЛЕ успешного
407:- Слияние в `master` — коммит `e9a4cbb` (`merge --no-ff`), выполнено ПОСЛЕ успешного read-back (шаг 8)
482:- Слияние в `master` — коммит `508ca64` (`merge --no-ff`), выполнено и запушено ПОСЛЕ успешного
570:операции). **Ветка `deploy/cf-facts-2026-08-11-refresh-window-v2` НЕ слита в `master`.** Трафик на
650:**Слияние ветки `deploy/cf-facts-2026-08-12-completeness-and-delete` в `master`** — только

=== UTC-якорь (конец) ===
Mon Aug 17 21:03:43 UTC 2026
