Thu Jul 30 10:46:54 UTC 2026
     Credentialed Accounts
ACTIVE  ACCOUNT
*       ilyasbazarov4@gmail.com

To set the active account, run:
    $ gcloud config set account `ACCOUNT`

=== describe cf-inventory ===
buildConfig:
  automaticUpdatePolicy: {}
  build: projects/420804682491/locations/asia-east1/builds/737f0ec0-3316-40a5-9bc6-5f5a6b685695
  dockerRegistry: ARTIFACT_REGISTRY
  dockerRepository: projects/msklad-bi-prod/locations/asia-east1/repositories/gcf-artifacts
  entryPoint: main
  runtime: python312
  serviceAccount: projects/msklad-bi-prod/serviceAccounts/420804682491-compute@developer.gserviceaccount.com
  source:
    storageSource:
      bucket: gcf-v2-sources-420804682491-asia-east1
      generation: '1778486115150159'
      object: cf-inventory/function-source.zip
  sourceProvenance:
    resolvedStorageSource:
      bucket: gcf-v2-sources-420804682491-asia-east1
      generation: '1778486115150159'
      object: cf-inventory/function-source.zip
createTime: '2026-05-07T09:09:33.031784952Z'
environment: GEN_2
labels:
  deployment-tool: cli-gcloud
name: projects/msklad-bi-prod/locations/asia-east1/functions/cf-inventory
satisfiesPzi: true
serviceConfig:
  allTrafficOnLatestRevision: true
  availableCpu: '0.3333'
  availableMemory: 512M
  environmentVariables:
    LOG_EXECUTION_ID: 'true'
  ingressSettings: ALLOW_ALL
  maxInstanceCount: 3
  maxInstanceRequestConcurrency: 1
  revision: cf-inventory-00003-vuf
  secretEnvironmentVariables:
  - key: MSKLAD_TOKEN
    projectId: '420804682491'
    secret: msklad-token
    version: latest
  service: projects/msklad-bi-prod/locations/asia-east1/services/cf-inventory
  serviceAccountEmail: etl-sa@msklad-bi-prod.iam.gserviceaccount.com
  timeoutSeconds: 540
  uri: https://cf-inventory-xw5u2boozq-de.a.run.app
state: ACTIVE
updateTime: '2026-07-30T10:04:58.467601786Z'
url: https://asia-east1-msklad-bi-prod.cloudfunctions.net/cf-inventory
     Credentialed Accounts
ACTIVE  ACCOUNT
*       ilyasbazarov4@gmail.com

To set the active account, run:
    $ gcloud config set account `ACCOUNT`

Thu Jul 30 10:46:58 UTC 2026
