=== describe scheduler job cf-inventory-trigger ===
Thu Jul 30 10:58:01 UTC 2026
     Credentialed Accounts
ACTIVE  ACCOUNT
*       ilyasbazarov4@gmail.com

To set the active account, run:
    $ gcloud config set account `ACCOUNT`

attemptDeadline: 180s
httpTarget:
  body: e30=
  headers:
    Content-Type: application/octet-stream
    User-Agent: Google-Cloud-Scheduler
  httpMethod: POST
  oidcToken:
    audience: https://asia-east1-msklad-bi-prod.cloudfunctions.net/cf-inventory
    serviceAccountEmail: etl-sa@msklad-bi-prod.iam.gserviceaccount.com
  uri: https://asia-east1-msklad-bi-prod.cloudfunctions.net/cf-inventory
name: projects/msklad-bi-prod/locations/asia-east1/jobs/cf-inventory-trigger
retryConfig:
  maxBackoffDuration: 3600s
  maxDoublings: 5
  maxRetryDuration: 0s
  minBackoffDuration: 5s
schedule: 0 21 * * *
scheduleTime: '2026-07-30T21:00:00Z'
state: ENABLED
status:
  code: -1
timeZone: UTC
userUpdateTime: '2026-07-30T10:04:58.533804Z'
     Credentialed Accounts
ACTIVE  ACCOUNT
*       ilyasbazarov4@gmail.com

To set the active account, run:
    $ gcloud config set account `ACCOUNT`

Thu Jul 30 10:58:06 UTC 2026
