=== UTC anchor (start) ===
Mon Aug 17 10:42:35 UTC 2026
=== gcloud auth list (start) ===
     Credentialed Accounts
ACTIVE  ACCOUNT
*       ilyasbazarov4@gmail.com

To set the active account, run:
    $ gcloud config set account `ACCOUNT`


=== §0. Текущее состояние stg_msklad.fact_sales_perimeter_staging (WRITE_TRUNCATE, live) ===
+------------+------------+-------------+--------+---------+
|  min_date  |  max_date  | n_positions | n_docs | n_types |
+------------+------------+-------------+--------+---------+
| 2026-05-18 | 2026-08-10 |        5484 |    530 |       2 |
+------------+------------+-------------+--------+---------+

=== §0b. Staging — распределение по типу документа (COUNT DISTINCT doc_id) ===
+-------------------------+------------+------------+-------------+--------+
|     source_doc_type     |  min_date  |  max_date  | n_positions | n_docs |
+-------------------------+------------+------------+-------------+--------+
| commissionreportin_sale | 2026-05-18 | 2026-08-10 |        4043 |     24 |
| retaildemand            | 2026-05-28 | 2026-05-31 |        1441 |    506 |
+-------------------------+------------+------------+-------------+--------+

=== §1. core.fact_sales_profit — экстент строк периметра (sales_channel_id IS NULL, name IN Розница/Комиссия) ===
+--------------------+------------+------------+--------+
| sales_channel_name |  min_date  |  max_date  | n_rows |
+--------------------+------------+------------+--------+
| Комиссия           | 2026-05-04 | 2026-08-03 |   4137 |
| Розница            | 2026-05-28 | 2026-05-31 |   1441 |
+--------------------+------------+------------+--------+

=== §2. core.fact_sales_profit — величина 1+2 объединённо (окно 180 суток, оба типа периметра вместе) ===
+------------+------------+-----------+------------------+
| total_days | empty_days | pct_empty | max_empty_streak |
+------------+------------+-----------+------------------+
|        181 |        162 |      89.5 |               75 |
+------------+------------+-----------+------------------+

=== §3. core.fact_sales_profit — то же самое РАЗДЕЛЬНО по типу документа (Розница) ===
+------------+------------+-----------+------------------+
| total_days | empty_days | pct_empty | max_empty_streak |
+------------+------------+-----------+------------------+
|        181 |        178 |     98.34 |               99 |
+------------+------------+-----------+------------------+

=== §4. core.fact_sales_profit — то же самое РАЗДЕЛЬНО по типу документа (Комиссия) ===
+------------+------------+-----------+------------------+
| total_days | empty_days | pct_empty | max_empty_streak |
+------------+------------+-----------+------------------+
|        181 |        165 |     91.16 |               75 |
+------------+------------+-----------+------------------+

=== §5. Staging — тот же замер (документ-уровень, distinct doc_id), окно = фактическое покрытие staging ===
+--------------+------------+------------+------------+-----------+------------------+
| window_start | window_end | total_days | empty_days | pct_empty | max_empty_streak |
+--------------+------------+------------+------------+-----------+------------------+
|   2026-05-18 | 2026-08-10 |         85 |         67 |     78.82 |                6 |
+--------------+------------+------------+------------+-----------+------------------+

=== §5b. Staging — то же, раздельно по типу документа (distinct doc_id) ===
--- source_doc_type = retaildemand ---
+--------------+------------+------------+------------+-----------+------------------+
| window_start | window_end | total_days | empty_days | pct_empty | max_empty_streak |
+--------------+------------+------------+------------+-----------+------------------+
|   2026-05-18 | 2026-08-10 |         85 |         82 |     96.47 |               71 |
+--------------+------------+------------+------------+-----------+------------------+
--- source_doc_type = commissionreportin_sale ---
+--------------+------------+------------+------------+-----------+------------------+
| window_start | window_end | total_days | empty_days | pct_empty | max_empty_streak |
+--------------+------------+------------+------------+-----------+------------------+
|   2026-05-18 | 2026-08-10 |         85 |         70 |     82.35 |                6 |
+--------------+------------+------------+------------+-----------+------------------+

=== UTC anchor (end) ===
Mon Aug 17 10:43:02 UTC 2026
=== gcloud auth list (end) ===
     Credentialed Accounts
ACTIVE  ACCOUNT
*       ilyasbazarov4@gmail.com

To set the active account, run:
    $ gcloud config set account `ACCOUNT`

