=== UTC anchor (start) ===
Mon Aug 17 10:43:42 UTC 2026
=== gcloud auth list (start) ===
     Credentialed Accounts
ACTIVE  ACCOUNT
*       ilyasbazarov4@gmail.com

To set the active account, run:
    $ gcloud config set account `ACCOUNT`


=== §1. core — максимальные серии, ОБЪЕДИНЁННО (Розница+Комиссия), топ-5 ===
+--------------+------------+------------+
| streak_start | streak_end | streak_len |
+--------------+------------+------------+
|   2026-02-18 | 2026-05-03 |         75 |
|   2026-08-04 | 2026-08-17 |         14 |
|   2026-07-07 | 2026-07-12 |          6 |
|   2026-07-14 | 2026-07-19 |          6 |
|   2026-05-05 | 2026-05-10 |          6 |
+--------------+------------+------------+

=== §2. core — максимальные серии, только Комиссия, топ-5 ===
+--------------+------------+------------+
| streak_start | streak_end | streak_len |
+--------------+------------+------------+
|   2026-02-18 | 2026-05-03 |         75 |
|   2026-08-04 | 2026-08-17 |         14 |
|   2026-05-19 | 2026-05-24 |          6 |
|   2026-06-30 | 2026-07-05 |          6 |
|   2026-07-28 | 2026-08-02 |          6 |
+--------------+------------+------------+

=== §3. core — максимальные серии, только Розница, топ-5 ===
+--------------+------------+------------+
| streak_start | streak_end | streak_len |
+--------------+------------+------------+
|   2026-02-18 | 2026-05-27 |         99 |
|   2026-06-01 | 2026-08-17 |         78 |
|   2026-05-29 | 2026-05-29 |          1 |
+--------------+------------+------------+

=== UTC anchor (end) ===
Mon Aug 17 10:43:51 UTC 2026
=== gcloud auth list (end) ===
     Credentialed Accounts
ACTIVE  ACCOUNT
*       ilyasbazarov4@gmail.com

To set the active account, run:
    $ gcloud config set account `ACCOUNT`

