=== UTC anchor (start) ===
Mon Aug 17 10:44:21 UTC 2026
=== gcloud auth list (start) ===
     Credentialed Accounts
ACTIVE  ACCOUNT
*       ilyasbazarov4@gmail.com

To set the active account, run:
    $ gcloud config set account `ACCOUNT`


=== §1. staging — максимальные серии, ОБЪЕДИНЁННО, топ-5 ===
+--------------+------------+------------+
| streak_start | streak_end | streak_len |
+--------------+------------+------------+
|   2026-05-19 | 2026-05-24 |          6 |
|   2026-07-21 | 2026-07-26 |          6 |
|   2026-07-14 | 2026-07-19 |          6 |
|   2026-07-28 | 2026-08-02 |          6 |
|   2026-06-23 | 2026-06-28 |          6 |
+--------------+------------+------------+

=== §2. staging — максимальные серии, retaildemand, топ-5 ===
+--------------+------------+------------+
| streak_start | streak_end | streak_len |
+--------------+------------+------------+
|   2026-06-01 | 2026-08-10 |         71 |
|   2026-05-18 | 2026-05-27 |         10 |
|   2026-05-29 | 2026-05-29 |          1 |
+--------------+------------+------------+

=== §3. staging — максимальные серии, commissionreportin_sale, топ-5 ===
+--------------+------------+------------+
| streak_start | streak_end | streak_len |
+--------------+------------+------------+
|   2026-06-23 | 2026-06-28 |          6 |
|   2026-07-14 | 2026-07-19 |          6 |
|   2026-05-19 | 2026-05-24 |          6 |
|   2026-08-04 | 2026-08-09 |          6 |
|   2026-07-21 | 2026-07-26 |          6 |
+--------------+------------+------------+

=== UTC anchor (end) ===
Mon Aug 17 10:44:29 UTC 2026
=== gcloud auth list (end) ===
     Credentialed Accounts
ACTIVE  ACCOUNT
*       ilyasbazarov4@gmail.com

To set the active account, run:
    $ gcloud config set account `ACCOUNT`

