=== master cf-facts/ files ===
holika-prod-check/cf-facts/.gcloudignore
holika-prod-check/cf-facts/bq_ops.py
holika-prod-check/cf-facts/config.py
holika-prod-check/cf-facts/deploy_and_workflow.sh
holika-prod-check/cf-facts/fetch_byvariant.py
holika-prod-check/cf-facts/fetch_demands.py
holika-prod-check/cf-facts/fetch_perimeter.py
holika-prod-check/cf-facts/fetch_purchases.py
holika-prod-check/cf-facts/fetch_returns.py
holika-prod-check/cf-facts/helpers.py
holika-prod-check/cf-facts/main.py
holika-prod-check/cf-facts/requirements.txt
=== shasum master cf-facts/ ===
b7469a91b24ba455f2e907e5c927c77870a3a94cb89779d5a9fb14cacc3db8d7  master:.gcloudignore
637074e5b2d75cea647e3e65acd952b84593e8eb2cf2807c9b4cd4123d9f7e6b  master:bq_ops.py
56e77eff536ce8fe2a1c3a015c2633ed1317e8a9cbbd9729165d5a7af38de63a  master:config.py
2e9391517c772a03a22f6751135888796778ea0889e15f97d63ba9bafcab9d07  master:deploy_and_workflow.sh
88e1a13881103e0faa5ec21a5a07ddd2fc83e9cc9eb4fb9fe67a0da25fb60ff1  master:fetch_byvariant.py
a7f2c9042828fcf2143027fe9292b3f7995f3e7a5364e711fb39e79166bddf72  master:fetch_demands.py
f609d5656fe6cf79941ffb3c904a122afabe2f5b7633a846a7f5ae713314275e  master:fetch_perimeter.py
5db807fee2da21c31c5fa3aeed77e16d1a4ae04193f55831534b89c5e9158486  master:fetch_purchases.py
7ce9373aa084258e45d2ba12c8f1bc2812b249958eec400c4181e4802793ae56  master:fetch_returns.py
aac5dee5add76513f52e8909a32925f261ad25d09ef55a1a6013f5262cd01c48  master:helpers.py
97b9ce3aa54085aab0739fd315890db22be8c837e829a9170ebce385ba6642d8  master:main.py
0c041a8d50f4731ad71aabcf678f388c13d8ba9af6ccb6548af9ccb6fc514051  master:requirements.txt
=== shasum live archive (recap) ===
637074e5b2d75cea647e3e65acd952b84593e8eb2cf2807c9b4cd4123d9f7e6b  live:bq_ops.py
56e77eff536ce8fe2a1c3a015c2633ed1317e8a9cbbd9729165d5a7af38de63a  live:config.py
2e9391517c772a03a22f6751135888796778ea0889e15f97d63ba9bafcab9d07  live:deploy_and_workflow.sh
88e1a13881103e0faa5ec21a5a07ddd2fc83e9cc9eb4fb9fe67a0da25fb60ff1  live:fetch_byvariant.py
a7f2c9042828fcf2143027fe9292b3f7995f3e7a5364e711fb39e79166bddf72  live:fetch_demands.py
f609d5656fe6cf79941ffb3c904a122afabe2f5b7633a846a7f5ae713314275e  live:fetch_perimeter.py
5db807fee2da21c31c5fa3aeed77e16d1a4ae04193f55831534b89c5e9158486  live:fetch_purchases.py
7ce9373aa084258e45d2ba12c8f1bc2812b249958eec400c4181e4802793ae56  live:fetch_returns.py
aac5dee5add76513f52e8909a32925f261ad25d09ef55a1a6013f5262cd01c48  live:helpers.py
97b9ce3aa54085aab0739fd315890db22be8c837e829a9170ebce385ba6642d8  live:main.py
0c041a8d50f4731ad71aabcf678f388c13d8ba9af6ccb6548af9ccb6fc514051  live:requirements.txt
