=== date -u ===
Sat Aug  8 14:09:57 UTC 2026
=== ALL cf-facts logs, last 2 hours, no run_id filter, severity >= DEFAULT ===
total log entries (last 2h): 21
2026-08-08T13:00:54.888900Z INFO cf-facts-00009-tul | 
2026-08-08T13:01:15.824886Z INFO cf-facts-00009-tul | Starting new instance. Reason: AUTOSCALING - Instance started due to configured scaling factors (e.g. CPU utilization, r
2026-08-08T13:01:18.465748Z INFO cf-facts-00009-tul | Default STARTUP TCP probe succeeded after 1 attempt for container "worker" on port 8080.
2026-08-08T13:01:48.286037Z INFO cf-facts-00009-tul | 
2026-08-08T13:04:54.287547Z INFO cf-facts-00009-tul | 
2026-08-08T13:11:15.174681Z NOTICE  | 
2026-08-08T13:12:37.604699Z NOTICE  | 
2026-08-08T13:12:48.992826Z INFO cf-facts-00010-mog | Starting new instance. Reason: MANUAL_OR_CUSTOMER_MIN_INSTANCE - Instance started because of customer-configured min-ins
2026-08-08T13:12:52.742937Z INFO cf-facts-00010-mog | Default STARTUP TCP probe succeeded after 1 attempt for container "worker" on port 8080.
2026-08-08T13:12:54.075458Z INFO cf-facts-00010-mog | 
2026-08-08T13:12:55.614749Z INFO  | 
2026-08-08T13:14:16.291639Z INFO cf-facts-00010-mog | 
2026-08-08T13:14:39.069931Z INFO cf-facts-00010-mog | Starting new instance. Reason: AUTOSCALING - Instance started due to configured scaling factors (e.g. CPU utilization, r
2026-08-08T13:14:42.626697Z INFO cf-facts-00010-mog | Default STARTUP TCP probe succeeded after 1 attempt for container "worker" on port 8080.
2026-08-08T13:16:28.789182Z INFO cf-facts-00010-mog | 
2026-08-08T13:23:14.377138Z None cf-facts-00010-mog | Excluding 2 position(s) from 1 consignment-channel agent(s) (entity/demand shipment to commissioner, not a sale) — reven
2026-08-08T14:01:17.361384Z INFO cf-facts-00010-mog | 
2026-08-08T14:01:40.157596Z INFO cf-facts-00010-mog | Starting new instance. Reason: AUTOSCALING - Instance started due to configured scaling factors (e.g. CPU utilization, r
2026-08-08T14:01:43.213350Z INFO cf-facts-00010-mog | Default STARTUP TCP probe succeeded after 1 attempt for container "worker" on port 8080.
2026-08-08T14:02:06.492126Z INFO cf-facts-00010-mog | 
2026-08-08T14:05:15.335752Z INFO cf-facts-00010-mog | 
