=== date -u (start) ===
Wed Aug 12 17:14:17 UTC 2026
=== gcloud auth list (start) ===
     Credentialed Accounts
ACTIVE  ACCOUNT
*       ilyasbazarov4@gmail.com

To set the active account, run:
    $ gcloud config set account `ACCOUNT`

=== dry_run: ma7 (T-8..T-2) — используется внутри target_rev==0 различителя ===
Query successfully validated. Assuming the tables are not modified, running this query will process upper bound of 6224 bytes of data.
=== dry_run: COUNT(*) core.fact_sales_profit — used как ever_had_data ===
Query successfully validated. Assuming the tables are not modified, running this query will process upper bound of 0 bytes of data.
=== gcloud auth list (end) ===
     Credentialed Accounts
ACTIVE  ACCOUNT
*       ilyasbazarov4@gmail.com

To set the active account, run:
    $ gcloud config set account `ACCOUNT`

=== date -u (end) ===
Wed Aug 12 17:14:22 UTC 2026
