=== date -u (start) ===
Wed Aug 12 16:58:29 UTC 2026
=== gcloud auth list (start) ===
     Credentialed Accounts
ACTIVE  ACCOUNT
*       ilyasbazarov4@gmail.com

To set the active account, run:
    $ gcloud config set account `ACCOUNT`

=== dry_run: fact_payments technical ===
Query successfully validated. Assuming the tables are not modified, running this query will process 41120 bytes of data.
=== dry_run: fact_commissionreportin technical ===
Query successfully validated. Assuming the tables are not modified, running this query will process 1552 bytes of data.
=== gcloud auth list (end) ===
     Credentialed Accounts
ACTIVE  ACCOUNT
*       ilyasbazarov4@gmail.com

To set the active account, run:
    $ gcloud config set account `ACCOUNT`

=== date -u (end) ===
Wed Aug 12 16:58:34 UTC 2026
