########## ЯКОРЬ (начало) ##########
Mon Jul 27 15:45:53 UTC 2026
ilyasbazarov4@gmail.com

########## 1. СКОЛЬКО ДОКУМЕНТОВ ПОПАДАЮТ В ОПАСНЫЙ ЧАС ##########
   Приведение к дате берёт календарный день по UTC. Бишкек = UTC+6.
   Значит разъезд возможен только у строк со временем 18:00–23:59 UTC:
   у них день по Бишкеку уже следующий. Если таких строк ноль — вопрос закрыт.
+-------------------------+-------------+------------------------+--------------+--------------+
|         tablica         | vsego_strok | opasnyj_chas_18_23_utc | min_chas_utc | max_chas_utc |
+-------------------------+-------------+------------------------+--------------+--------------+
| fact_loss               |         128 |                      7 |            6 |           21 |
| fact_commissionreportin |         191 |                     14 |            0 |           23 |
+-------------------------+-------------+------------------------+--------------+--------------+

########## 2. РАСПРЕДЕЛЕНИЕ ПО ЧАСАМ (чтобы видеть, что это за время) ##########
   Рабочие часы 04:00–13:00 UTC = 10:00–19:00 по Бишкеку — признак того, что
   в базе лежит настоящее UTC. Часы 09:00–19:00 UTC — признак того, что туда
   положили местное время без пересчёта, и тогда приведение к дате безопасно.
+----------+-----------+-------------------------+
| chas_utc | fact_loss | fact_commissionreportin |
+----------+-----------+-------------------------+
|        0 |         0 |                      14 |
|        6 |         3 |                       0 |
|        7 |        13 |                       1 |
|        8 |        20 |                       0 |
|        9 |        19 |                       1 |
|       10 |        14 |                       5 |
|       11 |        14 |                       3 |
|       12 |        14 |                       5 |
|       13 |        14 |                       9 |
|       14 |         3 |                      13 |
|       15 |         3 |                       2 |
|       16 |         4 |                     124 |
|       18 |         2 |                       0 |
|       19 |         3 |                       0 |
|       20 |         1 |                       0 |
|       21 |         1 |                       0 |
|       23 |         0 |                      14 |
+----------+-----------+-------------------------+

########## 3. ЕСЛИ РАЗЪЕЗД ЕСТЬ — НА КАКУЮ СУММУ И В КАКИХ МЕСЯЦАХ ##########
   Считаем только строки опасного часа: сколько денег сменило бы месяц.
+----------------+---------------------+-------+-----------+
| mesyats_po_utc | mesyats_po_bishkeku | strok | summa_kgs |
+----------------+---------------------+-------+-----------+
| 2024-08        | 2024-09             |     1 | 175751.19 |
| 2025-02        | 2025-03             |     2 |   9312.97 |
+----------------+---------------------+-------+-----------+

########## 4. КОНТРОЛЬ: МАЙ-2026 ПРИ ДВУХ СПОСОБАХ СЧЁТА ДАТЫ ##########
   Эталон мая = 10 232 903,20. Первая цифра — как считает проверяемый запрос.
+------------------------+-----------------------------+
| novye_vetki_may_po_utc | novye_vetki_may_po_bishkeku |
+------------------------+-----------------------------+
|             1631984.19 |                  1631984.19 |
+------------------------+-----------------------------+

########## ЯКОРЬ (конец) ##########
Mon Jul 27 15:46:06 UTC 2026
ilyasbazarov4@gmail.com
########## КОМАНД ЗАПИСИ НЕТ ##########
