########## ЯКОРЬ (начало) ##########
Mon Jul 27 15:55:10 UTC 2026
ilyasbazarov4@gmail.com

########## 1. СОСТОЯНИЕ ПОСЛЕДНИХ ПРОГОНОВ КОНФИГУРАЦИИ ##########
   !! парсинг не удался: Extra data: line 6 column 1 (char 51) -- гэп наблюдения

########## 2. КОГДА ПРОД-ВИТРИНА ОБНОВЛЯЛАСЬ ПОСЛЕДНИЙ РАЗ ##########
+-------+-----------+-------+------------------------------------+
| strok | mesyatsev | tipov |            spisok_tipov            |
+-------+-----------+-------+------------------------------------+
|  3172 |        28 |     4 | cashout,commission,loss,paymentout |
+-------+-----------+-------+------------------------------------+
   ОЖИДАНИЕ: в списке типов должны появиться loss и commission.

########## 3. ЭТАЛОН: МАЙ-2026 НА ПРОДЕ = 10 232 903,20 ##########
+----------------+-------------------+
| may_2026_itogo | razryv_s_etalonom |
+----------------+-------------------+
|   1.02329032E7 |               0.0 |
+----------------+-------------------+

########## 4. МАЙ-2026 ПОСТАТЕЙНО НА ПРОДЕ ##########
+-----------------------------------+------------+-----+
|         expense_item_name         |  sum_kgs   | cnt |
+-----------------------------------+------------+-----+
| Вывод прибыли                     | 4246163.66 |  25 |
| Налоги и сборы                    |  2168917.6 |  22 |
| Маркетинг и реклама               | 1026901.54 |  15 |
| Зарплата                          |   853962.0 |  27 |
| Расходы маркетплейсов             |  580674.98 |   8 |
| Списания                          |  411838.94 |   2 |
| Бухгалтерские услуги              |   192250.0 |   4 |
| Банк (комиссия)                   |  191459.01 | 105 |
| Мой Склад                         |  172671.65 |   8 |
| Бонусы                            |   100843.0 |   3 |
| Прочие расходы                    |   83985.29 |  11 |
| Нотариальные и юридические услуги |    58550.0 |   3 |
| Интернет и связь                  |    53780.0 |   6 |
| Техника                           |    31000.0 |   1 |
| Охрана                            |    25228.0 |   1 |
| Топливо                           |    11070.0 |   3 |
| Покупка основных средств          |     7786.0 |   1 |
| Офисные расходы                   |     6576.0 |   3 |
| Логистика                         |     4386.0 |   8 |
| Ремонт оборудования               |     3000.0 |   1 |
| Коммунальные услуги               |    1859.53 |   2 |
+-----------------------------------+------------+-----+

########## 5. ПРОД МИНУС STAGING ПО МЕСЯЦАМ ##########
   ОЖИДАНИЕ: ноль по всем месяцам до 2026-06 включительно.
   По 2026-07 допустима разница — staging заморожен на 2026-07-26T19:39Z,
   а прод только что пересобран на свежих данных. Любая другая разница = дефект.
+---------+---------------+---------------+-------+------------------+
|   ym    |     prod      |    staging    | delta | delta_dokumentov |
+---------+---------------+---------------+-------+------------------+
| 2024-04 |       11000.0 |       11000.0 |   0.0 |                0 |
| 2024-05 |       54250.0 |       54250.0 |   0.0 |                0 |
| 2024-06 |      195296.0 |      195296.0 |   0.0 |                0 |
| 2024-07 |     182771.64 |     182771.64 |   0.0 |                0 |
| 2024-08 |     813865.26 |     813865.26 |   0.0 |                0 |
| 2024-09 |    1213039.69 |    1213039.69 |   0.0 |                0 |
| 2024-10 |    3209300.02 |    3209300.02 |   0.0 |                0 |
| 2024-11 |    2774094.78 |    2774094.78 |   0.0 |                0 |
| 2024-12 |     5704804.2 |     5704804.2 |   0.0 |                0 |
| 2025-01 |    8772975.54 |    8772975.54 |   0.0 |                0 |
| 2025-02 |    5845771.53 |    5845771.53 |   0.0 |                0 |
| 2025-03 | 1.280561266E7 | 1.280561266E7 |   0.0 |                0 |
| 2025-04 |    6671203.68 |    6671203.68 |   0.0 |                0 |
| 2025-05 |    4463431.78 |    4463431.78 |   0.0 |                0 |
| 2025-06 |    5077048.94 |    5077048.94 |   0.0 |                0 |
| 2025-07 |     791877.77 |     791877.77 |   0.0 |                0 |
| 2025-08 |    4870144.19 |    4870144.19 |   0.0 |                0 |
| 2025-09 |    5312762.04 |    5312762.04 |   0.0 |                0 |
| 2025-10 |    3554333.75 |    3554333.75 |   0.0 |                0 |
| 2025-11 |    5101296.21 |    5101296.21 |   0.0 |                0 |
| 2025-12 |    6680533.95 |    6680533.95 |   0.0 |                0 |
| 2026-01 |    5148613.86 |    5148613.86 |   0.0 |                0 |
| 2026-02 |     8865222.2 |     8865222.2 |   0.0 |                0 |
| 2026-03 |    8186867.66 |    8186867.66 |   0.0 |                0 |
| 2026-04 | 1.018699168E7 | 1.018699168E7 |   0.0 |                0 |
| 2026-05 |  1.02329032E7 |  1.02329032E7 |   0.0 |                0 |
| 2026-06 | 1.111822666E7 | 1.111822666E7 |   0.0 |                0 |
| 2026-07 | 1.865174959E7 | 1.865174959E7 |   0.0 |                0 |
+---------+---------------+---------------+-------+------------------+

########## 6. СХЕМА ПРОДА ПОСЛЕ ПЕРЕСБОРКИ ##########
   колонок: 17 (ожидалось 17)
   moment, month_start, week_start, year_num, year_month, payment_type, expense_item_id, expense_item_name, agent_id, agent_name, project_id, project_name, sales_channel_id, sales_channel_name, payment_count, total_sum_kgs, total_sum_usd

########## ЯКОРЬ (конец) ##########
Mon Jul 27 15:55:26 UTC 2026
ilyasbazarov4@gmail.com
########## КОМАНД ЗАПИСИ НЕТ ##########
