=== date -u (start) ===
Tue Aug 11 05:49:11 UTC 2026
=== gcloud auth list (start) ===
     Credentialed Accounts
ACTIVE  ACCOUNT
*       ilyasbazarov4@gmail.com

To set the active account, run:
    $ gcloud config set account `ACCOUNT`

=== live values: fact_sales_staging ===
+------------+------------+
|  min_date  |  max_date  |
+------------+------------+
| 2026-08-04 | 2026-08-11 |
+------------+------------+
=== live values: fact_sales_perimeter_staging ===
+------------+------------+
|  min_date  |  max_date  |
+------------+------------+
| 2026-05-04 | 2026-08-03 |
+------------+------------+
=== gcloud auth list (end) ===
     Credentialed Accounts
ACTIVE  ACCOUNT
*       ilyasbazarov4@gmail.com

To set the active account, run:
    $ gcloud config set account `ACCOUNT`

=== date -u (end) ===
Tue Aug 11 05:49:18 UTC 2026
