=== date -u (start) ===
Mon Aug 10 20:10:03 UTC 2026
=== gcloud auth list (start) ===
     Credentialed Accounts
ACTIVE  ACCOUNT
*       ilyasbazarov4@gmail.com

To set the active account, run:
    $ gcloud config set account `ACCOUNT`

=== dry_run: guard SELECT против stg_msklad.fact_sales_staging ===
Query successfully validated. Assuming the tables are not modified, running this query will process 10175 bytes of data.
=== dry_run: guard SELECT против stg_msklad.fact_sales_perimeter_staging ===
Query successfully validated. Assuming the tables are not modified, running this query will process 139450 bytes of data.
=== gcloud auth list (end) ===
     Credentialed Accounts
ACTIVE  ACCOUNT
*       ilyasbazarov4@gmail.com

To set the active account, run:
    $ gcloud config set account `ACCOUNT`

=== date -u (end) ===
Mon Aug 10 20:10:08 UTC 2026
