=== date -u (start) ===
Tue Aug 11 05:48:56 UTC 2026
=== gcloud auth list (start) ===
     Credentialed Accounts
ACTIVE  ACCOUNT
*       ilyasbazarov4@gmail.com

To set the active account, run:
    $ gcloud config set account `ACCOUNT`

=== dry_run: обновлённый guard SELECT против stg_msklad.fact_sales_staging ===
Query successfully validated. Assuming the tables are not modified, running this query will process 9825 bytes of data.
=== dry_run: обновлённый guard SELECT против stg_msklad.fact_sales_perimeter_staging ===
Query successfully validated. Assuming the tables are not modified, running this query will process 139450 bytes of data.
=== gcloud auth list (end) ===
     Credentialed Accounts
ACTIVE  ACCOUNT
*       ilyasbazarov4@gmail.com

To set the active account, run:
    $ gcloud config set account `ACCOUNT`

=== date -u (end) ===
Tue Aug 11 05:49:01 UTC 2026
