--- документы entity/demand, выписанные на контрагентов-маркетплейсов ---
  ООО "РВБ"  moment=2026-05-12 14:44:00.000  name=04235  sum=1980000.00 KGS  applicable=True
  документов: 1, сумма: 1980000.00

--- документы entity/retaildemand на этих контрагентов ---
  документов: 0, сумма: 0.00

--- сторона отчёта по этим трём контрагентам ---
  UMAI WB (Договор КР)               sellSum=  2111374.17  salesCount=3
  Bloom WB (Договор)                 sellSum=    18870.91  salesCount=3
  ООО "РВБ"                          sellSum=     2783.00  salesCount=1
  итого: 2133028.08, salesCount=7

=== реконструкция суммы ===
  отчёт  sellSum                                 =    93234205.80
  опт  Σ demand.sum                              =    91892755.66
  минус отгрузки контрагентам-маркетплейсам      =    -1980000.00
  розница Σ retaildemand.sum                     =     1188422.00
  ------------------------------------------------------------
  необъяснённый остаток (кандидат = комиссия)    =     2133028.14

=== реконструкция счётчика ===
  отчёт salesCount                               =            639
  документов demand 127 − отгрузок маркетплейсам 1 =          126
  документов retaildemand                        =            506
  ------------------------------------------------------------
  необъяснённый остаток документов               =              7
