=== date -u (start) ===
Sun Aug  9 11:00:41 UTC 2026
=== gcloud auth list (start) ===
     Credentialed Accounts
ACTIVE  ACCOUNT
*       ilyasbazarov4@gmail.com

To set the active account, run:
    $ gcloud config set account `ACCOUNT`

=== gcloud functions describe cf-facts (post-deploy) ===
revision: cf-facts-00011-mab
archive: gs://gcf-v2-sources-420804682491-asia-east1/cf-facts/function-source.zip#1786273160918659
=== download new archive by pinned generation ===
Copying gs://gcf-v2-sources-420804682491-asia-east1/cf-facts/function-source.zip#1786273160918659 to file://live_archive_post/function-source.zip
  
..........................
=== мусор в архиве? ===
(пусто выше = мусора нет)
=== sha256 нового живого архива (все файлы функции) ===
c1d5f0594a46f176dad33afffb3944fae378148cd7d27b0bd2c81230d020dd21  live_archive_post/helpers.py
7f3dcefadb0de4782d9f09964f5c5baf5d423375406c1f6f2846356ddd663bd1  live_archive_post/fetch_returns.py
159e498789168b0206beca15bf719e3541a2564ec93d786abec8ed7860befafb  live_archive_post/fetch_purchases.py
97b9ce3aa54085aab0739fd315890db22be8c837e829a9170ebce385ba6642d8  live_archive_post/main.py
e8bb06596bc64a22889890cff583a2d8ed8325ef4c5941d48a8769c2e18c90d8  live_archive_post/bq_ops.py
56e77eff536ce8fe2a1c3a015c2633ed1317e8a9cbbd9729165d5a7af38de63a  live_archive_post/config.py
0c041a8d50f4731ad71aabcf678f388c13d8ba9af6ccb6548af9ccb6fc514051  live_archive_post/requirements.txt
=== sha256 ветки deploy/cf-facts-2026-08-09-moment-zone (те же файлы) ===
c1d5f0594a46f176dad33afffb3944fae378148cd7d27b0bd2c81230d020dd21  code_repo/cf-facts/helpers.py
7f3dcefadb0de4782d9f09964f5c5baf5d423375406c1f6f2846356ddd663bd1  code_repo/cf-facts/fetch_returns.py
159e498789168b0206beca15bf719e3541a2564ec93d786abec8ed7860befafb  code_repo/cf-facts/fetch_purchases.py
97b9ce3aa54085aab0739fd315890db22be8c837e829a9170ebce385ba6642d8  code_repo/cf-facts/main.py
e8bb06596bc64a22889890cff583a2d8ed8325ef4c5941d48a8769c2e18c90d8  code_repo/cf-facts/bq_ops.py
56e77eff536ce8fe2a1c3a015c2633ed1317e8a9cbbd9729165d5a7af38de63a  code_repo/cf-facts/config.py
0c041a8d50f4731ad71aabcf678f388c13d8ba9af6ccb6548af9ccb6fc514051  code_repo/cf-facts/requirements.txt
=== date -u (end) ===
Sun Aug  9 11:00:53 UTC 2026
=== gcloud auth list (end) ===
     Credentialed Accounts
ACTIVE  ACCOUNT
*       ilyasbazarov4@gmail.com

To set the active account, run:
    $ gcloud config set account `ACCOUNT`

