=== date -u (start) ===
Wed Aug 12 06:58:08 UTC 2026
=== gcloud auth list (start) ===
     Credentialed Accounts
ACTIVE  ACCOUNT
*       ilyasbazarov4@gmail.com

To set the active account, run:
    $ gcloud config set account `ACCOUNT`

=== bq query: snapshot vs current row counts per group (agent_id + date) ===
+----------------+--------------------------------------+------------------+--------+-----------+-------+
|      grp       |               agent_id               | transaction_date | n_snap | n_current | delta |
+----------------+--------------------------------------+------------------+--------+-----------+-------+
| G10_0727a      | 75d7c694-78f9-11f0-0a80-077d000b5e09 |       2026-07-27 |     12 |        11 |     1 |
| G11_0727b      | f4201bf6-6390-11f0-0a80-0fa2000d75eb |       2026-07-27 |     12 |        11 |     1 |
| G12_0729       | 79dc242a-1baf-11f1-0a80-138a002eeb35 |       2026-07-29 |     19 |        18 |     1 |
| G13_0730       | b3667c34-3ca3-11f0-0a80-15ce0025d38d |       2026-07-30 |     48 |        45 |     3 |
| G1_marketplace | 31d135bc-4df8-11f1-0a80-1c8a0053c5b4 |       2026-05-12 |      2 |         0 |     2 |
| G2_0603        | b3667c34-3ca3-11f0-0a80-15ce0025d38d |       2026-06-03 |     15 |        13 |     2 |
| G3_0604        | 18a13a53-87c0-11ef-0a80-1568002f42aa |       2026-06-04 |     18 |        17 |     1 |
| G4_0615        | b3667c34-3ca3-11f0-0a80-15ce0025d38d |       2026-06-15 |      7 |         6 |     1 |
| G5_0702        | 2db2c3dd-5f17-11f1-0a80-1d6500046ebf |       2026-07-02 |     49 |        48 |     1 |
| G6_0711        | b3667c34-3ca3-11f0-0a80-15ce0025d38d |       2026-07-11 |      2 |         1 |     1 |
| G7_0713        | 4d4bb3c6-7396-11f1-0a80-1357002a9eb8 |       2026-07-13 |     16 |        10 |     6 |
| G8_0720        | a08652a8-5e52-11f1-0a80-0cb7000604b7 |       2026-07-20 |     34 |        33 |     1 |
| G9_0721        | 356fb156-83ed-11f1-0a80-173600242e0d |       2026-07-21 |      8 |         0 |     8 |
+----------------+--------------------------------------+------------------+--------+-----------+-------+
=== date -u (end) ===
Wed Aug 12 06:58:12 UTC 2026
=== gcloud auth list (end) ===
     Credentialed Accounts
ACTIVE  ACCOUNT
*       ilyasbazarov4@gmail.com

To set the active account, run:
    $ gcloud config set account `ACCOUNT`

