=== date -u (start) ===
Sun Aug  2 15:04:29 UTC 2026
=== gcloud auth list (start) ===
     Credentialed Accounts
ACTIVE  ACCOUNT
*       ilyasbazarov4@gmail.com

To set the active account, run:
    $ gcloud config set account `ACCOUNT`

=== gcloud workflows describe msklad-pipeline-hourly ===
=== extract sourceContents (decode) ===
4768 bytes written
=== grep cf-alert / raise_dq_failed in workflow source ===
99:    - check_dq:
108:              - raise_dq_failed:
=== also weekly workflow, if it exists ===
6617 bytes written
113:    - check_dq:
122:              - raise_dq_failed:
=== date -u (end) ===
Sun Aug  2 15:04:34 UTC 2026
=== gcloud auth list (end) ===
     Credentialed Accounts
ACTIVE  ACCOUNT
*       ilyasbazarov4@gmail.com

To set the active account, run:
    $ gcloud config set account `ACCOUNT`

