=== UTC anchor (start) ===
Sat Aug  8 09:09:58 UTC 2026
=== caller identity (start) ===
     Credentialed Accounts
ACTIVE  ACCOUNT
*       ilyasbazarov4@gmail.com

To set the active account, run:
    $ gcloud config set account `ACCOUNT`


=== dry_run: merge_sql_hourly.sql ===
Error in query string: Name document_owner_employee_id not found inside s at
[11:7]
--- exit code: 1 ---

=== dry_run: merge_sql_weekly.sql ===
Error in query string: Name document_owner_employee_id not found inside s at
[11:7]
--- exit code: 1 ---

=== dry_run: merge_sql_perimeter.sql ===
Query successfully validated. Assuming the tables are not modified, running this query will process upper bound of 12818703 bytes of data.
--- exit code: 0 ---
=== UTC anchor (end) ===
Sat Aug  8 09:10:05 UTC 2026
=== caller identity (end) ===
     Credentialed Accounts
ACTIVE  ACCOUNT
*       ilyasbazarov4@gmail.com

To set the active account, run:
    $ gcloud config set account `ACCOUNT`

