=== date -u (start) ===
Sun Aug  2 20:24:31 UTC 2026
=== gh auth list (start) ===
github.com
  ✓ Logged in to github.com account ilyasbazarov (keyring)
  - Active account: true
  - Git operations protocol: https

=== repo view ===
{"createdAt":"2026-08-01T15:43:51Z","defaultBranchRef":{"name":"master"},"isPrivate":false,"name":"holika-prod","pushedAt":"2026-08-01T16:35:55Z","url":"https://github.com/ilyasbazarov/holika-prod"}

=== commits ===
4317047333d6311d7439e8e7215de3b3638a4ddd  2026-08-01T14:09:49Z  Ilyas Bazarov  Seed from deployed revision cf-finance-00012-cik (generation 1784560843778541)

=== tree master recursive ===
blob 70 .gitignore
blob 6550 main.py
blob 75 requirements.txt

=== branches ===
master

=== date -u (end) ===
Sun Aug  2 20:24:35 UTC 2026
=== gh auth list (end) ===
github.com
  ✓ Logged in to github.com account ilyasbazarov (keyring)
  - Active account: true
  - Git operations protocol: https
