Mon Aug  3 18:21:18 UTC 2026
     Credentialed Accounts
ACTIVE  ACCOUNT
*       ilyasbazarov4@gmail.com

To set the active account, run:
    $ gcloud config set account `ACCOUNT`

=== executions list (last 10, hourly) ===
NAME                                  STATE   START_TIME
717473bf-3b22-4ab6-ab99-43042a19f38d  FAILED  2026-08-03T18:00:03.001754389Z
b0b2d4d3-a0ca-4d5e-ae97-1fe968d3ef04  FAILED  2026-08-03T17:00:02.404110313Z
e15c9e85-ed9b-48a6-b9a3-fe427cd3533d  FAILED  2026-08-03T16:00:02.717672194Z
f8e90f38-e3ad-4db4-80a6-447b54aac9b4  FAILED  2026-08-03T15:00:02.656791282Z
15ba294b-783d-4e89-8694-d75e7f3ee52d  FAILED  2026-08-03T14:00:03.856883840Z
dd88d44e-dad0-4866-adc9-6af9f1c48157  FAILED  2026-08-03T13:00:02.789161342Z
89e3396c-79e7-4182-854e-028a909d1e7b  FAILED  2026-08-03T12:00:02.664379045Z
3f6a4f69-8ee3-4ad5-9be5-b383c4945c0a  FAILED  2026-08-03T11:00:02.299655267Z
29be9beb-3fde-4d35-a690-e57856867662  FAILED  2026-08-03T10:00:02.920290784Z
2e538083-9421-4ef2-9f9f-587ec8e2210b  FAILED  2026-08-03T09:00:02.740793781Z
=== executions describe for 17:00Z / 18:00Z / 19:00Z window ===
717473bf-3b22-4ab6-ab99-43042a19f38d	FAILED	2026-08-03T18:00:03.001754389Z
b0b2d4d3-a0ca-4d5e-ae97-1fe968d3ef04	FAILED	2026-08-03T17:00:02.404110313Z
e15c9e85-ed9b-48a6-b9a3-fe427cd3533d	FAILED	2026-08-03T16:00:02.717672194Z
f8e90f38-e3ad-4db4-80a6-447b54aac9b4	FAILED	2026-08-03T15:00:02.656791282Z
15ba294b-783d-4e89-8694-d75e7f3ee52d	FAILED	2026-08-03T14:00:03.856883840Z
dd88d44e-dad0-4866-adc9-6af9f1c48157	FAILED	2026-08-03T13:00:02.789161342Z
89e3396c-79e7-4182-854e-028a909d1e7b	FAILED	2026-08-03T12:00:02.664379045Z
3f6a4f69-8ee3-4ad5-9be5-b383c4945c0a	FAILED	2026-08-03T11:00:02.299655267Z
29be9beb-3fde-4d35-a690-e57856867662	FAILED	2026-08-03T10:00:02.920290784Z
2e538083-9421-4ef2-9f9f-587ec8e2210b	FAILED	2026-08-03T09:00:02.740793781Z
=== drift_check body via logging, 2026-08-03T16:55Z..2026-08-03T19:30Z ===
2026-08-03T17:02:09.863737Z		
2026-08-03T18:02:15.926985Z		
=== workflow CRITICAL body for DQ Gate FAILED, same window ===
2026-08-03T17:02:13.567884184Z	[HOURLY] DQ Gate FAILED run_id=1785776402.4924536 details={"checks":[{"detail":"staging_count=822","name":"not_empty","passed":true},{"detail":"yesterday_rev=0, ma7=4774584, ratio=0.00, threshold=0.03 (weekend), target_date=2026-08-02","name":"drift_check","passed":false},{"detail":"orphan_product_ids=0","name":"fk_integrity","passed":true},{"detail":"max_date=2026-08-03, lag_days=0","name":"freshness","passed":true},{"detail":"bad_margin_rows=0 (core, last 7d)","name":"margin_sanity","passed":true},{"detail":"avg_revenue_kgs=40502.91","name":"currency_normalization","passed":true}],"failed_checks":["drift_check"],"passed":false,"run_id":1785776402.4924536,"status":"FAILED"}	
2026-08-03T17:02:13.707572314Z		@type=type.googleapis.com/google.cloud.workflows.type.ExecutionsSystemLog;activityTime=2026-08-03T17:02:13Z;failure={'exception': 'RuntimeError: "DQ Gate failed — promote blocked"\nin step "raise_dq_failed", routine "main", line: 109: "DQ Gate failed — promote blocked"', 'source': 'main.raise_dq_failed, line: 109'};state=FAILED
2026-08-03T18:02:19.017506543Z	[HOURLY] DQ Gate FAILED run_id=1785780003.0450466 details={"checks":[{"detail":"staging_count=822","name":"not_empty","passed":true},{"detail":"yesterday_rev=191800, ma7=5533699, ratio=0.03, threshold=0.1 (weekday), target_date=2026-08-03","name":"drift_check","passed":false},{"detail":"orphan_product_ids=0","name":"fk_integrity","passed":true},{"detail":"max_date=2026-08-03, lag_days=1","name":"freshness","passed":true},{"detail":"bad_margin_rows=0 (core, last 7d)","name":"margin_sanity","passed":true},{"detail":"avg_revenue_kgs=40502.91","name":"currency_normalization","passed":true}],"failed_checks":["drift_check"],"passed":false,"run_id":1785780003.0450466,"status":"FAILED"}	
2026-08-03T18:02:19.126895884Z		@type=type.googleapis.com/google.cloud.workflows.type.ExecutionsSystemLog;activityTime=2026-08-03T18:02:19Z;failure={'exception': 'RuntimeError: "DQ Gate failed — promote blocked"\nin step "raise_dq_failed", routine "main", line: 109: "DQ Gate failed — promote blocked"', 'source': 'main.raise_dq_failed, line: 109'};state=FAILED
Mon Aug  3 18:21:53 UTC 2026
     Credentialed Accounts
ACTIVE  ACCOUNT
*       ilyasbazarov4@gmail.com

To set the active account, run:
    $ gcloud config set account `ACCOUNT`

