=== UTC anchor (start) ===
Tue Aug 11 08:10:20 UTC 2026
=== auth identity (start) ===
     Credentialed Accounts
ACTIVE  ACCOUNT
*       ilyasbazarov4@gmail.com

To set the active account, run:
    $ gcloud config set account `ACCOUNT`

=== gcloud functions describe cf-facts ===
revision=cf-facts-00011-mab
bucket=gcf-v2-sources-420804682491-asia-east1
object=cf-facts/function-source.zip
generation=1786273160918659
=== download pinned archive ===
Copying gs://gcf-v2-sources-420804682491-asia-east1/cf-facts/function-source.zip#1786273160918659 to file:///Users/ilyasbazarov/Desktop/msklad_project/holika/worktrees/SALES-REFRESH-WINDOW/reference/_scratch_SALES-REFRESH-WINDOW-DEPLOY_2026-08-11/live_archive/function-source.zip
  
................................................................................
=== sha256 live archive (cf-facts/*.py, config.py, requirements.txt) ===
e8bb06596bc64a22889890cff583a2d8ed8325ef4c5941d48a8769c2e18c90d8  ./bq_ops.py
56e77eff536ce8fe2a1c3a015c2633ed1317e8a9cbbd9729165d5a7af38de63a  ./config.py
88e1a13881103e0faa5ec21a5a07ddd2fc83e9cc9eb4fb9fe67a0da25fb60ff1  ./fetch_byvariant.py
b092863efa75346208ee4aa8aa7cde60be42024415638386f76ec6fc96bcf358  ./fetch_demands.py
f609d5656fe6cf79941ffb3c904a122afabe2f5b7633a846a7f5ae713314275e  ./fetch_perimeter.py
159e498789168b0206beca15bf719e3541a2564ec93d786abec8ed7860befafb  ./fetch_purchases.py
7f3dcefadb0de4782d9f09964f5c5baf5d423375406c1f6f2846356ddd663bd1  ./fetch_returns.py
c1d5f0594a46f176dad33afffb3944fae378148cd7d27b0bd2c81230d020dd21  ./helpers.py
97b9ce3aa54085aab0739fd315890db22be8c837e829a9170ebce385ba6642d8  ./main.py
0c041a8d50f4731ad71aabcf678f388c13d8ba9af6ccb6548af9ccb6fc514051  ./requirements.txt
=== clone holika-prod master ===
=== master HEAD ===
5ad954447d6de5ed5fd27cd029132ac87c42d6b5
=== sha256 master cf-facts/ ===
e8bb06596bc64a22889890cff583a2d8ed8325ef4c5941d48a8769c2e18c90d8  ./bq_ops.py
56e77eff536ce8fe2a1c3a015c2633ed1317e8a9cbbd9729165d5a7af38de63a  ./config.py
88e1a13881103e0faa5ec21a5a07ddd2fc83e9cc9eb4fb9fe67a0da25fb60ff1  ./fetch_byvariant.py
b092863efa75346208ee4aa8aa7cde60be42024415638386f76ec6fc96bcf358  ./fetch_demands.py
f609d5656fe6cf79941ffb3c904a122afabe2f5b7633a846a7f5ae713314275e  ./fetch_perimeter.py
159e498789168b0206beca15bf719e3541a2564ec93d786abec8ed7860befafb  ./fetch_purchases.py
7f3dcefadb0de4782d9f09964f5c5baf5d423375406c1f6f2846356ddd663bd1  ./fetch_returns.py
c1d5f0594a46f176dad33afffb3944fae378148cd7d27b0bd2c81230d020dd21  ./helpers.py
97b9ce3aa54085aab0739fd315890db22be8c837e829a9170ebce385ba6642d8  ./main.py
0c041a8d50f4731ad71aabcf678f388c13d8ba9af6ccb6548af9ccb6fc514051  ./requirements.txt
=== auth identity (end) ===
     Credentialed Accounts
ACTIVE  ACCOUNT
*       ilyasbazarov4@gmail.com

To set the active account, run:
    $ gcloud config set account `ACCOUNT`

=== UTC anchor (end) ===
Tue Aug 11 08:10:46 UTC 2026
SCRATCH_PATH=/Users/ilyasbazarov/Desktop/msklad_project/holika/worktrees/SALES-REFRESH-WINDOW/reference/_scratch_SALES-REFRESH-WINDOW-DEPLOY_2026-08-11
