=== date -u (start) ===
Wed Aug 12 05:09:26 UTC 2026
=== gcloud auth list (start) ===
     Credentialed Accounts
ACTIVE  ACCOUNT
*       ilyasbazarov4@gmail.com

To set the active account, run:
    $ gcloud config set account `ACCOUNT`

### 2/4 perimeter (staging периметра) ###
=== POST mode=perimeter window_days=106 run_id=salesrefreshwindowdeploy106b (Wed Aug 12 05:09:27 UTC 2026) ===
{"commissionreportin_positions_fetched":4156,"date_from":"2026-04-28","date_to":"2026-08-12","mode":"perimeter","retaildemand_positions_fetched":1441,"run_id":"salesrefreshwindowdeploy106b","staging_rows_loaded":5597,"status":"ok"}

HTTP_STATUS:200

=== конец mode=perimeter (Wed Aug 12 05:15:51 UTC 2026) rc=0 ===
### 3/4 promote (MERGE продажи) ###
=== POST mode=promote window_days=106 run_id=salesrefreshwindowdeploy106b (Wed Aug 12 05:15:52 UTC 2026) ===
{"coverage_stats":{"agent_coverage":1.0,"cogs_coverage":0.5527,"total_revenue_kgs":343903970.59,"total_rows":13314,"usd_coverage":1.0},"merge_stats":{"affected_rows":7772,"cogs_source":"msklad-bi-prod.stg_msklad.byvariant_staging","staging_rows":7690,"window_days":106},"mode":"promote","run_id":"salesrefreshwindowdeploy106b","status":"ok"}

HTTP_STATUS:200

=== конец mode=promote (Wed Aug 12 05:15:58 UTC 2026) rc=0 ===
### 4/4 perimeter_promote (MERGE периметр) ###
=== POST mode=perimeter_promote window_days=106 run_id=salesrefreshwindowdeploy106b (Wed Aug 12 05:15:59 UTC 2026) ===
{"error":"promote_perimeter_to_core: \u043f\u0440\u0435\u0434\u043e\u0445\u0440\u0430\u043d\u0438\u0442\u0435\u043b\u044c ADR-145 \u00a74 (\u0433\u043b\u0443\u0431\u0438\u043d\u0430) \u2014 staging \u043f\u043e\u043a\u0440\u044b\u0432\u0430\u0435\u0442 \u0441 2026-05-04, \u0430 \u043e\u043a\u043d\u043e MERGE \u043d\u0430\u0447\u0438\u043d\u0430\u0435\u0442\u0441\u044f 2026-04-28 (window_days=106, \u0434\u043e\u043f\u0443\u0441\u043a 3\u0434 \u2192 2026-05-01). \u041f\u043e\u043a\u0440\u044b\u0442\u0438\u0435 staging \u0443\u0436\u0435 \u043e\u043a\u043d\u0430 MERGE \u2014 \u0432\u0435\u0442\u043a\u0430 DELETE \u0443\u0434\u0430\u043b\u0438\u043b\u0430 \u0431\u044b \u0441\u0442\u0440\u043e\u043a\u0438 \u0432\u043d\u0443\u0442\u0440\u0438 \u043e\u043a\u043d\u0430, \u043e\u0442\u0441\u0443\u0442\u0441\u0442\u0432\u0443\u044e\u0449\u0438\u0435 \u0432 staging \u043d\u0435 \u043f\u043e\u0442\u043e\u043c\u0443 \u0447\u0442\u043e \u0438\u0441\u0447\u0435\u0437\u043b\u0438 \u0432 \u0438\u0441\u0442\u043e\u0447\u043d\u0438\u043a\u0435. \u041e\u0442\u043a\u0430\u0437, MERGE \u043d\u0435 \u0438\u0441\u043f\u043e\u043b\u043d\u044f\u0435\u0442\u0441\u044f.","mode":"perimeter_promote","run_id":"salesrefreshwindowdeploy106b","status":"error"}

HTTP_STATUS:500

=== конец mode=perimeter_promote (Wed Aug 12 05:16:01 UTC 2026) rc=0 ===
=== gcloud auth list (end) ===
     Credentialed Accounts
ACTIVE  ACCOUNT
*       ilyasbazarov4@gmail.com

To set the active account, run:
    $ gcloud config set account `ACCOUNT`

=== date -u (end) ===
Wed Aug 12 05:16:01 UTC 2026
