=== date -u (start) ===
Tue Aug 11 16:42:29 UTC 2026
=== gcloud auth list (start) ===
     Credentialed Accounts
ACTIVE  ACCOUNT
*       ilyasbazarov4@gmail.com

To set the active account, run:
    $ gcloud config set account `ACCOUNT`

=== update-traffic to cf-facts-00014-doh=100 ===
Updating traffic...
Routing traffic........................................................................done
Done.
URL: https://cf-facts-xw5u2boozq-de.a.run.app
Traffic:
  100% cf-facts-00014-doh
=== traffic after ===
status.traffic: [{'percent': 100, 'revisionName': 'cf-facts-00014-doh'}]
=== gcloud auth list (end) ===
     Credentialed Accounts
ACTIVE  ACCOUNT
*       ilyasbazarov4@gmail.com

To set the active account, run:
    $ gcloud config set account `ACCOUNT`

=== date -u (end) ===
Tue Aug 11 16:42:46 UTC 2026
