=== UTC anchor (start) ===
Tue Aug 11 08:36:12 UTC 2026
=== auth identity (start) ===
     Credentialed Accounts
ACTIVE  ACCOUNT
*       ilyasbazarov4@gmail.com

To set the active account, run:
    $ gcloud config set account `ACCOUNT`

=== deploy cf-facts from /Users/ilyasbazarov/Desktop/msklad_project/holika/worktrees/SALES-REFRESH-WINDOW/reference/_scratch_SALES-REFRESH-WINDOW-DEPLOY_2026-08-11/holika-prod/cf-facts ===
Preparing function...
.........done.
Updating function (may take a while)...
[Build].............................................................................................................................................................................................................................................................................................................................................................................................................................................................................................................................................................................................................................................................................................................................................................................................................done
[Service].....................................................................................................................................................................................................warning
Completed with warnings:
  [INFO] A new revision will be deployed serving with 100% traffic.
You can view your function in the Cloud Console here: https://console.cloud.google.com/functions/details/asia-east1/cf-facts?project=msklad-bi-prod

buildConfig:
  automaticUpdatePolicy: {}
  build: projects/420804682491/locations/asia-east1/builds/c43c6be6-01b3-4999-afff-d71d47519c54
  dockerRegistry: ARTIFACT_REGISTRY
  dockerRepository: projects/msklad-bi-prod/locations/asia-east1/repositories/gcf-artifacts
  entryPoint: main
  runtime: python312
  serviceAccount: projects/msklad-bi-prod/serviceAccounts/420804682491-compute@developer.gserviceaccount.com
  source:
    storageSource:
      bucket: gcf-v2-sources-420804682491-asia-east1
      generation: '1786437392633949'
      object: cf-facts/function-source.zip
  sourceProvenance:
    resolvedStorageSource:
      bucket: gcf-v2-sources-420804682491-asia-east1
      generation: '1786437392633949'
      object: cf-facts/function-source.zip
createTime: '2026-05-06T08:26:29.388991725Z'
environment: GEN_2
labels:
  deployment-tool: cli-gcloud
name: projects/msklad-bi-prod/locations/asia-east1/functions/cf-facts
satisfiesPzi: true
serviceConfig:
  allTrafficOnLatestRevision: true
  availableCpu: '1'
  availableMemory: 2048M
  environmentVariables:
    LOG_EXECUTION_ID: 'true'
  ingressSettings: ALLOW_ALL
  maxInstanceCount: 5
  maxInstanceRequestConcurrency: 1
  minInstanceCount: 1
  revision: cf-facts-00012-ber
  secretEnvironmentVariables:
  - key: MSKLAD_TOKEN
    projectId: '420804682491'
    secret: msklad-token
    version: latest
  service: projects/msklad-bi-prod/locations/asia-east1/services/cf-facts
  serviceAccountEmail: etl-sa@msklad-bi-prod.iam.gserviceaccount.com
  timeoutSeconds: 540
  uri: https://cf-facts-xw5u2boozq-de.a.run.app
state: ACTIVE
updateTime: '2026-08-11T08:38:15.804079195Z'
url: https://asia-east1-msklad-bi-prod.cloudfunctions.net/cf-facts
=== auth identity (end) ===
     Credentialed Accounts
ACTIVE  ACCOUNT
*       ilyasbazarov4@gmail.com

To set the active account, run:
    $ gcloud config set account `ACCOUNT`

=== UTC anchor (end) ===
Tue Aug 11 08:38:20 UTC 2026
