ПОПУЛЯЦИЯ: все сессии проекта с >=20 обменов, БЕЗ разбиения по ролям
(разбиение отброшено: две попытки автоклассификации по тексту дали заведомо ложные группы)
  сессий: 84
  обменов:      медиана      86  p25      62  p75     118  макс     283
  выход:        медиана  75,867  p25  45,577  p75 143,607  макс 539,665
  чтение кэша:  медиана   14,421,199  p75   23,794,540  макс   82,257,855

ЭТА СКВОЗНАЯ СЕССИЯ (четыре хода: вердикт, калибровка+ревизия, замер июля, фикс инструмента)
  обменов 222 | выход 499,021 | чтение кэша 79,593,445 | свежий вход 420

СРАВНЕНИЕ: одна сквозная против N типовых сессий по медиане популяции
  N   выход N сессий  отношение     кэш N сессий  отношение
  3          227,601       2.19       43,263,597       1.84
  4          303,468       1.64       57,684,796       1.38
  5          379,335       1.32       72,105,995       1.10

НА ЕДИНИЦУ РАБОТЫ (обмен):
  эта сессия:  выход/обмен     2248   кэш/обмен      358,529
  медиана:     выход/обмен      884   кэш/обмен      169,084

Сессии, сопоставимые по длине (>=200 обменов), для контроля:
  cf329fad DEPLOY-REVISION-PROBE              обменов  283 выход  539,665 кэш    72,932,874
  d1fa73c3 PARITY-STOCK-SNAPSHOT-SYNC         обменов  250 выход  458,833 кэш    82,257,855
  ccf0767f REGISTRY-COMPACT-ADJ               обменов  273 выход  440,816 кэш    70,252,938
  1aafe061 UNGATED-QUEUE-ADJ                  обменов  248 выход  424,504 кэш    75,828,055
  34bbc3c0 INVOICES-PROGRAMME                 обменов  234 выход  331,249 кэш    51,275,158
  1119ab51 FX-POLICY-EXPENSES                 обменов  232 выход  192,802 кэш    58,045,779
