сессий в выборке (>=20 обменов): 85  из них проходов сборки: 72

ЭТА СЕССИЯ (сквозная, четыре хода + делегированная сборка):
  обменов 222, выход 499,021, свежий вход 420, кэш 79,593,445
  опознана по ветке как: PARITY-STOCK-INTRANSIT-CLOSE

РАБОЧИЕ СЕССИИ (без проходов сборки): n=12
  выход: медиана 65,654  среднее 86,847  мин 25,310  макс 192,802
ПРОХОДЫ СБОРКИ: n=72
  выход: медиана 76,678  среднее 119,685  мин 14,558  макс 539,665

СРАВНЕНИЕ, о котором спрашивал владелец:
  эта сквозная сессия, выход:            499,021
  3 типовых рабочих сессии по медиане:  196,963   (отношение 2.53)
  4 типовых рабочих сессии по медиане:  262,618   (отношение 1.90)
  5 типовых рабочих сессии по медиане:  328,272   (отношение 1.52)

ДОЛЯ СВЕЖЕГО ВХОДА (остальное — чтение кэша, оно дешевле):
  эта сессия: 0.0005%
  медиана по рабочим сессиям: 0.0127%

ТОП рабочих сессий по выходу (контроль перекоса медианы):
  1119ab51 FX-POLICY-EXPENSES                     выход  192,802 обменов  232
  07d279d3 DQ-GATE-BEHAVIOR-PROBE-2               выход  159,356 обменов   86
  3c511694 FX-POLICY-EXPENSES                     выход  149,519 обменов  153
  8ac808de PIPE-BASE-SYNC                         выход  129,962 обменов   48
  b00b6e7b PARITY-REGISTRY                        выход   75,867 обменов  110
  84b26e80 FX-POLICY-EXPENSES                     выход   66,003 обменов   50
  5e4e79a4 FX-MAY-WINDOW                          выход   65,306 обменов   67
  c5cedffc CODE-REPO-STANDUP-D1                   выход   61,004 обменов  107
