=== СТАРТ ===
Fri Jul 31 13:52:40 UTC 2026
     Credentialed Accounts
ACTIVE  ACCOUNT
*       ilyasbazarov4@gmail.com

To set the active account, run:
    $ gcloud config set account `ACCOUNT`

Google Cloud SDK 577.0.0
alpha 2026.07.17
=== ЗАПУСК cloud-shell ssh (read-only) ===
Listening on local port [62076].
Tunnel stopped.
Listening on local port [62081].
--- load_payments.py (полный текст) ---
import os
import requests
import datetime
from google.cloud import bigquery

TOKEN = os.environ.get("TOKEN")
PROJECT = "msklad-bi-prod"
STG_TABLE = f"{PROJECT}.core.fact_payments_stg"
BQ = bigquery.Client(project=PROJECT)

def parse_href(meta_obj):
    href = (meta_obj or {}).get("meta", {}).get("href")
    return href.split("/")[-1].split("?")[0] if href else None

records = []
for entity_type in ["paymentout", "cashout"]:
    print(f"Fetching {entity_type}...")
    url = f"https://api.moysklad.ru/api/remap/1.2/entity/{entity_type}?expand=expenseItem,agent,project,salesChannel&limit=1000"
    headers = {"Authorization": f"Bearer {TOKEN}"}
    
    while url:
        resp = requests.get(url, headers=headers).json()
        for row in resp.get("rows", []):
            records.append({
                "payment_id": row.get("id"),
                "payment_name": str(row.get("name")) if row.get("name") is not None else None,
                "payment_type": entity_type,
                "moment": row.get("moment"),
                "expense_item_id": parse_href(row.get("expenseItem")),
                "expense_item_name": row.get("expenseItem", {}).get("name"),
                "agent_id": parse_href(row.get("agent")),
                "agent_name": row.get("agent", {}).get("name"),
                "project_id": parse_href(row.get("project")),
                "project_name": row.get("project", {}).get("name"),
                "sales_channel_id": parse_href(row.get("salesChannel")),
                "sales_channel_name": row.get("salesChannel", {}).get("name"),
                "payment_purpose": row.get("paymentPurpose"),
                "sum_kgs": (row.get("sum") or 0) / 100.0,
                "_loaded_at": datetime.datetime.now(datetime.timezone.utc).strftime('%Y-%m-%d %H:%M:%S')
            })
        url = resp.get("meta", {}).get("nextHref")

print(f"Total records fetched: {len(records)}")

if records:
    print("Loading to STG table...")
    job_config = bigquery.LoadJobConfig(
        write_disposition="WRITE_TRUNCATE",
        source_format=bigquery.SourceFormat.NEWLINE_DELIMITED_JSON
    )
    BQ.load_table_from_json(records, STG_TABLE, job_config=job_config).result()
    
    print("Executing MERGE into core table...")
    merge_sql = """
    MERGE `msklad-bi-prod.core.fact_payments` T
    USING `msklad-bi-prod.core.fact_payments_stg` S
    ON T.payment_id = S.payment_id
    WHEN MATCHED THEN UPDATE SET
       T.payment_name        = S.payment_name,
       T.payment_type        = S.payment_type,
       T.moment              = S.moment,
       T.expense_item_id     = S.expense_item_id,
       T.expense_item_name   = S.expense_item_name,
       T.agent_id            = S.agent_id,
       T.agent_name          = S.agent_name,
       T.project_id          = S.project_id,
       T.project_name        = S.project_name,
       T.sales_channel_id    = S.sales_channel_id,
       T.sales_channel_name  = S.sales_channel_name,
       T.payment_purpose     = S.payment_purpose,
       T.sum_kgs             = S.sum_kgs,
       T._loaded_at          = S._loaded_at
    WHEN NOT MATCHED THEN INSERT (
       payment_id, payment_name, payment_type, moment,
       expense_item_id, expense_item_name, agent_id, agent_name,
       project_id, project_name, sales_channel_id, sales_channel_name,
       payment_purpose, sum_kgs, _loaded_at
    ) VALUES (
       S.payment_id, S.payment_name, S.payment_type, S.moment,
       S.expense_item_id, S.expense_item_name, S.agent_id, S.agent_name,
       S.project_id, S.project_name, S.sales_channel_id, S.sales_channel_name,
       S.payment_purpose, S.sum_kgs, S._loaded_at
    )
    """
    BQ.query(merge_sql).result()
    print("MERGE complete.")
--- msklad_project / reference / sql: содержимое ---
2026-05-08 2814 /home/ilyasbazarov4/msklad_project/marts/marts_sales_overview.sql
2026-05-08 2935 /home/ilyasbazarov4/msklad_project/marts/marts_inventory_health.sql
2026-05-08 4144 /home/ilyasbazarov4/msklad_project/workflows/workflow_hourly.yaml
2026-05-08 4145 /home/ilyasbazarov4/msklad_project/workflows/workflow_weekly.yaml
2026-06-21 113 /home/ilyasbazarov4/reference/check_ref_moq_load.sql
2026-06-21 126 /home/ilyasbazarov4/reference/check_snapshot_raw_schema.sql
2026-06-21 131 /home/ilyasbazarov4/reference/check_ref_supplier_country.sql
2026-06-21 136 /home/ilyasbazarov4/reference/cleanup_p3_smoke_test.sql
2026-06-21 14472 /home/ilyasbazarov4/reference/ref_moq_seed.csv
2026-06-21 157 /home/ilyasbazarov4/reference/insert_ref_moq_from_staging.sql
2026-06-21 331 /home/ilyasbazarov4/reference/check_sku_country_distribution.sql
2026-06-21 640 /home/ilyasbazarov4/reference/test_status_tracker_persistence.sql
2026-06-21 815 /home/ilyasbazarov4/reference/seed_ref_supplier_country.sql
2026-06-21 841 /home/ilyasbazarov4/reference/seed_ref_leadtime_params.sql
2026-06-23 10885 /home/ilyasbazarov4/sql/classify.sql
2026-06-29 10887 /home/ilyasbazarov4/sql/dq.sql.bak
2026-06-30 11017 /home/ilyasbazarov4/sql/dq.sql
2026-06-30 22463 /home/ilyasbazarov4/sql/transform_T-B-P4-2.sql
2026-07-07 115 /home/ilyasbazarov4/sql/verify_single_run_id.sql
2026-07-07 205 /home/ilyasbazarov4/sql/verify_columns.sql
2026-07-07 334 /home/ilyasbazarov4/sql/snapshot_history_append.sql
2026-07-07 587 /home/ilyasbazarov4/sql/ddl/snapshot_history.sql
2026-07-22 66 /home/ilyasbazarov4/reference/code/cf-loss-commission/requirements.txt
2026-07-22 7892 /home/ilyasbazarov4/reference/code/cf-loss-commission/main.py
2026-07-23 4222 /home/ilyasbazarov4/reference/code/cf-loss-commission/MANIFEST.md
--- архивы (zip/tar/gz) в HOME ---
2026-05-08 2017267 /home/ilyasbazarov4/.cache/vscode-ripgrep/ripgrep-v13.0.0-10-x86_64-unknown-linux-musl.tar.gz
2026-05-26 3543 /home/ilyasbazarov4/cf-dq-debug/function-source.zip
2026-05-26 3750 /home/ilyasbazarov4/cf-dq-debug/function-source-patched.zip
2026-06-02 21894 /home/ilyasbazarov4/cf-dim-source.zip
2026-06-02 21894 /home/ilyasbazarov4/cf-facts-source.zip
2026-06-17 22324 /home/ilyasbazarov4/cf-facts-debug/src.zip
2026-06-18 10680 /home/ilyasbazarov4/cf-dq-debug/src.zip
2026-06-24 0 /home/ilyasbazarov4/v.target_qty
2026-07-25 12490 /home/ilyasbazarov4/holika-check2/fin-src.zip
2026-07-25 2733 /home/ilyasbazarov4/holika-code-snapshot/cf-loss-commission/function-source.zip
2026-07-25 3552 /home/ilyasbazarov4/holika-code-snapshot/cf-loss-commission-00006-dip/function-source.zip
2026-07-25 4891 /home/ilyasbazarov4/holika-code-snapshot/cf-loss-commission-00007-kuh/function-source.zip
--- .bash_history: диапазон и упоминания invoice/load/ndjson ---
576 /home/ilyasbazarov4/.bash_history
--- любые файлы (любой каталог) со словом invoice в ИМЕНИ ---
2026-07-25 925 /home/ilyasbazarov4/holika/reference/sql/sq_marts_customer_invoices_ar.sql
--- КОНЕЦ УДАЛЁННОЙ ЧАСТИ ---
Tunnel stopped.
RC_SSH=0
=== ФИНИШ ===
Fri Jul 31 13:52:54 UTC 2026
     Credentialed Accounts
ACTIVE  ACCOUNT
*       ilyasbazarov4@gmail.com

To set the active account, run:
    $ gcloud config set account `ACCOUNT`

