=== date -u (start) ===
Sun Aug  2 13:45:21 UTC 2026
=== gcloud auth list (start) ===
     Credentialed Accounts
ACTIVE  ACCOUNT
*       ilyasbazarov4@gmail.com

To set the active account, run:
    $ gcloud config set account `ACCOUNT`

=== HOURLY: describe первого отказавшего выполнения (2026-08-01T18:00:02Z) ===
{
  "argument": "{}",
  "createTime": "2026-08-01T18:00:02.638438077Z",
  "duration": "118.717459097s",
  "endTime": "2026-08-01T18:02:01.355897174Z",
  "error": {
    "context": "RuntimeError: \"DQ Gate failed — promote blocked\"\nin step \"raise_dq_failed\", routine \"main\", line: 109",
    "payload": "\"DQ Gate failed — promote blocked\"",
    "stackTrace": {
      "elements": [
        {
          "position": {
            "column": "19",
            "length": "5",
            "line": "109"
          },
          "routine": "main",
          "step": "raise_dq_failed"
        }
      ]
    }
  },
  "name": "projects/420804682491/locations/asia-east1/workflows/msklad-pipeline-hourly/executions/cfee49f6-18cb-40c8-83f1-a07d77737c66",
  "startTime": "2026-08-01T18:00:02.638438077Z",
  "state": "FAILED",
  "status": {
    "currentSteps": [
      {
        "routine": "main",
        "step": "raise_dq_failed"
      }
    ]
  },
  "workflowRevisionId": "000003-f02"
}
=== HOURLY: describe последнего успешного выполнения (2026-08-01T17:00:02Z) ===
{
  "argument": "{}",
  "createTime": "2026-08-01T17:00:02.276963478Z",
  "duration": "308.173410898s",
  "endTime": "2026-08-01T17:05:10.450374376Z",
  "name": "projects/420804682491/locations/asia-east1/workflows/msklad-pipeline-hourly/executions/bc08b99a-6456-460a-9591-4e0bfab0d0c6",
  "result": "{\"coverage_stats\":{\"agent_coverage\":1,\"cogs_coverage\":0,\"total_revenue_kgs\":33487471.91,\"total_rows\":828,\"usd_coverage\":1},\"merge_stats\":{\"affected_rows\":825,\"cogs_source\":\"msklad-bi-prod.core.fact_sales_profit_byvariant_backup\",\"staging_rows\":825,\"window_days\":7},\"mode\":\"promote\",\"run_id\":1785603602.328669,\"status\":\"ok\"}",
  "startTime": "2026-08-01T17:00:02.276963478Z",
  "state": "SUCCEEDED",
  "status": {
    "currentSteps": [
      {
        "routine": "main",
        "step": "return_result"
      }
    ]
  },
  "workflowRevisionId": "000003-f02"
}
=== WEEKLY: describe первого отказавшего выполнения (2026-07-26T01:00:00Z) ===
{
  "argument": "{}",
  "createTime": "2026-07-26T01:00:00.988598538Z",
  "duration": "517.171072937s",
  "endTime": "2026-07-26T01:08:38.159671475Z",
  "error": {
    "context": "RuntimeError: \"DQ Gate failed — promote blocked\"\nin step \"raise_dq_failed\", routine \"main\", line: 123",
    "payload": "\"DQ Gate failed — promote blocked\"",
    "stackTrace": {
      "elements": [
        {
          "position": {
            "column": "19",
            "length": "5",
            "line": "123"
          },
          "routine": "main",
          "step": "raise_dq_failed"
        }
      ]
    }
  },
  "name": "projects/420804682491/locations/asia-east1/workflows/msklad-pipeline-weekly/executions/01f7d0b1-1922-4343-ae8b-d75c2f4c77ed",
  "startTime": "2026-07-26T01:00:00.988598538Z",
  "state": "FAILED",
  "status": {
    "currentSteps": [
      {
        "routine": "main",
        "step": "raise_dq_failed"
      }
    ]
  },
  "workflowRevisionId": "000003-fa9"
}
=== WEEKLY: describe последнего успешного выполнения (2026-07-19T01:00:00Z) ===
{
  "argument": "{}",
  "createTime": "2026-07-19T01:00:00.916272632Z",
  "duration": "717.923644389s",
  "endTime": "2026-07-19T01:11:58.839917021Z",
  "name": "projects/420804682491/locations/asia-east1/workflows/msklad-pipeline-weekly/executions/3672708e-2389-4537-bf5d-c9273786f01c",
  "result": "{\"coverage_stats\":{\"agent_coverage\":1,\"cogs_coverage\":0.9599,\"total_revenue_kgs\":260609446.29,\"total_rows\":6609,\"usd_coverage\":1},\"merge_stats\":{\"affected_rows\":6590,\"cogs_source\":\"msklad-bi-prod.stg_msklad.byvariant_staging\",\"staging_rows\":6544,\"window_days\":90},\"mode\":\"promote\",\"run_id\":1784422800.9928966,\"status\":\"ok\"}",
  "startTime": "2026-07-19T01:00:00.916272632Z",
  "state": "SUCCEEDED",
  "status": {
    "currentSteps": [
      {
        "routine": "main",
        "step": "return_result"
      }
    ]
  },
  "workflowRevisionId": "000003-fa9"
}
=== Cloud Logging: логи cf-dq вокруг 2026-08-01T18:00-18:05Z (первый отказ hourly) ===
[
  {
    "httpRequest": {
      "latency": "3.227066537s",
      "protocol": "HTTP/1.1",
      "remoteIp": "34.116.37.10",
      "requestMethod": "POST",
      "requestSize": "1196",
      "requestUrl": "https://cf-dq-xw5u2boozq-de.a.run.app/",
      "responseSize": "802",
      "serverIp": "34.143.78.2",
      "status": 200,
      "userAgent": "GoogleCloudWorkflows; (+https://cloud.google.com/workflows/docs)"
    },
    "insertId": "6a6e34990002d969ec61107e",
    "labels": {
      "goog-drz-cloudfunctions-id": "cf-dq",
      "goog-drz-cloudfunctions-location": "asia-east1",
      "goog-managed-by": "cloudfunctions",
      "instanceId": "001548f72986d034199d942fe5d5999ad011a4f567ae276fd6636e22c641b7d75ac93e8dbfc33d52a5e448f65efd076ac105fa82843c5cda750e0a7aacdfcd40fe5b6b632d61ea9fd6f7dbdd"
    },
    "logName": "projects/msklad-bi-prod/logs/run.googleapis.com%2Frequests",
    "receiveTimestamp": "2026-08-01T18:02:01.189565381Z",
    "resource": {
      "labels": {
        "configuration_name": "cf-dq",
        "location": "asia-east1",
        "project_id": "msklad-bi-prod",
        "revision_name": "cf-dq-00007-hot",
        "service_name": "cf-dq"
      },
      "type": "cloud_run_revision"
    },
    "severity": "INFO",
    "spanId": "a18b10e4f8321eff",
    "timestamp": "2026-08-01T18:01:57.948298Z",
    "trace": "projects/msklad-bi-prod/traces/9a0b4666ad2684ec7dfce136b883d857",
    "traceSampled": true
  }
]
=== Cloud Logging: логи workflow msklad-pipeline-hourly вокруг 2026-08-01T18:00-18:05Z ===
[
  {
    "insertId": "sbm9s9d3g7h",
    "jsonPayload": {
      "@type": "type.googleapis.com/google.cloud.workflows.type.ExecutionsSystemLog",
      "activityTime": "2026-08-01T18:00:02Z",
      "start": {
        "argument": "{}"
      },
      "state": "ACTIVE"
    },
    "labels": {
      "workflows.googleapis.com/execution_id": "cfee49f6-18cb-40c8-83f1-a07d77737c66",
      "workflows.googleapis.com/revision_id": "000003-f02"
    },
    "logName": "projects/msklad-bi-prod/logs/workflows.googleapis.com%2Fexecutions_system",
    "receiveTimestamp": "2026-08-01T18:00:03.502774147Z",
    "resource": {
      "labels": {
        "location": "asia-east1",
        "resource_container": "420804682491",
        "workflow_id": "msklad-pipeline-hourly"
      },
      "type": "workflows.googleapis.com/Workflow"
    },
    "severity": "INFO",
    "timestamp": "2026-08-01T18:00:02.667324835Z"
  },
  {
    "insertId": "205cvff3tr3w2",
    "labels": {
      "execution_id": "cfee49f6-18cb-40c8-83f1-a07d77737c66",
      "revision_id": "000003-f02"
    },
    "logName": "projects/msklad-bi-prod/logs/Workflows",
    "receiveTimestamp": "2026-08-01T18:02:01.273774363Z",
    "resource": {
      "labels": {
        "location": "asia-east1",
        "resource_container": "420804682491",
        "workflow_id": "msklad-pipeline-hourly"
      },
      "type": "workflows.googleapis.com/Workflow"
    },
    "severity": "CRITICAL",
    "textPayload": "[HOURLY] DQ Gate FAILED run_id=1785607202.673309 details={\"checks\":[{\"detail\":\"staging_count=825\",\"name\":\"not_empty\",\"passed\":true},{\"detail\":\"yesterday_rev=25921, ma7=4780222, ratio=0.01, threshold=0.03 (weekend), target_date=2026-08-01\",\"name\":\"drift_check\",\"passed\":false},{\"detail\":\"orphan_product_ids=0\",\"name\":\"fk_integrity\",\"passed\":true},{\"detail\":\"max_date=2026-08-01, lag_days=1\",\"name\":\"freshness\",\"passed\":true},{\"detail\":\"bad_margin_rows=0 (core, last 7d)\",\"name\":\"margin_sanity\",\"passed\":true},{\"detail\":\"avg_revenue_kgs=40468.93\",\"name\":\"currency_normalization\",\"passed\":true}],\"failed_checks\":[\"drift_check\"],\"passed\":false,\"run_id\":1785607202.673309,\"status\":\"FAILED\"}",
    "timestamp": "2026-08-01T18:02:01.273774363Z"
  },
  {
    "insertId": "1rjrz5icbv4",
    "jsonPayload": {
      "@type": "type.googleapis.com/google.cloud.workflows.type.ExecutionsSystemLog",
      "activityTime": "2026-08-01T18:02:01Z",
      "failure": {
        "exception": "RuntimeError: \"DQ Gate failed — promote blocked\"\nin step \"raise_dq_failed\", routine \"main\", line: 109: \"DQ Gate failed — promote blocked\"",
        "source": "main.raise_dq_failed, line: 109"
      },
      "state": "FAILED"
    },
    "labels": {
      "workflows.googleapis.com/execution_id": "cfee49f6-18cb-40c8-83f1-a07d77737c66",
      "workflows.googleapis.com/revision_id": "000003-f02"
    },
    "logName": "projects/msklad-bi-prod/logs/workflows.googleapis.com%2Fexecutions_system",
    "receiveTimestamp": "2026-08-01T18:02:02.343107239Z",
    "resource": {
      "labels": {
        "location": "asia-east1",
        "resource_container": "420804682491",
        "workflow_id": "msklad-pipeline-hourly"
      },
      "type": "workflows.googleapis.com/Workflow"
    },
    "severity": "ERROR",
    "timestamp": "2026-08-01T18:02:01.364222696Z"
  },
  {
    "insertId": "nvialieffmih",
    "labels": {
      "activity_type_name": "ViolationOpenEventv1",
      "policy_display_name": "msklad-workflow-execution-failed",
      "policy_id": "6957487447036511751",
      "resource_id": "",
      "resource_name": "msklad-bi-prod Workflow labels {project_id=msklad-bi-prod, resource_container=420804682491}",
      "started_at": "1785607495",
      "terse_message": "logging/user/msklad_workflow_execution_failed for msklad-bi-prod Workflow labels {project_id=msklad-bi-prod, resource_container=420804682491} is above the threshold of 0.000 with a value of 1.000.",
      "verbose_message": "logging/user/msklad_workflow_execution_failed for msklad-bi-prod Workflow labels {project_id=msklad-bi-prod, resource_container=420804682491} is above the threshold of 0.000 with a value of 1.000.",
      "violation_id": "0.oaxko4vufhj0"
    },
    "logName": "projects/msklad-bi-prod/logs/monitoring.googleapis.com%2FViolationOpenEventv1",
    "receiveTimestamp": "2026-08-01T18:04:55.713681389Z",
    "resource": {
      "labels": {
        "location": "",
        "resource_container": "420804682491",
        "workflow_id": ""
      },
      "type": "workflows.googleapis.com/Workflow"
    },
    "timestamp": "2026-08-01T18:04:55Z"
  }
]
=== date -u (end) ===
Sun Aug  2 13:45:36 UTC 2026
=== gcloud auth list (end) ===
     Credentialed Accounts
ACTIVE  ACCOUNT
*       ilyasbazarov4@gmail.com

To set the active account, run:
    $ gcloud config set account `ACCOUNT`

