=== date -u (start) ===
Sun Aug  2 13:48:57 UTC 2026
=== gcloud auth list (start) ===
     Credentialed Accounts
ACTIVE  ACCOUNT
*       ilyasbazarov4@gmail.com

To set the active account, run:
    $ gcloud config set account `ACCOUNT`

=== Cloud Logging: logName=Workflows, execution_id=d022a76a (13:00Z сегодня) ===
[
  {
    "insertId": "1pcw8brf5lensx",
    "labels": {
      "execution_id": "d022a76a-a81f-40b7-b997-86502f7f7482",
      "revision_id": "000003-f02"
    },
    "logName": "projects/msklad-bi-prod/logs/Workflows",
    "receiveTimestamp": "2026-08-02T13:02:14.364091024Z",
    "resource": {
      "labels": {
        "location": "asia-east1",
        "resource_container": "420804682491",
        "workflow_id": "msklad-pipeline-hourly"
      },
      "type": "workflows.googleapis.com/Workflow"
    },
    "severity": "CRITICAL",
    "textPayload": "[HOURLY] DQ Gate FAILED run_id=1785675602.6965718 details={\"checks\":[{\"detail\":\"staging_count=816\",\"name\":\"not_empty\",\"passed\":true},{\"detail\":\"yesterday_rev=25921, ma7=4780222, ratio=0.01, threshold=0.03 (weekend), target_date=2026-08-01\",\"name\":\"drift_check\",\"passed\":false},{\"detail\":\"orphan_product_ids=0\",\"name\":\"fk_integrity\",\"passed\":true},{\"detail\":\"max_date=2026-08-01, lag_days=1\",\"name\":\"freshness\",\"passed\":true},{\"detail\":\"bad_margin_rows=0 (core, last 7d)\",\"name\":\"margin_sanity\",\"passed\":true},{\"detail\":\"avg_revenue_kgs=40835.15\",\"name\":\"currency_normalization\",\"passed\":true}],\"failed_checks\":[\"drift_check\"],\"passed\":false,\"run_id\":1785675602.6965718,\"status\":\"FAILED\"}",
    "timestamp": "2026-08-02T13:02:14.364091024Z"
  }
]
=== date -u (end) ===
Sun Aug  2 13:49:22 UTC 2026
=== gcloud auth list (end) ===
     Credentialed Accounts
ACTIVE  ACCOUNT
*       ilyasbazarov4@gmail.com

To set the active account, run:
    $ gcloud config set account `ACCOUNT`

