=== date -u (start) ===
Sun Aug  2 21:12:26 UTC 2026

=== cf-dq main.py:17-33 (источник target_rev) ===
def check_drift(bq):
    # BQ DAYOFWEEK: 1=Sunday, 7=Saturday
    # Изменено на T-1 (вчерашний день) для исключения ложных внутридневных срабатываний
    row = run_row(bq, f"""
        WITH target_d AS (
            SELECT DATE_SUB(CURRENT_DATE('Asia/Bishkek'), INTERVAL 1 DAY) AS d
        )
        SELECT
            CAST(target_d.d AS STRING) AS target_date,
            EXTRACT(DAYOFWEEK FROM target_d.d) AS day_of_week,
            COALESCE(SUM(s.revenue_kgs), 0) AS target_rev
        FROM target_d
        LEFT JOIN `{STAGING}` s
          ON DATE(PARSE_TIMESTAMP('%Y-%m-%d %H:%M:%E3S', s.transaction_date_raw), 'Asia/Bishkek') = target_d.d
        GROUP BY target_d.d
    """)
    

=== cf-dq main.py:46-54 (источник ma7 и ветка ma7==0) ===
        SELECT COALESCE(AVG(daily_rev),0) FROM (
            SELECT transaction_date, SUM(revenue_kgs) AS daily_rev
            FROM `{CORE_FACT}`
            WHERE transaction_date >= DATE_SUB(CURRENT_DATE('Asia/Bishkek'), INTERVAL 8 DAY)
              AND transaction_date  <  DATE_SUB(CURRENT_DATE('Asia/Bishkek'), INTERVAL 1 DAY)
            GROUP BY 1)
    """) or 0.0
    
    if ma7 == 0:

=== cf-dq main.py:70,81 (источник freshness) ===
def check_freshness(bq):
    row = run_row(bq, f"""
            ) AS lag_days
        FROM `{STAGING}`
    """)

=== константы таблиц main.py:9-11 ===
STAGING     = f"{GCP_PROJECT}.stg_msklad.fact_sales_staging"
CORE_FACT   = f"{GCP_PROJECT}.core.fact_sales_profit"
DIM_PRODUCT = f"{GCP_PROJECT}.core.dim_products"

=== date -u (end) ===
Sun Aug  2 21:12:26 UTC 2026
