=== date -u (start) ===
Tue Aug 18 08:36:39 UTC 2026
=== gcloud auth list (start) ===
     Credentialed Accounts
ACTIVE  ACCOUNT
*       ilyasbazarov4@gmail.com

To set the active account, run:
    $ gcloud config set account `ACCOUNT`

=== bq query --dry_run (подготовленный текст) ===
rc=0
--- totalBytesProcessed ---
      "totalBytesProcessed": "1422244",
      "totalBytesProcessedAccuracy": "PRECISE"
    },
    "totalBytesProcessed": "1422244"
=== date -u (end) ===
Tue Aug 18 08:36:42 UTC 2026
=== gcloud auth list (end) ===
     Credentialed Accounts
ACTIVE  ACCOUNT
*       ilyasbazarov4@gmail.com

To set the active account, run:
    $ gcloud config set account `ACCOUNT`

