=== date -u (start) ===
Tue Aug 18 08:38:34 UTC 2026
=== gcloud auth list (start) ===
     Credentialed Accounts
ACTIVE  ACCOUNT
*       ilyasbazarov4@gmail.com

To set the active account, run:
    $ gcloud config set account `ACCOUNT`

=== bq show --transfer_config (после правки) ===
rc=0
=== длины (байт) ===
    1672 reference/_scratch_MARTS-STAMP-CUSTINVAR_2026-08-18/postupdate_query_extracted_2026-08-18.sql
    1672 reference/sql/sq_marts_customer_invoices_ar_stamped_2026-08-13.sql
    3344 total
=== diff (read-back vs подготовленный файл) ===
diff rc=0
=== sha256 сравнение ===
f8d155198bafebabc0e890f8a9645f341083ec99e95f645776458c71320bf377  reference/_scratch_MARTS-STAMP-CUSTINVAR_2026-08-18/postupdate_query_extracted_2026-08-18.sql
f8d155198bafebabc0e890f8a9645f341083ec99e95f645776458c71320bf377  reference/sql/sq_marts_customer_invoices_ar_stamped_2026-08-13.sql
=== date -u (end) ===
Tue Aug 18 08:38:37 UTC 2026
=== gcloud auth list (end) ===
     Credentialed Accounts
ACTIVE  ACCOUNT
*       ilyasbazarov4@gmail.com

To set the active account, run:
    $ gcloud config set account `ACCOUNT`

