=== date -u (start) ===
Tue Aug 18 08:38:47 UTC 2026
=== gcloud auth list (start) ===
     Credentialed Accounts
ACTIVE  ACCOUNT
*       ilyasbazarov4@gmail.com

To set the active account, run:
    $ gcloud config set account `ACCOUNT`

=== bq mk --transfer_run (ручной прогон) ===
rc=0
          updateTime                  runTime                   scheduleTime                                                                                                                                                                                                                                                                                                                                                                                                                                                                                                                                                                                                                                                                                                                                                                                                                          params                                                                                                                                                                                                                                                                                                                                                                                                                                                                                                                                                                                                                                                                                                                                                                                                                   dataSourceId     destinationDatasetId    state                                                                      name                                                                     
 ----------------------------- ---------------------- -------------------------------- ------------------------------------------------------------------------------------------------------------------------------------------------------------------------------------------------------------------------------------------------------------------------------------------------------------------------------------------------------------------------------------------------------------------------------------------------------------------------------------------------------------------------------------------------------------------------------------------------------------------------------------------------------------------------------------------------------------------------------------------------------------------------------------------------------------------------------------------------------------------------------------------------------------------------------------------------------------------------------------------------------------------------------------------------------------------------------------------------------------------------------------------------------------------------------------------------------------------------------------------------------------------------------------------------------------------------------------------------------------------------------------------------------------------------------------------------------------------------------------------------------------------------------------------------------------------------------------------------------------------------------------- ----------------- ---------------------- --------- ------------------------------------------------------------------------------------------------------------------------------------------- 
  2026-08-18T08:38:49.838153Z   2026-08-18T08:38:47Z   2026-08-18T08:38:49.836493744Z   {'query': "-- FILE: sq_marts_customer_invoices_ar_stamped_2026-08-13.sql\n-- Готовый цельный текст под вариант «две колонки» (marts_build_stamp_form_adj_2026-08-13.md §1).\n-- База: reference/sql/sq_marts_customer_invoices_ar.sql (снапшот 2026-07-07), вставка\n-- перед FROM (marts_build_stamp_2026-08-10.md:97-122). НЕ применено ни к одному transferConfig —\n-- предмет этого файла есть готовый текст, применение вне scope MARTS-BUILD-STAMP-PREP (класс B).\n\nSELECT\n  i.agent_id,\n  i.agent_name,\n  COALESCE(c.country, 'Не указана') AS country,\n  i.state_name,\n  i.state_id,\n  COUNT(DISTINCT i.invoice_id)        AS invoice_count,\n  ROUND(SUM(i.sum_kgs), 2)            AS total_invoiced_kgs,\n  ROUND(SUM(i.payed_sum_kgs), 2)      AS total_paid_kgs,\n  ROUND(SUM(i.unpaid_sum_kgs), 2)     AS total_unpaid_kgs,\n  MIN(i.moment)                       AS earliest_invoice_date,\n  MAX(i.moment)                       AS latest_invoice_date,\n  COUNTIF(\n    i.payment_planned IS NOT NULL\n    AND i.payment_planned < CURRENT_DATE()\n    AND i.unpaid_sum_kgs > 0\n  )                                   AS overdue_count,\n  CURRENT_TIMESTAMP()                 AS _marts_built_at,\n  (SELECT MAX(_loaded_at)\n     FROM `msklad-bi-prod.core.fact_customer_invoices`) AS _source_max_loaded_at\nFROM `msklad-bi-prod.core.fact_customer_invoices` i\nLEFT JOIN `msklad-bi-prod.core.dim_counterparties` c\n  ON i.agent_id = c.agent_id AND c.scd2_is_current = TRUE\nGROUP BY\n  i.agent_id, i.agent_name, c.country,\n  i.state_name, i.state_id\nORDER BY total_unpaid_kgs DESC\n"}   scheduled_query   marts                  PENDING   projects/420804682491/locations/asia-east1/transferConfigs/6a23f3ea-0000-2952-853d-582429be7ecc/runs/6a8644fa-0000-2b61-a48e-2405887cb630  
=== date -u (end) ===
Tue Aug 18 08:38:50 UTC 2026
=== gcloud auth list (end) ===
     Credentialed Accounts
ACTIVE  ACCOUNT
*       ilyasbazarov4@gmail.com

To set the active account, run:
    $ gcloud config set account `ACCOUNT`

