=== ЯКОРЬ НАЧАЛА ===
Tue Aug 11 06:47:39 UTC 2026
     Credentialed Accounts
ACTIVE  ACCOUNT
*       ilyasbazarov4@gmail.com


--- продажи, часовой : msklad-bi-prod.stg_msklad.fact_sales_staging , window_days=7 ---
Query successfully validated. Assuming the tables are not modified, running this query will process 9825 bytes of data.

--- продажи, недельный : msklad-bi-prod.stg_msklad.fact_sales_staging , window_days=90 ---
Query successfully validated. Assuming the tables are not modified, running this query will process 9825 bytes of data.

--- периметр, недельный : msklad-bi-prod.stg_msklad.fact_sales_perimeter_staging , window_days=90 ---
Query successfully validated. Assuming the tables are not modified, running this query will process 139450 bytes of data.

=== ФАКТИЧЕСКОЕ СОСТОЯНИЕ ОБЕИХ STAGING (что решил бы предохранитель сегодня) ===
[
  {
    "depth_limit_90": "2026-05-16", 
    "fresh_limit": "2026-08-07", 
    "max_date": "2026-08-11", 
    "min_date": "2026-08-04", 
    "t": "продажи", 
    "verdict_depth_90": "ОТКАЗ глубина", 
    "verdict_fresh": "ok"
  }, 
  {
    "depth_limit_90": "2026-05-16", 
    "fresh_limit": "2026-08-07", 
    "max_date": "2026-08-03", 
    "min_date": "2026-05-04", 
    "t": "периметр", 
    "verdict_depth_90": "ok", 
    "verdict_fresh": "ОТКАЗ свежесть"
  }
]
=== ЯКОРЬ КОНЦА ===
Tue Aug 11 06:47:48 UTC 2026
     Credentialed Accounts
ACTIVE  ACCOUNT
*       ilyasbazarov4@gmail.com

