== 1. МЕСТО РЕЕСТРА В ФАЙЛЕ ==
07_STATE.md: 129106 симв.  реестр: 70023 симв. (54.2%), строк данных: 62

== 2. ДОЛИ КОЛОНОК ==
  ID                    673 симв.   1.0%
  Вопрос              15368 симв.  23.0%
  Тип                  1382 симв.   2.1%
  Как закрывается     49382 симв.  73.9%

== 3. ДЛИНА СТРОКИ ==
max 4358 (Q-70) · медиана 908 · min 129
строк длиннее 1500 симв.: 13 (33048 симв. = 47% реестра)

== 4. КОЛОНКА «КАК ЗАКРЫВАЕТСЯ» КАК ЖУРНАЛ ДОПИСОК ==
колонка целиком              : 49382 симв.
строк с маркером дописки     : 23 из 62, 29302 симв. (59% колонки)
строк с 2+ датами внутри     : 20
строк со ссылкой ADR/артефакт: 48

== 5. НАЗВАН ЛИ СТАТУС В НАЧАЛЕ КОЛОНКИ ==
  (статус не назван в начале)  39 строк  25493 симв.
  ОТКРЫТ                        5 строк   9371 симв.
  DEFER                        16 строк   8355 симв.
  ЗАКРЫТ                        2 строк   6163 симв.

== 6. КОЛОНКА «ТИП» КАК КЛАССИФИКАТОР ==
различных значений: 32 на 62 строк; встречается однажды: 23 значений

== 7. СМЕТА ИНДЕКСА (вариант C) ==
индекс (ID + статус + 90 симв. вопроса + признак гейта): 7165 симв.
экономия в 07_STATE: 62858 симв.; файл 129106 → 66248 (−49%)
