=== UTC anchor (start) ===
Mon Aug 17 23:04:41 UTC 2026
=== gcloud auth list (start) ===
     Credentialed Accounts
ACTIVE  ACCOUNT
*       ilyasbazarov4@gmail.com

To set the active account, run:
    $ gcloud config set account `ACCOUNT`

--- current branch ---
deploy/cf-dq-2026-08-18-freshness-wire-v2
--- apply: replace cf-dq/main.py with holika reference/code/cf-dq/main.py (identical content to failed attempt, CHECKS relocated — verified step8) ---
--- git status after patch ---
 M cf-dq/main.py
--- git diff --stat vs HEAD (prod-commit) ---
 cf-dq/main.py | 359 ++++++++++++++++++++++++++++++++++++----------------------
 1 file changed, 224 insertions(+), 135 deletions(-)
=== UTC anchor (end) ===
Mon Aug 17 23:04:41 UTC 2026
=== gcloud auth list (end) ===
     Credentialed Accounts
ACTIVE  ACCOUNT
*       ilyasbazarov4@gmail.com

To set the active account, run:
    $ gcloud config set account `ACCOUNT`

