=== UTC anchor (start) ===
Mon Aug 17 23:04:56 UTC 2026
=== gcloud auth list (start) ===
     Credentialed Accounts
ACTIVE  ACCOUNT
*       ilyasbazarov4@gmail.com

To set the active account, run:
    $ gcloud config set account `ACCOUNT`

--- П5: поиск секретов в диффе (печать совпавших строк с номерами, не только метка) ---
совпадений:        0
--- git diff --stat (ровно один файл, повторная фиксация) ---
 cf-dq/main.py | 359 ++++++++++++++++++++++++++++++++++++----------------------
 1 file changed, 224 insertions(+), 135 deletions(-)
--- commit ---
[deploy/cf-dq-2026-08-18-freshness-wire-v2 16d93ec] cf-dq: перенос блока CHECKS ниже определений (DQ-FRESHNESS-WIRE-CHECKS-ORDER); повторная попытка deploy 2 после NameError healthcheck-fail cf-dq-00010-kiq
 1 file changed, 224 insertions(+), 135 deletions(-)
16d93ecdaab11d840ae1bcf5dee92165f2871bdf 2026-08-18 05:04:57 +0600 cf-dq: перенос блока CHECKS ниже определений (DQ-FRESHNESS-WIRE-CHECKS-ORDER); повторная попытка deploy 2 после NameError healthcheck-fail cf-dq-00010-kiq
=== UTC anchor (end) ===
Mon Aug 17 23:04:57 UTC 2026
=== gcloud auth list (end) ===
     Credentialed Accounts
ACTIVE  ACCOUNT
*       ilyasbazarov4@gmail.com

To set the active account, run:
    $ gcloud config set account `ACCOUNT`

