=== UTC anchor (start) ===
Mon Aug 17 22:59:21 UTC 2026
=== gcloud auth list (start) ===
     Credentialed Accounts
ACTIVE  ACCOUNT
*       ilyasbazarov4@gmail.com

To set the active account, run:
    $ gcloud config set account `ACCOUNT`

=== П2: снятие обслуживающей ревизии cf-dq ===
--- serviceConfig.revision / traffic ---
revision: cf-dq-00010-kiq
state: ACTIVE
sourceStorage: {'bucket': 'gcf-v2-sources-420804682491-asia-east1', 'generation': '1786993415115340', 'object': 'cf-dq/function-source.zip'}
--- gcloud run services describe (traffic split, percent) ---
{'latestRevision': True, 'percent': 100, 'revisionName': 'cf-dq-00009-coy'}
=== UTC anchor (end) ===
Mon Aug 17 22:59:28 UTC 2026
=== gcloud auth list (end) ===
     Credentialed Accounts
ACTIVE  ACCOUNT
*       ilyasbazarov4@gmail.com

To set the active account, run:
    $ gcloud config set account `ACCOUNT`

