transaction_id             STRING
transaction_date           DATE
product_id                 STRING
entity_type                STRING
agent_id                   STRING
sell_quantity              FLOAT
return_quantity            FLOAT
revenue_kgs                FLOAT
cogs_kgs                   FLOAT
margin_kgs                 FLOAT
revenue_usd                FLOAT
cogs_usd                   FLOAT
margin_usd                 FLOAT
_week_start                DATE
_loaded_at                 TIMESTAMP
sell_sum_kgs               FLOAT
return_sum_kgs             FLOAT
discount                   FLOAT
sales_channel_id           STRING
sales_channel_name         STRING
project_id                 STRING
project_name               STRING
