meta.size = 7 · rows = 7

=== документы ===
agent                                  moment              appl.   поз.           sum  commitentSum   Σ price×qty      Σ reward
Bloom WB (Договор)                     2026-05-04 16:00:00.000 True       2      12855.46      12747.39      12855.46        108.07
UMAI WB (Договор КР)                   2026-05-04 16:00:00.000 True     109     359598.74     343902.07     359598.74      15696.67
Bloom WB (Договор)                     2026-05-26 00:33:00.000 True       1       1213.61       1150.07       1213.61         63.54
ООО "РВБ"                              2026-05-26 00:33:00.000 True       2       2783.00       3116.33       2783.00       -333.33
Bloom WB (Договор)                     2026-05-11 16:00:00.000 True       2       4801.84       4662.05       4801.84        139.79
UMAI WB (Договор КР)                   2026-05-18 16:00:00.000 True     231     811223.18     789436.48     811223.18      21786.70
UMAI WB (Договор КР)                   2026-05-25 16:00:00.000 True     260     940552.25     914702.69     940552.25      25849.56

=== по контрагентам: кандидаты против ожидания ===
agent                                   док.           sum  commitentSum   Σ price×qty |      ожидание
UMAI WB (Договор КР)                       3    2111374.17    2048041.24    2111374.17 |    2111374.17
Bloom WB (Договор)                         3      18870.91      18559.51      18870.91 |      18870.91
ООО "РВБ"                                  1       2783.00       3116.33       2783.00 |       2783.00
ИТОГО                                      7    2133028.08    2069717.08    2133028.08 |    2133028.08

=== вердикт по каждому кандидату (ожидание 2 133 028,14) ===
  sum документа      =    2133028.08   Δ к ожиданию =         -0.06
  commitentSum       =    2069717.08   Δ к ожиданию =     -63311.06
  Σ price×quantity   =    2133028.08   Δ к ожиданию =         -0.06
