=== date -u (start) ===
Sun Aug  2 17:34:17 UTC 2026
=== gcloud auth list (start) ===
ilyasbazarov4@gmail.com
=== query ===
[
  {
    "date": "2026-05-11", 
    "rate_kgs_per_usd": "87.4205"
  }, 
  {
    "date": "2026-05-12", 
    "rate_kgs_per_usd": "87.4205"
  }, 
  {
    "date": "2026-05-13", 
    "rate_kgs_per_usd": "87.4205"
  }, 
  {
    "date": "2026-05-14", 
    "rate_kgs_per_usd": "87.4205"
  }, 
  {
    "date": "2026-05-15", 
    "rate_kgs_per_usd": "87.4205"
  }, 
  {
    "date": "2026-05-16", 
    "rate_kgs_per_usd": "87.4205"
  }, 
  {
    "date": "2026-05-17", 
    "rate_kgs_per_usd": "87.4205"
  }, 
  {
    "date": "2026-05-18", 
    "rate_kgs_per_usd": "87.4205"
  }, 
  {
    "date": "2026-05-19", 
    "rate_kgs_per_usd": "87.4205"
  }, 
  {
    "date": "2026-05-20", 
    "rate_kgs_per_usd": "87.4205"
  }, 
  {
    "date": "2026-05-21", 
    "rate_kgs_per_usd": "87.4205"
  }, 
  {
    "date": "2026-05-22", 
    "rate_kgs_per_usd": "87.4205"
  }, 
  {
    "date": "2026-05-23", 
    "rate_kgs_per_usd": "87.4205"
  }, 
  {
    "date": "2026-05-24", 
    "rate_kgs_per_usd": "87.4205"
  }, 
  {
    "date": "2026-05-25", 
    "rate_kgs_per_usd": "87.4205"
  }, 
  {
    "date": "2026-05-26", 
    "rate_kgs_per_usd": "87.4205"
  }, 
  {
    "date": "2026-05-27", 
    "rate_kgs_per_usd": "87.4205"
  }, 
  {
    "date": "2026-05-28", 
    "rate_kgs_per_usd": "87.4205"
  }, 
  {
    "date": "2026-05-29", 
    "rate_kgs_per_usd": "87.4205"
  }, 
  {
    "date": "2026-05-30", 
    "rate_kgs_per_usd": "87.4205"
  }, 
  {
    "date": "2026-05-31", 
    "rate_kgs_per_usd": "87.4205"
  }, 
  {
    "date": "2026-06-01", 
    "rate_kgs_per_usd": "87.4205"
  }, 
  {
    "date": "2026-06-02", 
    "rate_kgs_per_usd": "87.4205"
  }
]
=== date -u (end) ===
Sun Aug  2 17:34:20 UTC 2026
=== gcloud auth list (end) ===
ilyasbazarov4@gmail.com
