=== date -u (start) ===
Thu Aug  6 19:16:46 UTC 2026
=== gcloud auth list (start) ===
     Credentialed Accounts
ACTIVE  ACCOUNT
*       ilyasbazarov4@gmail.com

To set the active account, run:
    $ gcloud config set account `ACCOUNT`

=== marts.in_transit: SUM(in_transit_sum_kgs), COUNT(*) ===
[{"n_keys_mart":"251","n_rows_mart":"251","sum_kgs_mart":"7.8184949425E7"}]
=== core.fact_purchases recomputed with canonical filter: SUM(in_transit_sum_kgs), COUNT(*) ===
[{"n_keys_core":"251","n_rows_core":"251","sum_kgs_core":"7.8184949425E7"}]
=== Symmetric key difference: mart-only keys ===
[{"core_only_n":"0","core_only_sum_kgs":"0.0","mart_only_n":"0","mart_only_sum_kgs":"0.0","matched_key_delta_kgs":"0.0","matched_key_diff_n":"0"}]
=== gcloud auth list (end) ===
     Credentialed Accounts
ACTIVE  ACCOUNT
*       ilyasbazarov4@gmail.com

To set the active account, run:
    $ gcloud config set account `ACCOUNT`

=== date -u (end) ===
Thu Aug  6 19:16:55 UTC 2026
