=== date -u (start) ===
Thu Aug  6 19:16:22 UTC 2026
=== gcloud auth list (start) ===
     Credentialed Accounts
ACTIVE  ACCOUNT
*       ilyasbazarov4@gmail.com

To set the active account, run:
    $ gcloud config set account `ACCOUNT`

=== marts.in_transit MAX(_mart_refreshed_at) ===
[{"max_mart_refreshed_at":"2026-08-06 13:09:03"}]
=== core.fact_purchases MAX(_loaded_at) ===
[{"max_loaded_at":"2026-08-06 19:01:59"}]
=== gcloud auth list (end) ===
     Credentialed Accounts
ACTIVE  ACCOUNT
*       ilyasbazarov4@gmail.com

To set the active account, run:
    $ gcloud config set account `ACCOUNT`

=== date -u (end) ===
Thu Aug  6 19:16:29 UTC 2026
