майских документов: 127

доля застывших на конкретные календарные даты (правил больше не было):
  2026-06-07:   39/127 =  30.71 %
  2026-06-30:  104/127 =  81.89 %
  2026-07-15:  121/127 =  95.28 %
  2026-07-19:  121/127 =  95.28 %
  2026-07-26:  126/127 =  99.21 %
  2026-08-01:  127/127 = 100.00 %

последние воскресные прогоны и покрытие мая окном 90 суток:
  прогон 2026-07-19: нижняя граница 2026-04-20 → весь май
  прогон 2026-07-26: нижняя граница 2026-04-27 → весь май
  прогон 2026-08-02: нижняя граница 2026-05-04 → май c 2026-05-04
  прогон 2026-08-09: нижняя граница 2026-05-11 → май c 2026-05-11
  прогон 2026-08-30: нижняя граница 2026-06-01 → мая нет вовсе

KGS-величина трёх документов, правленных после 2026-07-19 и уже вне досягаемости:
  №04195:     337,838.40 × 1.0 =       337,838.40 KGS   (updated 2026-07-22 10:55)
  №04456x:  10,559,521.96 × 1.185 =    12,513,033.52 KGS   (updated 2026-07-21 14:05)
  №04227:       1,629.62 × 90.0 =       146,665.80 KGS   (updated 2026-07-25 09:10)
  ИТОГО стоимость документов: 12,997,537.72 KGS
  ВНИМАНИЕ: это полная стоимость документов, а не величина правки —
  что именно изменилось внутри них, этим замером НЕ установлено.
