наша сторона — core.fact_sales_profit, состояние 2026-07-19 (промоут с тех пор заблокирован)
сторона источника — заголовки entity/demand, скачаны 2026-08-01, ПОСЛЕ правок

сутки        строк core  док. API        сумма core         сумма API        разность   пометка
2026-05-01           30         4      5,278,812.30      5,278,812.30            0.00   
2026-05-02            5         1        482,040.00        482,040.00            0.00   
2026-05-03           94        13      7,787,857.41      7,787,857.43           -0.02   РАСХОЖДЕНИЕ  ← №04195 (337 838,40 KGS, правлен 2026-07-22)
2026-05-04           14         2      1,263,814.40      1,263,814.40            0.00   
2026-05-05           22         3        547,358.40        547,358.40           -0.00   
2026-05-06           12         2        970,821.00        970,821.00            0.00   
2026-05-07          119         8      1,440,326.04      1,342,733.69       97,592.35   РАСХОЖДЕНИЕ
2026-05-08           65         6     13,179,490.70     13,179,490.70            0.01   
2026-05-09           30         4     19,252,421.78     17,789,624.78    1,462,797.00   РАСХОЖДЕНИЕ  ← №04456x (12 513 033,52 KGS, правлен 2026-07-21)
2026-05-10          141         9      1,439,807.55      1,439,807.54            0.01   ← №04227 (146 665,80 KGS, правлен 2026-07-25)
2026-05-11           65         3      1,006,862.40      1,006,862.40            0.00   
2026-05-12            6         2      2,726,961.00      2,726,961.00            0.00   
2026-05-13           67        11      4,500,308.30      4,500,308.70           -0.40   РАСХОЖДЕНИЕ
2026-05-15            6         4        866,319.19        866,319.19            0.00   
2026-05-17           15         2        700,128.00        700,128.00            0.00   
2026-05-18           28         2        161,151.30        161,151.30            0.00   
2026-05-19           56         4        451,545.18        451,545.18            0.00   
2026-05-20            8         2      6,834,547.49      6,834,547.49            0.00   
2026-05-23           51         2      2,200,096.75      2,200,096.80           -0.04   РАСХОЖДЕНИЕ
2026-05-24          228        13      8,627,646.42      8,627,646.87           -0.45   РАСХОЖДЕНИЕ
2026-05-25          131        15      8,414,989.08      8,414,989.09           -0.01   
2026-05-26           61         2      1,474,079.56        252,597.80    1,221,481.75   РАСХОЖДЕНИЕ
2026-05-28           68         7      3,013,037.28      3,013,037.10            0.18   РАСХОЖДЕНИЕ
2026-05-29           32         4        131,598.00        131,598.00            0.00   
2026-05-30            6         1        586,710.00        586,710.00            0.00   
2026-05-31            3         1        184,266.00      1,335,896.51   -1,151,630.51   РАСХОЖДЕНИЕ

сумма разностей по всем суткам: 1,630,239.87

вывод по трём целевым суткам:
  2026-05-03  №04195 (337 838,40 KGS, правлен 2026-07-22)
      расхождение -0.02 KGS — разбирать отдельно
  2026-05-09  №04456x (12 513 033,52 KGS, правлен 2026-07-21)
      расхождение 1,462,797.00 KGS — разбирать отдельно
  2026-05-10  №04227 (146 665,80 KGS, правлен 2026-07-25)
      суммы совпадают до копейки — правка НЕ изменила денежный итог суток
