
=== Продажи — entity/demand, май-2026 ===
файлов прочитано: 10
   reference/_scratch_PARITY-CHECK-SALES-RETURNS_2026-08-01/demand_page_0.json
   reference/_scratch_PARITY-CHECK-SALES-RETURNS_2026-08-01/demand_page_100.json
   reference/_scratch_PARITY-CHECK-SALES-RETURNS_2026-08-01/demand_cur_page_0.json
   reference/_scratch_PARITY-CHECK-SALES-RETURNS_2026-08-01/demand_cur_page_100.json
   reference/_scratch_PARITY-CHECK-SALES-RETURNS_2026-08-01/demand_cursum_page_0.json
   reference/_scratch_PARITY-CHECK-SALES-RETURNS_2026-08-01/demand_cursum_page_100.json
   reference/_scratch_PARITY-CHECK-SALES-RETURNS_2026-08-01/demand_all_page_0.json
   reference/_scratch_PARITY-CHECK-SALES-RETURNS_2026-08-01/demand_all_page_100.json
   reference/_scratch_PARITY-CHECK-SALES-RETURNS_2026-08-01/sales_may_page_0.json
   reference/_scratch_PARITY-CHECK-SALES-RETURNS_2026-08-01/sales_may_page_100.json
уникальных документов всего: 127; из них с moment в 2026-05: 127
lag = updated - moment, суток: min=0.00  медиана=29.39  p90=50.80  p95=54.16  max=80.10
последняя правка любого майского документа: 2026-07-28 11:50:59
первая дата документа: 2026-05-01 07:44:00; последняя: 2026-05-31 08:44:00

  доля документов, у которых ВСЕ правки закончились к моменту T после конца месяца:
    конец мая + 0 сут (2026-05-31):   25/127  =  19.69 %
    конец мая + 1 сут (2026-06-01):   25/127  =  19.69 %
    конец мая + 3 сут (2026-06-03):   34/127  =  26.77 %
    конец мая + 7 сут (2026-06-07):   39/127  =  30.71 %
    конец мая +10 сут (2026-06-10):   48/127  =  37.80 %
    конец мая +14 сут (2026-06-14):   73/127  =  57.48 %
    конец мая +21 сут (2026-06-21):   88/127  =  69.29 %
    конец мая +30 сут (2026-06-30):  104/127  =  81.89 %
    конец мая +45 сут (2026-07-15):  121/127  =  95.28 %
    конец мая +60 сут (2026-07-30):  127/127  = 100.00 %

  распределение правок по календарным месяцам (когда документ трогали последний раз):
    2026-05:   25  (19.69 %)
    2026-06:   79  (62.20 %)
    2026-07:   23  (18.11 %)

=== Возвраты покупателей — розничные и обычные, май-2026 ===
файлов прочитано: 3
   reference/_scratch_PARITY-CHECK-SALES-RETURNS_2026-08-01/retail_returns_may_full.json
   reference/_scratch_PARITY-CHECK-SALES-RETURNS_2026-08-01/retail_returns_may.json
   reference/_scratch_PARITY-CHECK-SALES-RETURNS_2026-08-01/returns_all.json
уникальных документов всего: 19; из них с moment в 2026-05: 8
lag = updated - moment, суток: min=0.00  медиана=0.00  p90=0.00  p95=0.00  max=0.00
последняя правка любого майского документа: 2026-05-31 10:23:43
первая дата документа: 2026-05-28 11:30:00; последняя: 2026-05-31 10:23:00

  доля документов, у которых ВСЕ правки закончились к моменту T после конца месяца:
    конец мая + 0 сут (2026-05-31):    8/8  = 100.00 %
    конец мая + 1 сут (2026-06-01):    8/8  = 100.00 %
    конец мая + 3 сут (2026-06-03):    8/8  = 100.00 %
    конец мая + 7 сут (2026-06-07):    8/8  = 100.00 %
    конец мая +10 сут (2026-06-10):    8/8  = 100.00 %
    конец мая +14 сут (2026-06-14):    8/8  = 100.00 %
    конец мая +21 сут (2026-06-21):    8/8  = 100.00 %
    конец мая +30 сут (2026-06-30):    8/8  = 100.00 %
    конец мая +45 сут (2026-07-15):    8/8  = 100.00 %
    конец мая +60 сут (2026-07-30):    8/8  = 100.00 %

  распределение правок по календарным месяцам (когда документ трогали последний раз):
    2026-05:    8  (100.00 %)

Предел замера: поле updated отражает состояние на момент СНЯТИЯ этих ответов (2026-08-01). Правки, сделанные после этой даты, здесь не видны.
