=== UTC-якорь (начало) ===
Fri Aug  7 21:28:01 UTC 2026
=== личность вызывающего (начало) ===
     Credentialed Accounts
ACTIVE  ACCOUNT
*       ilyasbazarov4@gmail.com

To set the active account, run:
    $ gcloud config set account `ACCOUNT`

=== чтение токена (значение не печатается) ===
/Users/ilyasbazarov/Library/Python/3.9/lib/python/site-packages/urllib3/__init__.py:35: NotOpenSSLWarning: urllib3 v2 only supports OpenSSL 1.1.1+, currently the 'ssl' module is compiled with 'LibreSSL 2.8.3'. See: https://github.com/urllib3/urllib3/issues/3020
  warnings.warn(
[2026-07-20] окно UTC: 2026-07-19 18:00:00 .. 2026-07-20 17:59:59
[2026-07-20] документов: 12, непроведённых: 0
[2026-07-21] окно UTC: 2026-07-20 18:00:00 .. 2026-07-21 17:59:59
[2026-07-21] документов: 17, непроведённых: 0
[2026-07-27] окно UTC: 2026-07-26 18:00:00 .. 2026-07-27 17:59:59
[2026-07-27] документов: 16, непроведённых: 0
[2026-07-29] окно UTC: 2026-07-28 18:00:00 .. 2026-07-29 17:59:59
[2026-07-29] документов: 8, непроведённых: 0
[2026-07-30] окно UTC: 2026-07-29 18:00:00 .. 2026-07-30 17:59:59
[2026-07-30] документов: 16, непроведённых: 0
{
  "2026-07-20": {
    "moment_from_utc": "2026-07-19 18:00:00",
    "moment_to_utc": "2026-07-20 17:59:59",
    "n_documents": 12,
    "n_not_applicable": 0,
    "sum_all_minor": 104171969.0,
    "sum_not_applicable_minor": 0
  },
  "2026-07-21": {
    "moment_from_utc": "2026-07-20 18:00:00",
    "moment_to_utc": "2026-07-21 17:59:59",
    "n_documents": 17,
    "n_not_applicable": 0,
    "sum_all_minor": 127019008.0,
    "sum_not_applicable_minor": 0
  },
  "2026-07-27": {
    "moment_from_utc": "2026-07-26 18:00:00",
    "moment_to_utc": "2026-07-27 17:59:59",
    "n_documents": 16,
    "n_not_applicable": 0,
    "sum_all_minor": 336681926.0,
    "sum_not_applicable_minor": 0
  },
  "2026-07-29": {
    "moment_from_utc": "2026-07-28 18:00:00",
    "moment_to_utc": "2026-07-29 17:59:59",
    "n_documents": 8,
    "n_not_applicable": 0,
    "sum_all_minor": 1342847550.0,
    "sum_not_applicable_minor": 0
  },
  "2026-07-30": {
    "moment_from_utc": "2026-07-29 18:00:00",
    "moment_to_utc": "2026-07-30 17:59:59",
    "n_documents": 16,
    "n_not_applicable": 0,
    "sum_all_minor": 215055090.0,
    "sum_not_applicable_minor": 0
  }
}
=== проверка: значение токена не просочилось в выгруженные файлы ===
OK: токен не найден в файлах сессии
=== личность вызывающего (конец) ===
     Credentialed Accounts
ACTIVE  ACCOUNT
*       ilyasbazarov4@gmail.com

To set the active account, run:
    $ gcloud config set account `ACCOUNT`

=== UTC-якорь (конец) ===
Fri Aug  7 21:28:19 UTC 2026
