=== UTC anchor (start) ===
Tue Aug  4 05:33:36 UTC 2026
=== identity (start) ===
     Credentialed Accounts
ACTIVE  ACCOUNT
*       ilyasbazarov4@gmail.com

To set the active account, run:
    $ gcloud config set account `ACCOUNT`

=== step8 rerun with max_rows ===
n_rows_core = 341
=== step8b rerun with max_rows ===
n_rows_mart = 241
=== identity (end) ===
     Credentialed Accounts
ACTIVE  ACCOUNT
*       ilyasbazarov4@gmail.com

To set the active account, run:
    $ gcloud config set account `ACCOUNT`

=== UTC anchor (end) ===
Tue Aug  4 05:33:42 UTC 2026
