=== date -u (старт) ===
Sun Aug  2 16:34:50 UTC 2026

V1. строки исполнимого SQL с 'INSERT ROW': НЕТ НИ ОДНОЙ
    (совпадения в файле — цитаты запрета: комментарий SQL, проза §7.5, чек-лист §13)

V2. Пересчёт колонок
    UPDATE SET присваиваний: 13
    INSERT имён колонок:     14
    VALUES значений:         14
    INSERT[i] <-> VALUES[i]: полное соответствие
    во всех UPDATE T.X = S.X: да
    живая схема core (14) == INSERT-набор: ДА
    UPDATE-набор == схема минус ключ invoice_id: ДА
    T.moment (дефект ADR-100 §2) в UPDATE SET: ДА
    ветка удаления (C2 / ADR-100 §1): ДА
    окно/DATE_SUB в ON (ловушка ADR-100 §7 ii): НЕТ — верно
    правило суток в USING, вхождений зоны: 2
    срез moment_raw[:10] в ИСПОЛНИМОМ SQL (дефект ADR-088 §4): НЕТ — верно (единственное вхождение — комментарий-запрет)
    вхождений зоны в исполнимом SQL: 2

=== V3. строк схемы staging (§6.2) ===
19

=== date -u (конец) ===
Sun Aug  2 16:34:50 UTC 2026
