=== UTC anchor (start) ===
Tue Aug  4 07:29:39 UTC 2026
=== identity (start) ===
     Credentialed Accounts
ACTIVE  ACCOUNT
*       ilyasbazarov4@gmail.com

To set the active account, run:
    $ gcloud config set account `ACCOUNT`


=== step3a: два заказа, которые источник числит в целевых статусах, а наше ядро — нет ===
[
  {
    "n_positions": "12", 
    "n_positions_nonzero": "0", 
    "order_name": "2026/07/13-1", 
    "our_status_name": "В пути", 
    "purchase_order_id": "04a41f62-826b-11f1-0a80-14070015f6ec", 
    "qty_in_transit": "0.0", 
    "sum_in_transit_kgs": "0.0"
  }, 
  {
    "n_positions": "77", 
    "n_positions_nonzero": "0", 
    "order_name": "00135", 
    "our_status_name": "Прибыл частично", 
    "purchase_order_id": "aab67ac6-e2d4-11f0-0a80-0fda0015d3cf", 
    "qty_in_transit": "0.0", 
    "sum_in_transit_kgs": "0.0"
  }
]

=== step3b: 15 заказов пересечения — наша сторона, фильтр моста ===
[
  {
    "n_orders": "15", 
    "n_positions": "241", 
    "sum_in_transit_kgs": "7.65142743E7"
  }
]

=== step3c: два заказа одностороннего хвоста — их статус и время загрузки ===
[
  {
    "max_loaded_at": "2026-08-01 17:02:16", 
    "n_positions": "5", 
    "order_date": "2026-07-09", 
    "order_name": "PDMKGFRU26070711", 
    "our_status_name": "В пути", 
    "purchase_order_id": "08bfe70e-7b8b-11f1-0a80-03b8000e83b3", 
    "sum_in_transit_kgs": "1197000.0"
  }, 
  {
    "max_loaded_at": "2026-08-01 17:02:16", 
    "n_positions": "22", 
    "order_date": "2026-07-17", 
    "order_name": "HOLI260708 (TOR)", 
    "our_status_name": "В пути", 
    "purchase_order_id": "e7d7a18b-81c6-11f1-0a80-0170000b1cc0", 
    "sum_in_transit_kgs": "1037268.75"
  }
]

=== identity (end) ===
     Credentialed Accounts
ACTIVE  ACCOUNT
*       ilyasbazarov4@gmail.com

To set the active account, run:
    $ gcloud config set account `ACCOUNT`

=== UTC anchor (end) ===
Tue Aug  4 07:29:48 UTC 2026
SCRATCH_PATH=reference/_scratch_PARITY-STOCK-INTRANSIT-CLOSE_2026-08-04
