=== date -u (start) ===
Mon Aug 17 19:01:52 UTC 2026
=== gcloud auth list (start) ===
     Credentialed Accounts
ACTIVE  ACCOUNT
*       ilyasbazarov4@gmail.com

To set the active account, run:
    $ gcloud config set account `ACCOUNT`


remote: 
remote: Create a pull request for 'deploy/cf-dq-2026-08-18-freshness-wire' on GitHub by visiting:        
remote:      https://github.com/ilyasbazarov/holika-prod/pull/new/deploy/cf-dq-2026-08-18-freshness-wire        
remote: 
To https://github.com/ilyasbazarov/holika-prod.git
 * [new branch]      deploy/cf-dq-2026-08-18-freshness-wire -> deploy/cf-dq-2026-08-18-freshness-wire
branch 'deploy/cf-dq-2026-08-18-freshness-wire' set up to track 'origin/deploy/cf-dq-2026-08-18-freshness-wire'.

=== date -u (end) ===
Mon Aug 17 19:01:55 UTC 2026
=== gcloud auth list (end) ===
     Credentialed Accounts
ACTIVE  ACCOUNT
*       ilyasbazarov4@gmail.com

To set the active account, run:
    $ gcloud config set account `ACCOUNT`

