Mon Aug 17 13:06:17 UTC 2026
база: efce0d96af7101fb7941c65643557703674bc004

## 1. Различитель ф1 (зарегистрирован ДО замера, ADR-180 §5) против измеренного
критерий: «серии пустых суток длиннее 3 регулярно → ф1 не спасает»
23:константами `sales_channel_name IN ('Розница', 'Комиссия')` при `sales_channel_id IS NULL`
65:| `commissionreportin_sale` (комиссия) | **`82,35 %`** (`70` из `85`) | **`6`** суток | повторяется (`2026-05-19…24`, `06-23…28`, `07-14…19`, `07-21…26`, `08-04…09`) |
74:**Комиссия — рекуррентный поток с шагом около недели**: пять серий пустых суток длиной
83:| `Комиссия` | `91,16 %` (`165` из `181`) | `75` | `2026-02-18…2026-05-03` |

## 2. Профиль розницы — почему ф2 тоже не выживает (staging НЕ пуста)
67:**Розница внутри окна замера присутствует ровно `4` календарных суток** —

## 3. _loaded_at ставит загрузчик (свойство ПРОГОНА, не данных)
181:                "_loaded_at":           loaded_at,
67:    bigquery.SchemaField("_loaded_at",           "TIMESTAMP"),
109:    bigquery.SchemaField("_loaded_at",           "TIMESTAMP"),
-- эмпирика упавшего прогона: загружено за 31 сек до отказа
72:→ min_date=2026-05-18, max_date=2026-08-10, n_rows=5484, last_loaded_at=2026-08-16 01:18:21
26:`endTime 2026-08-16T01:18:52.617247140Z`. Ошибка — шаг `raise_perimeter_promote` (последний шаг

## 4. Признание дефекта в докстринге самого предохранителя
    свойство данных; это предположение опровергнуто архитектором: MAX(date) —
    свойство данных (последний день с продажей), не признак того, что прогон
    отработал, и без допуска один пустой день останавливал бы `promote` (в т.ч.

## 5. Проверка полноты выгрузки задеплоена (ортогональный механизм)
119:            f"PAGINATE_PROBE FAILED: path={path} fetched={len(all_rows)} < meta_size={meta_size} — обход оборван"
Mon Aug 17 13:06:17 UTC 2026
