== 1. РАЗМЕР ФАЙЛА ==
строк: 616  символов: 175453  байт: 273901

== 2. ДОЛИ РАЗДЕЛОВ ==
шапка                    стр.   1-14       660 симв.   0.4%
Текущий фокус            стр.  15-16        17 симв.   0.0%
Стенд-ап                 стр.  17-26      1673 симв.   1.0%
Подробности для модели   стр.  27-414    89050 симв.  50.8%
Мандат                   стр. 415-464     9219 симв.   5.3%
Epic M                   стр. 465-481      940 симв.   0.5%
Epic 1                   стр. 482-490      759 симв.   0.4%
GAP-реестр               стр. 491-560    69477 симв.  39.6%
Контрольные цифры        стр. 561-595     2773 симв.   1.6%
Блокеры                  стр. 596-605      307 симв.   0.2%
Артефакты-источники      стр. 606-616      568 симв.   0.3%

== 3. СОСТАВ «ПОДРОБНОСТЕЙ» (90 абзацев, 88737 симв.) ==
A. отброшенный стенд-ап другого блока      5 абз.   5175 симв.   5.8%
B. запись о генерации брифа                3 абз.   4662 симв.   5.3%
C. адъюдикация / решение (есть ADR)       12 абз.  17693 симв.  19.9%
D. процессное наблюдение                   8 абз.   7400 симв.   8.3%
E. план / разбор (продолжение блока)      16 абз.  10748 симв.  12.1%
F. ход задачи / замер                     46 абз.  43059 симв.  48.5%

== 4. УКАЗАТЕЛИ НА КАНОНИЧЕСКИЙ ИСТОЧНИК ==
со ссылкой на reference/... : 34/90
со ссылкой на ADR-NNN       : 60/90
со ссылкой на архив/бриф    : 13/90
без единого указателя       : 20/90

== 5. ПРЕДМЕТ АБЗАЦА: ОТКРЫТО ИЛИ УЖЕ В АРХИВЕ (эвристика по ID в шапке) ==
ID не опознан                 29 абз.  22001 симв.  24.8%
есть в открытом реестре       37 абз.  38462 симв.  43.3%
только в архиве (закрыто)     24 абз.  28274 симв.  31.9%

== 6. ДАТА В ШАПКЕ АБЗАЦА ==
без даты в шапке    35 абз.  25140 симв.  28.3%
2026-08-02          11 абз.  11923 симв.  13.4%
2026-08-01          30 абз.  37251 симв.  42.0%
2026-07-31           7 абз.   9508 симв.  10.7%
2026-07-30           3 абз.   1879 симв.   2.1%
2026-07-29           1 абз.    482 симв.   0.5%
2026-07-28           3 абз.   2554 симв.   2.9%

== 7. GAP-РЕЕСТР: РАСПРЕДЕЛЕНИЕ ДЛИН СТРОК ==
строк: 62  суммарно: 69226 симв.  максимум: 4358  медиана: 908

== 8. РОСТ ПО КОММИТАМ (байт) ==
2026-07-03    3174  Add files via upload
2026-07-03    3723  Add files via upload
2026-07-04    7308  Update 07_STATE.md
2026-07-06    7958  Update 07_STATE.md
2026-07-06    7738  Update 07_STATE.md
2026-07-06    8454  Add files via upload
2026-07-07    8344  Update 07_STATE.md
2026-07-07    8622  Update 07_STATE.md
2026-07-07    9648  Update 07_STATE.md
2026-07-07   11263  Update 07_STATE.md
2026-07-07    9106  Update 07_STATE.md
2026-07-07    9425  Update 07_STATE.md
2026-07-07   10218  Update 07_STATE.md
2026-07-07   12719  Update 07_STATE.md
2026-07-07   13530  Update 07_STATE.md
2026-07-07   13498  Update 07_STATE.md
2026-07-07   15542  Update 07_STATE.md
2026-07-07   17233  Update 07_STATE.md
2026-07-08   20201  Update 07_STATE.md
2026-07-08   20475  Update 07_STATE.md
2026-07-08   20782  Update 07_STATE.md
2026-07-09   23560  Update 07_STATE.md
2026-07-09   11355  Update 07_STATE.md
2026-07-14   23560  Update 07_STATE.md
2026-07-14   26566  Update 07_STATE.md
2026-07-14   23480  Update 07_STATE.md
2026-07-14   23910  Update 07_STATE.md
2026-07-14   26648  Update 07_STATE.md
2026-07-14   31753  Update 07_STATE.md
2026-07-14   32120  Update 07_STATE.md
2026-07-14   32528  Update 07_STATE.md
2026-07-18   42315  Update 07_STATE.md
2026-07-20   44158  Update 07_STATE.md
2026-07-20   44169  Update 07_STATE.md
2026-07-20   47251  Update 07_STATE.md
2026-07-21   48609  Update 07_STATE.md
2026-07-21   50023  Update 07_STATE.md
2026-07-21   52317  Update 07_STATE.md
2026-07-22   52516  Update 07_STATE.md
2026-07-22   53734  Update 07_STATE.md
2026-07-23   57292  Update 07_STATE.md
2026-07-24   62049  Update 07_STATE.md
2026-07-24   63369  Update 07_STATE.md
2026-07-25   65210  Update 07_STATE.md
2026-07-25  109977  Update 07_STATE.md
2026-07-25   63572  Update 07_STATE.md
2026-07-26   70025  Update 07_STATE.md
2026-07-26   84763  Update 07_STATE.md
2026-07-26   92031  Update 07_STATE.md
2026-07-26  104230  Add files via upload
2026-07-26  113271  Update 07_STATE.md
2026-07-26  116961  Update 07_STATE.md
2026-07-27  131788  Update 07_STATE.md
2026-07-27  125560  Update 07_STATE.md
2026-07-27   60793  Add files via upload
2026-07-27   61397  Add files via upload
2026-07-27   64449  Add files via upload
2026-07-27   66565  Add files via upload
2026-07-27   67215  Update 07_STATE.md
2026-07-27   67756  Add files via upload
2026-07-27   68787  Add files via upload
2026-07-28   69148  Add files via upload
2026-07-28   66839  docs: state patch 2026-07-28 FX-MAY-WINDOW
2026-07-28   68027  docs: Q-70 D1 zakryt (vladelec, vne sessii Cla
2026-07-28   72564  docs: ADR-074 четыре дефекта pre-commit (pipef
2026-07-28   67374  docs: state patch 2026-07-28 FX-POLICY-EXPENSE
2026-07-28   69216  docs: ADR-075 итоги пилота + ADR-076 мандат по
2026-07-28   74732  docs: реестр паритета PARITY-REGISTRY
2026-07-28   75869  docs: CODE-REPO-STANDUP шаг 1 (discovery .git 
2026-07-28   76241  docs: STATE_PATCH PARITY-REGISTRY (updated_at 
2026-07-28   76711  docs: Q-4 STATE_PATCH — переприменён после гон
2026-07-29   80820  Add files via upload
2026-07-29   83285  Add files via upload
2026-07-29   83482  docs: state patch 2026-07-29 - гейт параллели 
2026-07-29   84980  docs: сборка буфера 2026-07-29
2026-07-29   86938  docs: сборка буфера 2026-07-29 (LAUNCH-RUNBOOK
2026-07-29   88591  docs: сборка буфера 2026-07-29 (SOURCE-MAP-SAL
2026-07-29   92249  docs: сборка буфера 2026-07-29 (PROCESS-DEBT)
2026-07-30   96588  docs: сборка буфера 2026-07-30 (SOURCE-MAP-SAL
2026-07-30  102384  Add files via upload
2026-07-30  109343  docs: сборка буфера 2026-07-30 (ADR-LANDING-07
2026-07-30  111726  docs: сборка буфера 2026-07-30 (STANDUP-REPAIR
2026-07-31  113757  docs: сборка буфера 2026-07-31 (PIPE-BASE-SYNC
2026-07-31  115805  docs: сборка буфера 2026-07-31 (PIPE-BASE-SYNC
2026-07-31  117687  docs: сборка буфера 2026-07-31
2026-07-31  102128  docs: STATE-COMPACT уборка GAP-реестра и табли
2026-07-31  109402  docs: сборка буфера 2026-07-31 (STATE-COMPACT 
2026-07-31  110560  docs: сборка буфера 2026-07-31 (REPORT-FIELDS-
2026-07-31  111507  docs: сборка буфера 2026-07-31 (REPORT-FIELDS)
2026-07-31  119605  docs: сборка буфера 2026-07-31 (PARITY-MOMENT-
2026-07-31  121079  docs: сборка буфера 2026-07-31 (PARITY-SCD2-AT
2026-08-01  123031  docs: сборка буфера 2026-08-01 (PARITY-CHECK-S
2026-08-01  138962  docs: сборка буфера 2026-08-01 (MANDATE-TABLE-
2026-08-01  146558  docs: сборка буфера 2026-08-01 (DEPLOY-TRUTH-A
2026-08-01  150113  docs: сборка буфера 2026-08-01 (DEPLOY-REVISIO
2026-08-01  153884  docs: сборка буфера 2026-08-01 (Q-96)
2026-08-01  150897  docs: сборка буфера 2026-08-01 (E1-T3-CLOSE)
2026-08-01  152475  docs: сборка буфера 2026-08-01 (ROLE-MODELS)
2026-08-01  159908  docs: сборка буфера 2026-08-01 (PARITY-CHECK-S
2026-08-01  184464  docs: сборка буфера 2026-08-01 (INFRA-FACTS-SW
2026-08-01  193340  docs: сборка буфера 2026-08-01 (PARITY-GAPS-AD
2026-08-01  194222  docs: сборка буфера 2026-08-01 (INFRA-FACTS-SW
2026-08-01  202207  docs: сборка буфера 2026-08-01 (CODE-REPO-STAN
2026-08-01  221052  docs: сборка буфера 2026-08-01 (PARITY-SALES-A
2026-08-01  229068  docs: сборка буфера 2026-08-01 (CODE-REPO-STAN
2026-08-01  235792  docs: сборка буфера 2026-08-01 (SALES-ORPHAN-C
2026-08-02  236367  docs: сборка буфера 2026-08-02 (PARITY-SALES-D
2026-08-02  239389  docs: сборка буфера 2026-08-02 (CC-READONLY-PR
2026-08-02  241405  docs: сборка буфера 2026-08-02 (CC-READONLY-PR
2026-08-02  243850  docs: сборка буфера 2026-08-02 (PARITY-SALES-D
2026-08-02  268266  docs: сборка буфера 2026-08-02 (UNGATED-QUEUE-
2026-08-02  273901  docs: сборка буфера 2026-08-02 (PARALLEL-CHECK
