=== UTC-якорь (начало) ===
Mon Aug 10 14:30:59 UTC 2026

=== личность вызывающего (начало) ===
     Credentialed Accounts
ACTIVE  ACCOUNT
*       ilyasbazarov4@gmail.com

To set the active account, run:
    $ gcloud config set account `ACCOUNT`


=== рабочий каталог: /var/folders/2d/fj_bmvzx1sldh94_k8t1qz7w0000gn/T/tmp.ZNAButBgnP ===

=== (i) gcloud functions describe cf-dq ===
revision: cf-dq-00007-hot
updateTime: 2026-07-30T10:04:58.501779835Z
state: ACTIVE
storageSource: {'bucket': 'gcf-v2-sources-420804682491-asia-east1', 'generation': '1781780276907576', 'object': 'cf-dq/function-source.zip'}
entryPoint: main
runtime: python312

=== (i) read-back архива живой ревизии ===
storageSource: gs://gcf-v2-sources-420804682491-asia-east1/cf-dq/function-source.zip#1781780276907576
Copying gs://gcf-v2-sources-420804682491-asia-east1/cf-dq/function-source.zip#1781780276907576 to file:///var/folders/2d/fj_bmvzx1sldh94_k8t1qz7w0000gn/T/tmp.ZNAButBgnP/function-source.zip
  
...............................

--- sha256 живого архива ---
9693010ae04cd14859b7ed53bba25fa28cbf1962a9b127c012a75d521d86ea09  main.py
7a818364c78fdf21cb32d8ce52d54da0972a6de511d1f6023fb8ea812fc543b6  config.py
0f335877c29d9c18c5e8d9617ab38768c6d2ba01986d178abaff92d4ce9dd146  helpers.py
587133daa6a4c31e57bfd84c371ea4d6e0831e69ed66babf12c15dbebfd6b516  requirements.txt
bb1bc968b81573431c5f7c912539918d51d1ee18cd34b040a109ccf213eeb22a  patch_dq.py

--- ожидаемые sha256 (reference/code/cf-dq/MANIFEST.md, переподтверждено 2026-08-02T20:50:05Z) ---
main.py           9693010ae04cd14859b7ed53bba25fa28cbf1962a9b127c012a75d521d86ea09
helpers.py        0f335877c29d9c18c5e8d9617ab38768c6d2ba01986d178abaff92d4ce9dd146
config.py         7a818364c78fdf21cb32d8ce52d54da0972a6de511d1f6023fb8ea812fc543b6
requirements.txt  587133daa6a4c31e57bfd84c371ea4d6e0831e69ed66babf12c15dbebfd6b516
patch_dq.py       bb1bc968b81573431c5f7c912539918d51d1ee18cd34b040a109ccf213eeb22a

=== (ii) .gcloudignore в код-репо holika-prod для cf-dq/ ===
Cloning into '/var/folders/2d/fj_bmvzx1sldh94_k8t1qz7w0000gn/T/tmp.ZNAButBgnP/holika-prod'...
--- листинг cf-dq/ в master ---
total 48
drwxr-xr-x@ 7 ilyasbazarov  staff   224 Aug 10 20:31 .
drwxr-xr-x@ 8 ilyasbazarov  staff   256 Aug 10 20:31 ..
-rw-r--r--@ 1 ilyasbazarov  staff   705 Aug 10 20:31 config.py
-rw-r--r--@ 1 ilyasbazarov  staff  1183 Aug 10 20:31 helpers.py
-rw-r--r--@ 1 ilyasbazarov  staff  6381 Aug 10 20:31 main.py
-rw-r--r--@ 1 ilyasbazarov  staff  2739 Aug 10 20:31 patch_dq.py
-rw-r--r--@ 1 ilyasbazarov  staff    66 Aug 10 20:31 requirements.txt
--- .gcloudignore (корень) ---
cat: /var/folders/2d/fj_bmvzx1sldh94_k8t1qz7w0000gn/T/tmp.ZNAButBgnP/holika-prod/.gcloudignore: No such file or directory
.gcloudignore В КОРНЕ НЕ НАЙДЕН
--- .gcloudignore (cf-dq/) ---
cat: /var/folders/2d/fj_bmvzx1sldh94_k8t1qz7w0000gn/T/tmp.ZNAButBgnP/holika-prod/cf-dq/.gcloudignore: No such file or directory
.gcloudignore В cf-dq/ НЕ НАЙДЕН

=== (i) sha256 main.py текущего master (для сравнения с живым архивом) ===
9693010ae04cd14859b7ed53bba25fa28cbf1962a9b127c012a75d521d86ea09  /var/folders/2d/fj_bmvzx1sldh94_k8t1qz7w0000gn/T/tmp.ZNAButBgnP/holika-prod/cf-dq/main.py

=== путь рабочего каталога (не удаляется, ADR-043) ===
/var/folders/2d/fj_bmvzx1sldh94_k8t1qz7w0000gn/T/tmp.ZNAButBgnP

=== UTC-якорь (конец) ===
Mon Aug 10 14:31:15 UTC 2026

=== личность вызывающего (конец) ===
     Credentialed Accounts
ACTIVE  ACCOUNT
*       ilyasbazarov4@gmail.com

To set the active account, run:
    $ gcloud config set account `ACCOUNT`

