=== UTC-якорь (начало) ===
Mon Aug 10 14:40:36 UTC 2026

=== личность вызывающего (начало) ===
     Credentialed Accounts
ACTIVE  ACCOUNT
*       ilyasbazarov4@gmail.com

To set the active account, run:
    $ gcloud config set account `ACCOUNT`


=== ветка/коммит источника ===
deploy/cf-dq-2026-08-10-fail-open
71e42669ab7cdefb788a9a8ff3c87ad87b411893

=== деплой cf-dq (--source=/var/folders/2d/fj_bmvzx1sldh94_k8t1qz7w0000gn/T/tmp.ZNAButBgnP/holika-prod/cf-dq) ===

=== результат деплоя (сводка) ===
Traceback (most recent call last):
  File "<string>", line 3, in <module>
  File "/Library/Developer/CommandLineTools/Library/Frameworks/Python3.framework/Versions/3.9/lib/python3.9/json/__init__.py", line 293, in load
    return loads(fp.read(),
  File "/Library/Developer/CommandLineTools/Library/Frameworks/Python3.framework/Versions/3.9/lib/python3.9/json/__init__.py", line 346, in loads
    return _default_decoder.decode(s)
  File "/Library/Developer/CommandLineTools/Library/Frameworks/Python3.framework/Versions/3.9/lib/python3.9/json/decoder.py", line 337, in decode
    obj, end = self.raw_decode(s, idx=_w(s, 0).end())
  File "/Library/Developer/CommandLineTools/Library/Frameworks/Python3.framework/Versions/3.9/lib/python3.9/json/decoder.py", line 355, in raw_decode
    raise JSONDecodeError("Expecting value", s, err.value) from None
json.decoder.JSONDecodeError: Expecting value: line 1 column 1 (char 0)
