=== UTC-якорь (начало) ===
Mon Aug 10 14:43:32 UTC 2026

=== личность вызывающего (начало) ===
     Credentialed Accounts
ACTIVE  ACCOUNT
*       ilyasbazarov4@gmail.com

To set the active account, run:
    $ gcloud config set account `ACCOUNT`


=== рабочий каталог: /var/folders/2d/fj_bmvzx1sldh94_k8t1qz7w0000gn/T/tmp.hmT3h4YCaE ===

=== describe cf-dq (после деплоя) ===
revision: cf-dq-00008-cev
updateTime: 2026-08-10T14:42:35.892464988Z
state: ACTIVE
storageSource: {'bucket': 'gcf-v2-sources-420804682491-asia-east1', 'generation': '1786372858921485', 'object': 'cf-dq/function-source.zip'}

=== read-back архива: gs://gcf-v2-sources-420804682491-asia-east1/cf-dq/function-source.zip#1786372858921485 ===
Copying gs://gcf-v2-sources-420804682491-asia-east1/cf-dq/function-source.zip#1786372858921485 to file:///var/folders/2d/fj_bmvzx1sldh94_k8t1qz7w0000gn/T/tmp.hmT3h4YCaE/function-source.zip
  
...................

--- состав архива (ожидание: 5 исполняемых файлов + .gcloudignore, БЕЗ patch_dq.py и вложенных zip) ---
total 40
drwxr-xr-x@ 6 ilyasbazarov  staff   192 Aug 10 20:43 .
drwx------@ 5 ilyasbazarov  staff   160 Aug 10 20:43 ..
-rw-r--r--@ 1 ilyasbazarov  staff   705 Aug 10 20:31 config.py
-rw-r--r--@ 1 ilyasbazarov  staff  1183 Aug 10 20:31 helpers.py
-rw-r--r--@ 1 ilyasbazarov  staff  7623 Aug 10 20:32 main.py
-rw-r--r--@ 1 ilyasbazarov  staff    66 Aug 10 20:31 requirements.txt

--- sha256 нового архива ---
0e910907af0e4cb0a84ea43b5660b6e66d62932f9f5e059343f6e5e7c74e2d0b  main.py
7a818364c78fdf21cb32d8ce52d54da0972a6de511d1f6023fb8ea812fc543b6  config.py
0f335877c29d9c18c5e8d9617ab38768c6d2ba01986d178abaff92d4ce9dd146  helpers.py
587133daa6a4c31e57bfd84c371ea4d6e0831e69ed66babf12c15dbebfd6b516  requirements.txt

--- sha256 ветки деплоя (ожидаемое) ---
0e910907af0e4cb0a84ea43b5660b6e66d62932f9f5e059343f6e5e7c74e2d0b  main.py
7a818364c78fdf21cb32d8ce52d54da0972a6de511d1f6023fb8ea812fc543b6  config.py
0f335877c29d9c18c5e8d9617ab38768c6d2ba01986d178abaff92d4ce9dd146  helpers.py
587133daa6a4c31e57bfd84c371ea4d6e0831e69ed66babf12c15dbebfd6b516  requirements.txt

--- patch_dq.py в новом архиве? (ожидание: НЕТ, исключён .gcloudignore) ---
отсутствует (как ожидалось)

--- вложенные архивы src.zip/function-source*.zip в новом архиве? (ожидание: НЕТ) ---

=== путь рабочего каталога (не удаляется, ADR-043) ===
/var/folders/2d/fj_bmvzx1sldh94_k8t1qz7w0000gn/T/tmp.hmT3h4YCaE

=== UTC-якорь (конец) ===
Mon Aug 10 14:43:45 UTC 2026

=== личность вызывающего (конец) ===
     Credentialed Accounts
ACTIVE  ACCOUNT
*       ilyasbazarov4@gmail.com

To set the active account, run:
    $ gcloud config set account `ACCOUNT`

