=== UTC (старт) ===
Tue Aug 18 05:36:03 UTC 2026
записей архива: 7690
уникальных документов: 638
максимум позиций в одном документе: 104
документов ровно со 100 позициями: 0
документов с 99..101 позициями: 0
документов с числом позиций > 100: 1
распределение (топ-10 по размеру документа):
   104 позиций — документов: 1
   88 позиций — документов: 1
   84 позиций — документов: 1
   80 позиций — документов: 1
   76 позиций — документов: 1
   66 позиций — документов: 1
   63 позиций — документов: 1
   56 позиций — документов: 1
   51 позиций — документов: 1
   50 позиций — документов: 1
контроль ступени 1 (из 29 найдено в архиве): 0
уникальных пар дата+контрагент среди 29: 13
=== UTC (конец) ===
Tue Aug 18 05:36:03 UTC 2026
