=== UTC anchor (start) ===
Tue Aug 18 18:30:47 UTC 2026
=== gcloud auth list (start) ===
     Credentialed Accounts
ACTIVE  ACCOUNT
*       ilyasbazarov4@gmail.com

To set the active account, run:
    $ gcloud config set account `ACCOUNT`


=== READ-ONLY: состояние функции после обрыва инструмента ===
ACTIVE	cf-finance-00013-jaq	2026-08-03T14:24:36.418899289Z	1785767015791249

=== READ-ONLY: последние сборки Cloud Build по этой функции ===
ID                                                            STATUS   CREATE_TIME                FINISH_TIME
['d', 'c', '0', '7', '6', 'f', 'e', 'b', '-', '0', '9', 'a']  SUCCESS  2026-08-17T23:07:06+00:00  2026-08-17T23:07:33.791367Z
['8', 'c', '1', '3', '5', 'f', 'b', '1', '-', '1', 'b', '3']  SUCCESS  2026-08-17T21:26:52+00:00  2026-08-17T21:28:02.702103Z
['4', 'd', '8', '2', 'f', '2', 'd', '4', '-', 'f', 'b', 'a']  SUCCESS  2026-08-17T19:03:35+00:00  2026-08-17T19:04:30.304981Z

=== READ-ONLY: ревизии Cloud Run и трафик ===
{'latestRevision': True, 'percent': 100, 'revisionName': 'cf-finance-00013-jaq'}
NAME                  STATUS  CREATION_TIMESTAMP
cf-finance-00013-jaq  True    2026-08-03T14:24:23.046288Z
cf-finance-00012-cik  True    2026-07-20T15:21:13.049536Z
cf-finance-00011-qem  True    2026-07-20T15:10:59.559177Z
cf-finance-00010-qer  True    2026-07-20T15:09:58.197952Z
=== UTC anchor (end) ===
Tue Aug 18 18:31:03 UTC 2026
=== gcloud auth list (end) ===
     Credentialed Accounts
ACTIVE  ACCOUNT
*       ilyasbazarov4@gmail.com

To set the active account, run:
    $ gcloud config set account `ACCOUNT`

