=== UTC anchor (start) ===
Tue Aug 18 18:44:06 UTC 2026
=== gcloud auth list (start) ===
     Credentialed Accounts
ACTIVE  ACCOUNT
*       ilyasbazarov4@gmail.com

To set the active account, run:
    $ gcloud config set account `ACCOUNT`


=== READ-ONLY 1. Состояние core.fact_payments после вызова ===
[
  {
    "max_loaded_at": "2026-08-17 21:14:33", 
    "max_moment": "2026-08-17", 
    "n_rows": "5175"
  }
]

=== READ-ONLY 2. Журнал cf-finance за последний час (последние 30 записей) ===
TIMESTAMP                    SEVERITY  TEXT_PAYLOAD
2026-08-18T18:31:49.566749Z  NOTICE
2026-08-18T18:32:35.341439Z  NOTICE
2026-08-18T18:32:40.501762Z  INFO      Starting new instance. Reason: DEPLOYMENT_ROLLOUT - Instance started due to traffic shifting between revisions due to deployment, traffic split adjustment, or deployment health check.
2026-08-18T18:32:42.909850Z  INFO      Default STARTUP TCP probe succeeded after 1 attempt for container "worker" on port 8080.
2026-08-18T18:32:42.965665Z  INFO
2026-08-18T18:32:45.333111Z  INFO
2026-08-18T18:32:45.555768Z  WARNING   The request was not authenticated. Either allow unauthenticated invocations or set the proper Authorization header. Empty Authorization header value. Read more at https://cloud.google.com/run/docs/securing/authenticating Additional troubleshooting documentation can be found at: https://cloud.google.com/run/docs/troubleshooting#unauthorized-client
2026-08-18T18:32:46.081772Z  WARNING   The request was not authenticated. Either allow unauthenticated invocations or set the proper Authorization header. Empty Authorization header value. Read more at https://cloud.google.com/run/docs/securing/authenticating Additional troubleshooting documentation can be found at: https://cloud.google.com/run/docs/troubleshooting#unauthorized-client
2026-08-18T18:34:14.003773Z  INFO      Starting new instance. Reason: AUTOSCALING - Instance started due to configured scaling factors (e.g. CPU utilization, request throughput, etc.) or no existing capacity for current traffic.
2026-08-18T18:34:15.276990Z  INFO      Default STARTUP TCP probe succeeded after 1 attempt for container "worker" on port 8080.
=== UTC anchor (end) ===
Tue Aug 18 18:44:11 UTC 2026
=== gcloud auth list (end) ===
     Credentialed Accounts
ACTIVE  ACCOUNT
*       ilyasbazarov4@gmail.com

To set the active account, run:
    $ gcloud config set account `ACCOUNT`

